<?xml version="1.0"?>
<link_info>
   <banner>TI ARM Linker PC v15.12.3.LTS</banner>
   <copyright>Copyright (c) 1996-2015 Texas Instruments Incorporated</copyright>
   <link_time>0x58952fb7</link_time>
   <link_errors>0x0</link_errors>
   <output_file>Lab3 STVT.out</output_file>
   <entry_point>
      <name>_c_int00</name>
      <address>0x11dd</address>
   </entry_point>
   <input_file_list>
      <input_file id="fl-2">
         <path>.\</path>
         <kind>object</kind>
         <file>Lab3STVT2.obj</file>
         <name>Lab3STVT2.obj</name>
      </input_file>
      <input_file id="fl-3">
         <path>.\</path>
         <kind>object</kind>
         <file>startup_ccs.obj</file>
         <name>startup_ccs.obj</name>
      </input_file>
      <input_file id="fl-4">
         <path>.\driverlib\</path>
         <kind>object</kind>
         <file>adc.obj</file>
         <name>adc.obj</name>
      </input_file>
      <input_file id="fl-5">
         <path>.\driverlib\</path>
         <kind>object</kind>
         <file>epi_workaround_ccs.obj</file>
         <name>epi_workaround_ccs.obj</name>
      </input_file>
      <input_file id="fl-6">
         <path>.\driverlib\</path>
         <kind>object</kind>
         <file>timer.obj</file>
         <name>timer.obj</name>
      </input_file>
      <input_file id="fl-7">
         <path>.\driverlib\</path>
         <kind>object</kind>
         <file>uart.obj</file>
         <name>uart.obj</name>
      </input_file>
      <input_file id="fl-8">
         <path>.\driverlib\</path>
         <kind>object</kind>
         <file>udma.obj</file>
         <name>udma.obj</name>
      </input_file>
      <input_file id="fl-9">
         <path>.\driverlib\</path>
         <kind>object</kind>
         <file>usb.obj</file>
         <name>usb.obj</name>
      </input_file>
      <input_file id="fl-a">
         <path>.\driverlib\</path>
         <kind>object</kind>
         <file>watchdog.obj</file>
         <name>watchdog.obj</name>
      </input_file>
      <input_file id="fl-b">
         <path>.\utils\</path>
         <kind>object</kind>
         <file>uartstdio.obj</file>
         <name>uartstdio.obj</name>
      </input_file>
      <input_file id="fl-15">
         <path>..\driverlib\ccs\Debug\</path>
         <kind>archive</kind>
         <file>driverlib.lib</file>
         <name>gpio.obj</name>
      </input_file>
      <input_file id="fl-16">
         <path>..\driverlib\ccs\Debug\</path>
         <kind>archive</kind>
         <file>driverlib.lib</file>
         <name>interrupt.obj</name>
      </input_file>
      <input_file id="fl-17">
         <path>..\driverlib\ccs\Debug\</path>
         <kind>archive</kind>
         <file>driverlib.lib</file>
         <name>pwm.obj</name>
      </input_file>
      <input_file id="fl-18">
         <path>..\driverlib\ccs\Debug\</path>
         <kind>archive</kind>
         <file>driverlib.lib</file>
         <name>sysctl.obj</name>
      </input_file>
      <input_file id="fl-19">
         <path>..\driverlib\ccs\Debug\</path>
         <kind>archive</kind>
         <file>driverlib.lib</file>
         <name>cpu.obj</name>
      </input_file>
      <input_file id="fl-cf">
         <path>C:\ti\ccsv6\tools\compiler\arm_15.12.3.LTS\lib\</path>
         <kind>archive</kind>
         <file>rtsv7M4_T_le_v4SPD16_eabi.lib</file>
         <name>boot.obj</name>
      </input_file>
      <input_file id="fl-d0">
         <path>C:\ti\ccsv6\tools\compiler\arm_15.12.3.LTS\lib\</path>
         <kind>archive</kind>
         <file>rtsv7M4_T_le_v4SPD16_eabi.lib</file>
         <name>copy_decompress_none.obj</name>
      </input_file>
      <input_file id="fl-d1">
         <path>C:\ti\ccsv6\tools\compiler\arm_15.12.3.LTS\lib\</path>
         <kind>archive</kind>
         <file>rtsv7M4_T_le_v4SPD16_eabi.lib</file>
         <name>copy_decompress_rle.obj</name>
      </input_file>
      <input_file id="fl-d2">
         <path>C:\ti\ccsv6\tools\compiler\arm_15.12.3.LTS\lib\</path>
         <kind>archive</kind>
         <file>rtsv7M4_T_le_v4SPD16_eabi.lib</file>
         <name>copy_zero_init.obj</name>
      </input_file>
      <input_file id="fl-d3">
         <path>C:\ti\ccsv6\tools\compiler\arm_15.12.3.LTS\lib\</path>
         <kind>archive</kind>
         <file>rtsv7M4_T_le_v4SPD16_eabi.lib</file>
         <name>exit.obj</name>
      </input_file>
      <input_file id="fl-d4">
         <path>C:\ti\ccsv6\tools\compiler\arm_15.12.3.LTS\lib\</path>
         <kind>archive</kind>
         <file>rtsv7M4_T_le_v4SPD16_eabi.lib</file>
         <name>memcpy_t2.obj</name>
      </input_file>
      <input_file id="fl-d5">
         <path>C:\ti\ccsv6\tools\compiler\arm_15.12.3.LTS\lib\</path>
         <kind>archive</kind>
         <file>rtsv7M4_T_le_v4SPD16_eabi.lib</file>
         <name>memset_t2.obj</name>
      </input_file>
      <input_file id="fl-d6">
         <path>C:\ti\ccsv6\tools\compiler\arm_15.12.3.LTS\lib\</path>
         <kind>archive</kind>
         <file>rtsv7M4_T_le_v4SPD16_eabi.lib</file>
         <name>mpu_init.obj</name>
      </input_file>
      <input_file id="fl-d7">
         <path>C:\ti\ccsv6\tools\compiler\arm_15.12.3.LTS\lib\</path>
         <kind>archive</kind>
         <file>rtsv7M4_T_le_v4SPD16_eabi.lib</file>
         <name>pre_init.obj</name>
      </input_file>
      <input_file id="fl-d8">
         <path>C:\ti\ccsv6\tools\compiler\arm_15.12.3.LTS\lib\</path>
         <kind>archive</kind>
         <file>rtsv7M4_T_le_v4SPD16_eabi.lib</file>
         <name>stkdepth_vars.obj</name>
      </input_file>
      <input_file id="fl-d9">
         <path>C:\ti\ccsv6\tools\compiler\arm_15.12.3.LTS\lib\</path>
         <kind>archive</kind>
         <file>rtsv7M4_T_le_v4SPD16_eabi.lib</file>
         <name>u_divt2.obj</name>
      </input_file>
      <input_file id="fl-da">
         <path>C:\ti\ccsv6\tools\compiler\arm_15.12.3.LTS\lib\</path>
         <kind>archive</kind>
         <file>rtsv7M4_T_le_v4SPD16_eabi.lib</file>
         <name>_lock.obj</name>
      </input_file>
      <input_file id="fl-db">
         <path>C:\ti\ccsv6\tools\compiler\arm_15.12.3.LTS\lib\</path>
         <kind>archive</kind>
         <file>rtsv7M4_T_le_v4SPD16_eabi.lib</file>
         <name>args_main.obj</name>
      </input_file>
      <input_file id="fl-dc">
         <path>C:\ti\ccsv6\tools\compiler\arm_15.12.3.LTS\lib\</path>
         <kind>archive</kind>
         <file>rtsv7M4_T_le_v4SPD16_eabi.lib</file>
         <name>autoinit.obj</name>
      </input_file>
      <input_file id="fl-dd">
         <path>C:\ti\ccsv6\tools\compiler\arm_15.12.3.LTS\lib\</path>
         <kind>archive</kind>
         <file>rtsv7M4_T_le_v4SPD16_eabi.lib</file>
         <name>cpy_tbl.obj</name>
      </input_file>
      <input_file id="fl-de">
         <path>C:\ti\ccsv6\tools\compiler\arm_15.12.3.LTS\lib\</path>
         <kind>archive</kind>
         <file>rtsv7M4_T_le_v4SPD16_eabi.lib</file>
         <name>i_div0.obj</name>
      </input_file>
      <input_file id="fl-df">
         <path>C:\ti\ccsv6\tools\compiler\arm_15.12.3.LTS\lib\</path>
         <kind>archive</kind>
         <file>rtsv7M4_T_le_v4SPD16_eabi.lib</file>
         <name>startup.obj</name>
      </input_file>
   </input_file_list>
   <object_component_list>
      <object_component id="oc-f">
         <name>.intvecs</name>
         <load_address>0x0</load_address>
         <run_address>0x0</run_address>
         <size>0x26c</size>
         <input_file_ref idref="fl-3"/>
      </object_component>
      <object_component id="oc-f4">
         <name>.text:main</name>
         <load_address>0x26c</load_address>
         <run_address>0x26c</run_address>
         <size>0x364</size>
         <input_file_ref idref="fl-2"/>
      </object_component>
      <object_component id="oc-43">
         <name>.text:UARTIntHandler</name>
         <load_address>0x5d0</load_address>
         <run_address>0x5d0</run_address>
         <size>0x220</size>
         <input_file_ref idref="fl-2"/>
      </object_component>
      <object_component id="oc-1c5">
         <name>.text:UARTvprintf</name>
         <load_address>0x7f0</load_address>
         <run_address>0x7f0</run_address>
         <size>0x1ea</size>
         <input_file_ref idref="fl-b"/>
      </object_component>
      <object_component id="oc-37">
         <name>.text:FaultISR</name>
         <load_address>0x9da</load_address>
         <run_address>0x9da</run_address>
         <size>0x2</size>
         <input_file_ref idref="fl-3"/>
      </object_component>
      <object_component id="oc-186">
         <name>.text:st</name>
         <load_address>0x9dc</load_address>
         <run_address>0x9dc</run_address>
         <size>0x1b0</size>
         <input_file_ref idref="fl-2"/>
      </object_component>
      <object_component id="oc-1f7">
         <name>.text:GPIOPadConfigSet</name>
         <load_address>0xb8c</load_address>
         <run_address>0xb8c</run_address>
         <size>0x132</size>
         <input_file_ref idref="fl-15"/>
      </object_component>
      <object_component id="oc-3d">
         <name>.text:IntDefaultHandler</name>
         <load_address>0xcbe</load_address>
         <run_address>0xcbe</run_address>
         <size>0x2</size>
         <input_file_ref idref="fl-3"/>
      </object_component>
      <object_component id="oc-18c">
         <name>.text:adcHandler</name>
         <load_address>0xcc0</load_address>
         <run_address>0xcc0</run_address>
         <size>0xc4</size>
         <input_file_ref idref="fl-2"/>
      </object_component>
      <object_component id="oc-52">
         <name>.text</name>
         <load_address>0xd84</load_address>
         <run_address>0xd84</run_address>
         <size>0x9c</size>
         <input_file_ref idref="fl-d4"/>
      </object_component>
      <object_component id="oc-138">
         <name>.text:ADCSequenceStepConfigure</name>
         <load_address>0xe20</load_address>
         <run_address>0xe20</run_address>
         <size>0x7a</size>
         <input_file_ref idref="fl-4"/>
      </object_component>
      <object_component id="oc-6b">
         <name>.text</name>
         <load_address>0xe9a</load_address>
         <run_address>0xe9a</run_address>
         <size>0x7a</size>
         <input_file_ref idref="fl-d5"/>
      </object_component>
      <object_component id="oc-83">
         <name>.text</name>
         <load_address>0xf14</load_address>
         <run_address>0xf14</run_address>
         <size>0x70</size>
         <input_file_ref idref="fl-dc"/>
      </object_component>
      <object_component id="oc-5e">
         <name>.text</name>
         <load_address>0xf84</load_address>
         <run_address>0xf84</run_address>
         <size>0x6a</size>
         <input_file_ref idref="fl-d1"/>
      </object_component>
      <object_component id="oc-31">
         <name>.text:NmiSR</name>
         <load_address>0xfee</load_address>
         <run_address>0xfee</run_address>
         <size>0x2</size>
         <input_file_ref idref="fl-3"/>
      </object_component>
      <object_component id="oc-1e3">
         <name>.text:IntEnable</name>
         <load_address>0xff0</load_address>
         <run_address>0xff0</run_address>
         <size>0x68</size>
         <input_file_ref idref="fl-16"/>
      </object_component>
      <object_component id="oc-49">
         <name>.text:Timer0IntHandler</name>
         <load_address>0x1058</load_address>
         <run_address>0x1058</run_address>
         <size>0x68</size>
         <input_file_ref idref="fl-2"/>
      </object_component>
      <object_component id="oc-120">
         <name>.text:ConfigureUART</name>
         <load_address>0x10c0</load_address>
         <run_address>0x10c0</run_address>
         <size>0x64</size>
         <input_file_ref idref="fl-2"/>
      </object_component>
      <object_component id="oc-1be">
         <name>.text:UARTStdioConfig</name>
         <load_address>0x1124</load_address>
         <run_address>0x1124</run_address>
         <size>0x60</size>
         <input_file_ref idref="fl-b"/>
      </object_component>
      <object_component id="oc-132">
         <name>.text:ADCSequenceConfigure</name>
         <load_address>0x1184</load_address>
         <run_address>0x1184</run_address>
         <size>0x58</size>
         <input_file_ref idref="fl-4"/>
      </object_component>
      <object_component id="oc-24">
         <name>.text</name>
         <load_address>0x11dc</load_address>
         <run_address>0x11dc</run_address>
         <size>0x54</size>
         <input_file_ref idref="fl-cf"/>
      </object_component>
      <object_component id="oc-8f">
         <name>.text</name>
         <load_address>0x1230</load_address>
         <run_address>0x1230</run_address>
         <size>0x54</size>
         <input_file_ref idref="fl-d3"/>
      </object_component>
      <object_component id="oc-1d7">
         <name>.text:_ADCIntNumberGet</name>
         <load_address>0x1284</load_address>
         <run_address>0x1284</run_address>
         <size>0x50</size>
         <input_file_ref idref="fl-4"/>
      </object_component>
      <object_component id="oc-e6">
         <name>.text</name>
         <load_address>0x12d4</load_address>
         <run_address>0x12d4</run_address>
         <size>0x4c</size>
         <input_file_ref idref="fl-dd"/>
      </object_component>
      <object_component id="oc-15c">
         <name>.text:GPIOPinConfigure</name>
         <load_address>0x1320</load_address>
         <run_address>0x1320</run_address>
         <size>0x48</size>
         <input_file_ref idref="fl-15"/>
      </object_component>
      <object_component id="oc-223">
         <name>.text:UARTwrite</name>
         <load_address>0x1368</load_address>
         <run_address>0x1368</run_address>
         <size>0x48</size>
         <input_file_ref idref="fl-b"/>
      </object_component>
      <object_component id="oc-229">
         <name>.text</name>
         <load_address>0x13b0</load_address>
         <run_address>0x13b0</run_address>
         <size>0x40</size>
         <input_file_ref idref="fl-d9"/>
      </object_component>
      <object_component id="oc-1dd">
         <name>.text:IntRegister</name>
         <load_address>0x13f0</load_address>
         <run_address>0x13f0</run_address>
         <size>0x34</size>
         <input_file_ref idref="fl-16"/>
      </object_component>
      <object_component id="oc-12c">
         <name>.text:SysCtlPeripheralEnable</name>
         <load_address>0x1424</load_address>
         <run_address>0x1424</run_address>
         <size>0x34</size>
         <input_file_ref idref="fl-18"/>
      </object_component>
      <object_component id="oc-1f1">
         <name>.text:GPIODirModeSet</name>
         <load_address>0x1458</load_address>
         <run_address>0x1458</run_address>
         <size>0x2a</size>
         <input_file_ref idref="fl-15"/>
      </object_component>
      <object_component id="oc-252">
         <name>.text</name>
         <load_address>0x1482</load_address>
         <run_address>0x1482</run_address>
         <size>0x2</size>
         <input_file_ref idref="fl-de"/>
      </object_component>
      <object_component id="oc-180">
         <name>.text:UARTSend</name>
         <load_address>0x1484</load_address>
         <run_address>0x1484</run_address>
         <size>0x24</size>
         <input_file_ref idref="fl-2"/>
      </object_component>
      <object_component id="oc-168">
         <name>.text:PWMGenConfigure</name>
         <load_address>0x14a8</load_address>
         <run_address>0x14a8</run_address>
         <size>0x22</size>
         <input_file_ref idref="fl-17"/>
      </object_component>
      <object_component id="oc-207">
         <name>.text:ADCSequenceDataGet</name>
         <load_address>0x14ca</load_address>
         <run_address>0x14ca</run_address>
         <size>0x1e</size>
         <input_file_ref idref="fl-4"/>
      </object_component>
      <object_component id="oc-a3">
         <name>.text:PWMPulseWidthSet</name>
         <load_address>0x14e8</load_address>
         <run_address>0x14e8</run_address>
         <size>0x1e</size>
         <input_file_ref idref="fl-17"/>
      </object_component>
      <object_component id="oc-126">
         <name>.text:UARTprintf</name>
         <load_address>0x1506</load_address>
         <run_address>0x1506</run_address>
         <size>0x1a</size>
         <input_file_ref idref="fl-b"/>
      </object_component>
      <object_component id="oc-144">
         <name>.text:ADCIntRegister</name>
         <load_address>0x1520</load_address>
         <run_address>0x1520</run_address>
         <size>0x18</size>
         <input_file_ref idref="fl-4"/>
      </object_component>
      <object_component id="oc-c0">
         <name>.text:ADCProcessorTrigger</name>
         <load_address>0x1538</load_address>
         <run_address>0x1538</run_address>
         <size>0x18</size>
         <input_file_ref idref="fl-4"/>
      </object_component>
      <object_component id="oc-89">
         <name>.text</name>
         <load_address>0x1550</load_address>
         <run_address>0x1550</run_address>
         <size>0x18</size>
         <input_file_ref idref="fl-db"/>
      </object_component>
      <object_component id="oc-156">
         <name>.text:SysCtlPWMClockSet</name>
         <load_address>0x1568</load_address>
         <run_address>0x1568</run_address>
         <size>0x14</size>
         <input_file_ref idref="fl-18"/>
      </object_component>
      <object_component id="oc-19f">
         <name>.text</name>
         <load_address>0x157c</load_address>
         <run_address>0x157c</run_address>
         <size>0x14</size>
         <input_file_ref idref="fl-da"/>
      </object_component>
      <object_component id="oc-162">
         <name>.text:GPIOPinTypePWM</name>
         <load_address>0x1590</load_address>
         <run_address>0x1590</run_address>
         <size>0x12</size>
         <input_file_ref idref="fl-15"/>
      </object_component>
      <object_component id="oc-a9">
         <name>.text:PWMGenPeriodGet</name>
         <load_address>0x15a2</load_address>
         <run_address>0x15a2</run_address>
         <size>0x12</size>
         <input_file_ref idref="fl-17"/>
      </object_component>
      <object_component id="oc-174">
         <name>.text:PWMOutputState</name>
         <load_address>0x15b4</load_address>
         <run_address>0x15b4</run_address>
         <size>0x12</size>
         <input_file_ref idref="fl-17"/>
      </object_component>
      <object_component id="oc-14a">
         <name>.text:ADCIntEnable</name>
         <load_address>0x15c6</load_address>
         <run_address>0x15c6</run_address>
         <size>0x10</size>
         <input_file_ref idref="fl-4"/>
      </object_component>
      <object_component id="oc-16e">
         <name>.text:PWMGenPeriodSet</name>
         <load_address>0x15d6</load_address>
         <run_address>0x15d6</run_address>
         <size>0x10</size>
         <input_file_ref idref="fl-17"/>
      </object_component>
      <object_component id="oc-13e">
         <name>.text:ADCSequenceEnable</name>
         <load_address>0x15e6</load_address>
         <run_address>0x15e6</run_address>
         <size>0xe</size>
         <input_file_ref idref="fl-4"/>
      </object_component>
      <object_component id="oc-12">
         <name>.text:decompress:none</name>
         <load_address>0x15f4</load_address>
         <run_address>0x15f4</run_address>
         <size>0xe</size>
         <input_file_ref idref="fl-d0"/>
      </object_component>
      <object_component id="oc-17a">
         <name>.text:PWMGenEnable</name>
         <load_address>0x1602</load_address>
         <run_address>0x1602</run_address>
         <size>0xc</size>
         <input_file_ref idref="fl-17"/>
      </object_component>
      <object_component id="oc-150">
         <name>.text:ADCIntClear</name>
         <load_address>0x160e</load_address>
         <run_address>0x160e</run_address>
         <size>0xa</size>
         <input_file_ref idref="fl-4"/>
      </object_component>
      <object_component id="oc-af">
         <name>.text:GPIOPinRead</name>
         <load_address>0x1618</load_address>
         <run_address>0x1618</run_address>
         <size>0x6</size>
         <input_file_ref idref="fl-15"/>
      </object_component>
      <object_component id="oc-9d">
         <name>.text:GPIOPinWrite</name>
         <load_address>0x161e</load_address>
         <run_address>0x161e</run_address>
         <size>0x6</size>
         <input_file_ref idref="fl-15"/>
      </object_component>
      <object_component id="oc-2b">
         <name>.text:ResetISR</name>
         <load_address>0x1624</load_address>
         <run_address>0x1624</run_address>
         <size>0x6</size>
         <input_file_ref idref="fl-3"/>
      </object_component>
      <object_component id="oc-1b8">
         <name>.text:UARTClockSourceSet</name>
         <load_address>0x162a</load_address>
         <run_address>0x162a</run_address>
         <size>0x6</size>
         <input_file_ref idref="fl-7"/>
      </object_component>
      <object_component id="oc-18">
         <name>.text:decompress:rle24</name>
         <load_address>0x1630</load_address>
         <run_address>0x1630</run_address>
         <size>0x6</size>
         <input_file_ref idref="fl-d1"/>
      </object_component>
      <object_component id="oc-7d">
         <name>.text</name>
         <load_address>0x1636</load_address>
         <run_address>0x1636</run_address>
         <size>0x4</size>
         <input_file_ref idref="fl-d7"/>
      </object_component>
      <object_component id="oc-77">
         <name>.text</name>
         <load_address>0x163a</load_address>
         <run_address>0x163a</run_address>
         <size>0x2</size>
         <input_file_ref idref="fl-d6"/>
      </object_component>
      <object_component id="oc-ec">
         <name>.text</name>
         <load_address>0x163c</load_address>
         <run_address>0x163c</run_address>
         <size>0x2</size>
         <input_file_ref idref="fl-df"/>
      </object_component>
      <object_component id="oc-1ed">
         <name>.const:g_pui32GPIOBaseAddrs</name>
         <load_address>0x1640</load_address>
         <run_address>0x1640</run_address>
         <size>0x90</size>
         <input_file_ref idref="fl-15"/>
      </object_component>
      <object_component id="oc-23e">
         <name>.const</name>
         <load_address>0x16d0</load_address>
         <run_address>0x16d0</run_address>
         <size>0x70</size>
         <input_file_ref idref="fl-16"/>
      </object_component>
      <object_component id="oc-219">
         <name>.const:g_ui32UARTBase</name>
         <load_address>0x1740</load_address>
         <run_address>0x1740</run_address>
         <size>0xc</size>
         <input_file_ref idref="fl-b"/>
      </object_component>
      <object_component id="oc-216">
         <name>.const:g_ui32UARTPeriph</name>
         <load_address>0x174c</load_address>
         <run_address>0x174c</run_address>
         <size>0xc</size>
         <input_file_ref idref="fl-b"/>
      </object_component>
      <object_component id="oc-282">
         <name>.cinit..data.load</name>
         <load_address>0x1758</load_address>
         <run_address>0x1758</run_address>
         <size>0x25</size>
      </object_component>
      <object_component id="oc-283">
         <name>.cinit..bss.load</name>
         <load_address>0x1780</load_address>
         <run_address>0x1780</run_address>
         <size>0xb</size>
      </object_component>
      <object_component id="oc-281">
         <name>.cinit..vtable.load</name>
         <load_address>0x1790</load_address>
         <run_address>0x1790</run_address>
         <size>0xb</size>
      </object_component>
      <object_component id="oc-27f">
         <name>__TI_handler_table</name>
         <load_address>0x179c</load_address>
         <run_address>0x179c</run_address>
         <size>0x8</size>
      </object_component>
      <object_component id="oc-280">
         <name>__TI_cinit_table</name>
         <load_address>0x17a4</load_address>
         <run_address>0x17a4</run_address>
         <size>0x18</size>
      </object_component>
      <object_component id="oc-239">
         <name>.vtable</name>
         <uninitialized>true</uninitialized>
         <run_address>0x20000000</run_address>
         <size>0x26c</size>
         <input_file_ref idref="fl-16"/>
      </object_component>
      <object_component id="oc-192">
         <name>.data</name>
         <load_address>0x20001280</load_address>
         <run_address>0x20001280</run_address>
         <size>0x3c</size>
         <input_file_ref idref="fl-2"/>
      </object_component>
      <object_component id="oc-21c">
         <name>.data</name>
         <load_address>0x200012d0</load_address>
         <run_address>0x200012d0</run_address>
         <size>0x5</size>
         <input_file_ref idref="fl-b"/>
      </object_component>
      <object_component id="oc-fc">
         <name>.data:$O1$$</name>
         <load_address>0x200012bc</load_address>
         <run_address>0x200012bc</run_address>
         <size>0xc</size>
         <input_file_ref idref="fl-d3"/>
      </object_component>
      <object_component id="oc-95">
         <name>.data</name>
         <load_address>0x200012d8</load_address>
         <run_address>0x200012d8</run_address>
         <size>0x4</size>
         <input_file_ref idref="fl-d8"/>
      </object_component>
      <object_component id="oc-ff">
         <name>.data:$O1$$</name>
         <load_address>0x200012c8</load_address>
         <run_address>0x200012c8</run_address>
         <size>0x8</size>
         <input_file_ref idref="fl-da"/>
      </object_component>
      <object_component id="oc-20d">
         <name>.common:pui32ADC0Value</name>
         <uninitialized>true</uninitialized>
         <run_address>0x20000674</run_address>
         <size>0x204</size>
      </object_component>
      <object_component id="oc-205">
         <name>.common:pingBuffer</name>
         <uninitialized>true</uninitialized>
         <run_address>0x2000026c</run_address>
         <size>0x204</size>
      </object_component>
      <object_component id="oc-204">
         <name>.common:pongBuffer</name>
         <uninitialized>true</uninitialized>
         <run_address>0x20000470</run_address>
         <size>0x204</size>
      </object_component>
      <object_component id="oc-203">
         <name>.common:slope</name>
         <uninitialized>true</uninitialized>
         <run_address>0x20000878</run_address>
         <size>0x204</size>
      </object_component>
      <object_component id="oc-c6">
         <name>.common:clk_counter</name>
         <uninitialized>true</uninitialized>
         <run_address>0x20000a7c</run_address>
         <size>0x4</size>
      </object_component>
      <object_component id="oc-2a">
         <name>.stack</name>
         <uninitialized>true</uninitialized>
         <run_address>0x20000a80</run_address>
         <size>0x0</size>
         <input_file_ref idref="fl-cf"/>
      </object_component>
      <object_component id="oc-284">
         <name>.stack</name>
         <uninitialized>true</uninitialized>
         <run_address>0x20000a80</run_address>
         <size>0x0</size>
      </object_component>
      <object_component id="oc-c7">
         <name>.debug_info</name>
         <load_address>0x0</load_address>
         <run_address>0x0</run_address>
         <size>0x744</size>
         <input_file_ref idref="fl-2"/>
      </object_component>
      <object_component id="oc-193">
         <name>.debug_info</name>
         <load_address>0x744</load_address>
         <run_address>0x744</run_address>
         <size>0x26b</size>
         <input_file_ref idref="fl-2"/>
      </object_component>
      <object_component id="oc-187">
         <name>.debug_info</name>
         <load_address>0x9af</load_address>
         <run_address>0x9af</run_address>
         <size>0x174</size>
         <input_file_ref idref="fl-2"/>
      </object_component>
      <object_component id="oc-18d">
         <name>.debug_info</name>
         <load_address>0xb23</load_address>
         <run_address>0xb23</run_address>
         <size>0x18f</size>
         <input_file_ref idref="fl-2"/>
      </object_component>
      <object_component id="oc-121">
         <name>.debug_info</name>
         <load_address>0xcb2</load_address>
         <run_address>0xcb2</run_address>
         <size>0x16c</size>
         <input_file_ref idref="fl-2"/>
      </object_component>
      <object_component id="oc-182">
         <name>.debug_info</name>
         <load_address>0xe1e</load_address>
         <run_address>0xe1e</run_address>
         <size>0x16a</size>
         <input_file_ref idref="fl-2"/>
      </object_component>
      <object_component id="oc-f6">
         <name>.debug_info</name>
         <load_address>0xf88</load_address>
         <run_address>0xf88</run_address>
         <size>0x4e2</size>
         <input_file_ref idref="fl-2"/>
      </object_component>
      <object_component id="oc-44">
         <name>.debug_info</name>
         <load_address>0x146a</load_address>
         <run_address>0x146a</run_address>
         <size>0x3a8</size>
         <input_file_ref idref="fl-2"/>
      </object_component>
      <object_component id="oc-4b">
         <name>.debug_info</name>
         <load_address>0x1812</load_address>
         <run_address>0x1812</run_address>
         <size>0x19d</size>
         <input_file_ref idref="fl-2"/>
      </object_component>
      <object_component id="oc-b6">
         <name>.debug_info</name>
         <load_address>0x19af</load_address>
         <run_address>0x19af</run_address>
         <size>0x8b</size>
         <input_file_ref idref="fl-2"/>
      </object_component>
      <object_component id="oc-bb">
         <name>.debug_info</name>
         <load_address>0x1a3a</load_address>
         <run_address>0x1a3a</run_address>
         <size>0x18b</size>
         <input_file_ref idref="fl-2"/>
      </object_component>
      <object_component id="oc-1cd">
         <name>.debug_info</name>
         <load_address>0x1bc5</load_address>
         <run_address>0x1bc5</run_address>
         <size>0x4e</size>
         <input_file_ref idref="fl-2"/>
      </object_component>
      <object_component id="oc-51">
         <name>.debug_info</name>
         <load_address>0x1c13</load_address>
         <run_address>0x1c13</run_address>
         <size>0x144</size>
         <input_file_ref idref="fl-3"/>
      </object_component>
      <object_component id="oc-10">
         <name>.debug_info</name>
         <load_address>0x1d57</load_address>
         <run_address>0x1d57</run_address>
         <size>0xe3</size>
         <input_file_ref idref="fl-3"/>
      </object_component>
      <object_component id="oc-2c">
         <name>.debug_info</name>
         <load_address>0x1e3a</load_address>
         <run_address>0x1e3a</run_address>
         <size>0x113</size>
         <input_file_ref idref="fl-3"/>
      </object_component>
      <object_component id="oc-34">
         <name>.debug_info</name>
         <load_address>0x1f4d</load_address>
         <run_address>0x1f4d</run_address>
         <size>0x104</size>
         <input_file_ref idref="fl-3"/>
      </object_component>
      <object_component id="oc-3e">
         <name>.debug_info</name>
         <load_address>0x2051</load_address>
         <run_address>0x2051</run_address>
         <size>0x11c</size>
         <input_file_ref idref="fl-3"/>
      </object_component>
      <object_component id="oc-38">
         <name>.debug_info</name>
         <load_address>0x216d</load_address>
         <run_address>0x216d</run_address>
         <size>0x10a</size>
         <input_file_ref idref="fl-3"/>
      </object_component>
      <object_component id="oc-d4">
         <name>.debug_info</name>
         <load_address>0x2277</load_address>
         <run_address>0x2277</run_address>
         <size>0x84</size>
         <input_file_ref idref="fl-3"/>
      </object_component>
      <object_component id="oc-10e">
         <name>.debug_info</name>
         <load_address>0x22fb</load_address>
         <run_address>0x22fb</run_address>
         <size>0x18f</size>
         <input_file_ref idref="fl-4"/>
      </object_component>
      <object_component id="oc-139">
         <name>.debug_info</name>
         <load_address>0x248a</load_address>
         <run_address>0x248a</run_address>
         <size>0x241</size>
         <input_file_ref idref="fl-4"/>
      </object_component>
      <object_component id="oc-13f">
         <name>.debug_info</name>
         <load_address>0x26cb</load_address>
         <run_address>0x26cb</run_address>
         <size>0x1ae</size>
         <input_file_ref idref="fl-4"/>
      </object_component>
      <object_component id="oc-208">
         <name>.debug_info</name>
         <load_address>0x2879</load_address>
         <run_address>0x2879</run_address>
         <size>0x20d</size>
         <input_file_ref idref="fl-4"/>
      </object_component>
      <object_component id="oc-133">
         <name>.debug_info</name>
         <load_address>0x2a86</load_address>
         <run_address>0x2a86</run_address>
         <size>0x234</size>
         <input_file_ref idref="fl-4"/>
      </object_component>
      <object_component id="oc-c1">
         <name>.debug_info</name>
         <load_address>0x2cba</load_address>
         <run_address>0x2cba</run_address>
         <size>0x1b2</size>
         <input_file_ref idref="fl-4"/>
      </object_component>
      <object_component id="oc-1d8">
         <name>.debug_info</name>
         <load_address>0x2e6c</load_address>
         <run_address>0x2e6c</run_address>
         <size>0x1cd</size>
         <input_file_ref idref="fl-4"/>
      </object_component>
      <object_component id="oc-145">
         <name>.debug_info</name>
         <load_address>0x3039</load_address>
         <run_address>0x3039</run_address>
         <size>0x1ed</size>
         <input_file_ref idref="fl-4"/>
      </object_component>
      <object_component id="oc-14b">
         <name>.debug_info</name>
         <load_address>0x3226</load_address>
         <run_address>0x3226</run_address>
         <size>0x1a4</size>
         <input_file_ref idref="fl-4"/>
      </object_component>
      <object_component id="oc-151">
         <name>.debug_info</name>
         <load_address>0x33ca</load_address>
         <run_address>0x33ca</run_address>
         <size>0x1a2</size>
         <input_file_ref idref="fl-4"/>
      </object_component>
      <object_component id="oc-215">
         <name>.debug_info</name>
         <load_address>0x356c</load_address>
         <run_address>0x356c</run_address>
         <size>0x1b5</size>
         <input_file_ref idref="fl-7"/>
      </object_component>
      <object_component id="oc-1bb">
         <name>.debug_info</name>
         <load_address>0x3721</load_address>
         <run_address>0x3721</run_address>
         <size>0x19f</size>
         <input_file_ref idref="fl-7"/>
      </object_component>
      <object_component id="oc-1cc">
         <name>.debug_info</name>
         <load_address>0x38c0</load_address>
         <run_address>0x38c0</run_address>
         <size>0xfb</size>
         <input_file_ref idref="fl-b"/>
      </object_component>
      <object_component id="oc-21d">
         <name>.debug_info</name>
         <load_address>0x39bb</load_address>
         <run_address>0x39bb</run_address>
         <size>0xe2</size>
         <input_file_ref idref="fl-b"/>
      </object_component>
      <object_component id="oc-21a">
         <name>.debug_info</name>
         <load_address>0x3a9d</load_address>
         <run_address>0x3a9d</run_address>
         <size>0xea</size>
         <input_file_ref idref="fl-b"/>
      </object_component>
      <object_component id="oc-217">
         <name>.debug_info</name>
         <load_address>0x3b87</load_address>
         <run_address>0x3b87</run_address>
         <size>0xee</size>
         <input_file_ref idref="fl-b"/>
      </object_component>
      <object_component id="oc-224">
         <name>.debug_info</name>
         <load_address>0x3c75</load_address>
         <run_address>0x3c75</run_address>
         <size>0x19b</size>
         <input_file_ref idref="fl-b"/>
      </object_component>
      <object_component id="oc-1c6">
         <name>.debug_info</name>
         <load_address>0x3e10</load_address>
         <run_address>0x3e10</run_address>
         <size>0x2cd</size>
         <input_file_ref idref="fl-b"/>
      </object_component>
      <object_component id="oc-128">
         <name>.debug_info</name>
         <load_address>0x40dd</load_address>
         <run_address>0x40dd</run_address>
         <size>0x168</size>
         <input_file_ref idref="fl-b"/>
      </object_component>
      <object_component id="oc-21f">
         <name>.debug_info</name>
         <load_address>0x4245</load_address>
         <run_address>0x4245</run_address>
         <size>0x1e6</size>
         <input_file_ref idref="fl-b"/>
      </object_component>
      <object_component id="oc-1c1">
         <name>.debug_info</name>
         <load_address>0x442b</load_address>
         <run_address>0x442b</run_address>
         <size>0x1fe</size>
         <input_file_ref idref="fl-b"/>
      </object_component>
      <object_component id="oc-108">
         <name>.debug_info</name>
         <load_address>0x4629</load_address>
         <run_address>0x4629</run_address>
         <size>0x230</size>
         <input_file_ref idref="fl-15"/>
      </object_component>
      <object_component id="oc-1ee">
         <name>.debug_info</name>
         <load_address>0x4859</load_address>
         <run_address>0x4859</run_address>
         <size>0x15b</size>
         <input_file_ref idref="fl-15"/>
      </object_component>
      <object_component id="oc-9e">
         <name>.debug_info</name>
         <load_address>0x49b4</load_address>
         <run_address>0x49b4</run_address>
         <size>0x2a3</size>
         <input_file_ref idref="fl-15"/>
      </object_component>
      <object_component id="oc-1f2">
         <name>.debug_info</name>
         <load_address>0x4c57</load_address>
         <run_address>0x4c57</run_address>
         <size>0x2b3</size>
         <input_file_ref idref="fl-15"/>
      </object_component>
      <object_component id="oc-1f8">
         <name>.debug_info</name>
         <load_address>0x4f0a</load_address>
         <run_address>0x4f0a</run_address>
         <size>0x316</size>
         <input_file_ref idref="fl-15"/>
      </object_component>
      <object_component id="oc-163">
         <name>.debug_info</name>
         <load_address>0x5220</load_address>
         <run_address>0x5220</run_address>
         <size>0x279</size>
         <input_file_ref idref="fl-15"/>
      </object_component>
      <object_component id="oc-b1">
         <name>.debug_info</name>
         <load_address>0x5499</load_address>
         <run_address>0x5499</run_address>
         <size>0x27b</size>
         <input_file_ref idref="fl-15"/>
      </object_component>
      <object_component id="oc-15e">
         <name>.debug_info</name>
         <load_address>0x5714</load_address>
         <run_address>0x5714</run_address>
         <size>0x280</size>
         <input_file_ref idref="fl-15"/>
      </object_component>
      <object_component id="oc-23d">
         <name>.debug_info</name>
         <load_address>0x5994</load_address>
         <run_address>0x5994</run_address>
         <size>0x20e</size>
         <input_file_ref idref="fl-16"/>
      </object_component>
      <object_component id="oc-23f">
         <name>.debug_info</name>
         <load_address>0x5ba2</load_address>
         <run_address>0x5ba2</run_address>
         <size>0x210</size>
         <input_file_ref idref="fl-16"/>
      </object_component>
      <object_component id="oc-23a">
         <name>.debug_info</name>
         <load_address>0x5db2</load_address>
         <run_address>0x5db2</run_address>
         <size>0x157</size>
         <input_file_ref idref="fl-16"/>
      </object_component>
      <object_component id="oc-1e1">
         <name>.debug_info</name>
         <load_address>0x5f09</load_address>
         <run_address>0x5f09</run_address>
         <size>0x2c1</size>
         <input_file_ref idref="fl-16"/>
      </object_component>
      <object_component id="oc-1e7">
         <name>.debug_info</name>
         <load_address>0x61ca</load_address>
         <run_address>0x61ca</run_address>
         <size>0x268</size>
         <input_file_ref idref="fl-16"/>
      </object_component>
      <object_component id="oc-10a">
         <name>.debug_info</name>
         <load_address>0x6432</load_address>
         <run_address>0x6432</run_address>
         <size>0x1ed</size>
         <input_file_ref idref="fl-17"/>
      </object_component>
      <object_component id="oc-a4">
         <name>.debug_info</name>
         <load_address>0x661f</load_address>
         <run_address>0x661f</run_address>
         <size>0x2f6</size>
         <input_file_ref idref="fl-17"/>
      </object_component>
      <object_component id="oc-175">
         <name>.debug_info</name>
         <load_address>0x6915</load_address>
         <run_address>0x6915</run_address>
         <size>0x2c4</size>
         <input_file_ref idref="fl-17"/>
      </object_component>
      <object_component id="oc-16f">
         <name>.debug_info</name>
         <load_address>0x6bd9</load_address>
         <run_address>0x6bd9</run_address>
         <size>0x2b6</size>
         <input_file_ref idref="fl-17"/>
      </object_component>
      <object_component id="oc-aa">
         <name>.debug_info</name>
         <load_address>0x6e8f</load_address>
         <run_address>0x6e8f</run_address>
         <size>0x280</size>
         <input_file_ref idref="fl-17"/>
      </object_component>
      <object_component id="oc-17b">
         <name>.debug_info</name>
         <load_address>0x710f</load_address>
         <run_address>0x710f</run_address>
         <size>0x276</size>
         <input_file_ref idref="fl-17"/>
      </object_component>
      <object_component id="oc-169">
         <name>.debug_info</name>
         <load_address>0x7385</load_address>
         <run_address>0x7385</run_address>
         <size>0x2b3</size>
         <input_file_ref idref="fl-17"/>
      </object_component>
      <object_component id="oc-1d3">
         <name>.debug_info</name>
         <load_address>0x7638</load_address>
         <run_address>0x7638</run_address>
         <size>0x298</size>
         <input_file_ref idref="fl-18"/>
      </object_component>
      <object_component id="oc-12e">
         <name>.debug_info</name>
         <load_address>0x78d0</load_address>
         <run_address>0x78d0</run_address>
         <size>0x27d</size>
         <input_file_ref idref="fl-18"/>
      </object_component>
      <object_component id="oc-158">
         <name>.debug_info</name>
         <load_address>0x7b4d</load_address>
         <run_address>0x7b4d</run_address>
         <size>0x263</size>
         <input_file_ref idref="fl-18"/>
      </object_component>
      <object_component id="oc-233">
         <name>.debug_info</name>
         <load_address>0x7db0</load_address>
         <run_address>0x7db0</run_address>
         <size>0x5f</size>
         <input_file_ref idref="fl-18"/>
      </object_component>
      <object_component id="oc-26">
         <name>.debug_info</name>
         <load_address>0x7e0f</load_address>
         <run_address>0x7e0f</run_address>
         <size>0x161</size>
         <input_file_ref idref="fl-cf"/>
      </object_component>
      <object_component id="oc-5d">
         <name>.debug_info</name>
         <load_address>0x7f70</load_address>
         <run_address>0x7f70</run_address>
         <size>0x141</size>
         <input_file_ref idref="fl-d0"/>
      </object_component>
      <object_component id="oc-15">
         <name>.debug_info</name>
         <load_address>0x80b1</load_address>
         <run_address>0x80b1</run_address>
         <size>0x1e0</size>
         <input_file_ref idref="fl-d0"/>
      </object_component>
      <object_component id="oc-58">
         <name>.debug_info</name>
         <load_address>0x8291</load_address>
         <run_address>0x8291</run_address>
         <size>0x46</size>
         <input_file_ref idref="fl-d0"/>
      </object_component>
      <object_component id="oc-cd">
         <name>.debug_info</name>
         <load_address>0x82d7</load_address>
         <run_address>0x82d7</run_address>
         <size>0x2c</size>
         <input_file_ref idref="fl-d0"/>
      </object_component>
      <object_component id="oc-65">
         <name>.debug_info</name>
         <load_address>0x8303</load_address>
         <run_address>0x8303</run_address>
         <size>0x135</size>
         <input_file_ref idref="fl-d1"/>
      </object_component>
      <object_component id="oc-60">
         <name>.debug_info</name>
         <load_address>0x8438</load_address>
         <run_address>0x8438</run_address>
         <size>0x248</size>
         <input_file_ref idref="fl-d1"/>
      </object_component>
      <object_component id="oc-1a">
         <name>.debug_info</name>
         <load_address>0x8680</load_address>
         <run_address>0x8680</run_address>
         <size>0x1b2</size>
         <input_file_ref idref="fl-d1"/>
      </object_component>
      <object_component id="oc-66">
         <name>.debug_info</name>
         <load_address>0x8832</load_address>
         <run_address>0x8832</run_address>
         <size>0x39</size>
         <input_file_ref idref="fl-d1"/>
      </object_component>
      <object_component id="oc-dc">
         <name>.debug_info</name>
         <load_address>0x886b</load_address>
         <run_address>0x886b</run_address>
         <size>0x2c</size>
         <input_file_ref idref="fl-d1"/>
      </object_component>
      <object_component id="oc-103">
         <name>.debug_info</name>
         <load_address>0x8897</load_address>
         <run_address>0x8897</run_address>
         <size>0x235</size>
         <input_file_ref idref="fl-d3"/>
      </object_component>
      <object_component id="oc-fd">
         <name>.debug_info</name>
         <load_address>0x8acc</load_address>
         <run_address>0x8acc</run_address>
         <size>0x186</size>
         <input_file_ref idref="fl-d3"/>
      </object_component>
      <object_component id="oc-91">
         <name>.debug_info</name>
         <load_address>0x8c52</load_address>
         <run_address>0x8c52</run_address>
         <size>0x215</size>
         <input_file_ref idref="fl-d3"/>
      </object_component>
      <object_component id="oc-53">
         <name>.debug_info</name>
         <load_address>0x8e67</load_address>
         <run_address>0x8e67</run_address>
         <size>0x112</size>
         <input_file_ref idref="fl-d4"/>
      </object_component>
      <object_component id="oc-6c">
         <name>.debug_info</name>
         <load_address>0x8f79</load_address>
         <run_address>0x8f79</run_address>
         <size>0x140</size>
         <input_file_ref idref="fl-d5"/>
      </object_component>
      <object_component id="oc-79">
         <name>.debug_info</name>
         <load_address>0x90b9</load_address>
         <run_address>0x90b9</run_address>
         <size>0x139</size>
         <input_file_ref idref="fl-d6"/>
      </object_component>
      <object_component id="oc-7e">
         <name>.debug_info</name>
         <load_address>0x91f2</load_address>
         <run_address>0x91f2</run_address>
         <size>0x149</size>
         <input_file_ref idref="fl-d7"/>
      </object_component>
      <object_component id="oc-96">
         <name>.debug_info</name>
         <load_address>0x933b</load_address>
         <run_address>0x933b</run_address>
         <size>0x10a</size>
         <input_file_ref idref="fl-d8"/>
      </object_component>
      <object_component id="oc-22b">
         <name>.debug_info</name>
         <load_address>0x9445</load_address>
         <run_address>0x9445</run_address>
         <size>0x13b</size>
         <input_file_ref idref="fl-d9"/>
      </object_component>
      <object_component id="oc-1a7">
         <name>.debug_info</name>
         <load_address>0x9580</load_address>
         <run_address>0x9580</run_address>
         <size>0x125</size>
         <input_file_ref idref="fl-da"/>
      </object_component>
      <object_component id="oc-100">
         <name>.debug_info</name>
         <load_address>0x96a5</load_address>
         <run_address>0x96a5</run_address>
         <size>0x114</size>
         <input_file_ref idref="fl-da"/>
      </object_component>
      <object_component id="oc-1a2">
         <name>.debug_info</name>
         <load_address>0x97b9</load_address>
         <run_address>0x97b9</run_address>
         <size>0x220</size>
         <input_file_ref idref="fl-da"/>
      </object_component>
      <object_component id="oc-fb">
         <name>.debug_info</name>
         <load_address>0x99d9</load_address>
         <run_address>0x99d9</run_address>
         <size>0x167</size>
         <input_file_ref idref="fl-db"/>
      </object_component>
      <object_component id="oc-8a">
         <name>.debug_info</name>
         <load_address>0x9b40</load_address>
         <run_address>0x9b40</run_address>
         <size>0x168</size>
         <input_file_ref idref="fl-db"/>
      </object_component>
      <object_component id="oc-198">
         <name>.debug_info</name>
         <load_address>0x9ca8</load_address>
         <run_address>0x9ca8</run_address>
         <size>0x5e</size>
         <input_file_ref idref="fl-db"/>
      </object_component>
      <object_component id="oc-f3">
         <name>.debug_info</name>
         <load_address>0x9d06</load_address>
         <run_address>0x9d06</run_address>
         <size>0x2ea</size>
         <input_file_ref idref="fl-dc"/>
      </object_component>
      <object_component id="oc-85">
         <name>.debug_info</name>
         <load_address>0x9ff0</load_address>
         <run_address>0x9ff0</run_address>
         <size>0x191</size>
         <input_file_ref idref="fl-dc"/>
      </object_component>
      <object_component id="oc-116">
         <name>.debug_info</name>
         <load_address>0xa181</load_address>
         <run_address>0xa181</run_address>
         <size>0x39</size>
         <input_file_ref idref="fl-dc"/>
      </object_component>
      <object_component id="oc-11b">
         <name>.debug_info</name>
         <load_address>0xa1ba</load_address>
         <run_address>0xa1ba</run_address>
         <size>0xcd</size>
         <input_file_ref idref="fl-dc"/>
      </object_component>
      <object_component id="oc-112">
         <name>.debug_info</name>
         <load_address>0xa287</load_address>
         <run_address>0xa287</run_address>
         <size>0x1e1</size>
         <input_file_ref idref="fl-dd"/>
      </object_component>
      <object_component id="oc-e7">
         <name>.debug_info</name>
         <load_address>0xa468</load_address>
         <run_address>0xa468</run_address>
         <size>0x184</size>
         <input_file_ref idref="fl-dd"/>
      </object_component>
      <object_component id="oc-1b3">
         <name>.debug_info</name>
         <load_address>0xa5ec</load_address>
         <run_address>0xa5ec</run_address>
         <size>0x2c</size>
         <input_file_ref idref="fl-dd"/>
      </object_component>
      <object_component id="oc-253">
         <name>.debug_info</name>
         <load_address>0xa618</load_address>
         <run_address>0xa618</run_address>
         <size>0x148</size>
         <input_file_ref idref="fl-de"/>
      </object_component>
      <object_component id="oc-ef">
         <name>.debug_info</name>
         <load_address>0xa760</load_address>
         <run_address>0xa760</run_address>
         <size>0x146</size>
         <input_file_ref idref="fl-df"/>
      </object_component>
      <object_component id="oc-285">
         <name>.debug_info</name>
         <load_address>0xa8a6</load_address>
         <run_address>0xa8a6</run_address>
         <size>0xa6</size>
      </object_component>
      <object_component id="oc-110">
         <name>.debug_line</name>
         <load_address>0x0</load_address>
         <run_address>0x0</run_address>
         <size>0x11a</size>
         <input_file_ref idref="fl-2"/>
      </object_component>
      <object_component id="oc-210">
         <name>.debug_line</name>
         <load_address>0x11a</load_address>
         <run_address>0x11a</run_address>
         <size>0x32</size>
         <input_file_ref idref="fl-2"/>
      </object_component>
      <object_component id="oc-18a">
         <name>.debug_line</name>
         <load_address>0x14c</load_address>
         <run_address>0x14c</run_address>
         <size>0x111</size>
         <input_file_ref idref="fl-2"/>
      </object_component>
      <object_component id="oc-190">
         <name>.debug_line</name>
         <load_address>0x25d</load_address>
         <run_address>0x25d</run_address>
         <size>0x90</size>
         <input_file_ref idref="fl-2"/>
      </object_component>
      <object_component id="oc-124">
         <name>.debug_line</name>
         <load_address>0x2ed</load_address>
         <run_address>0x2ed</run_address>
         <size>0x4d</size>
         <input_file_ref idref="fl-2"/>
      </object_component>
      <object_component id="oc-181">
         <name>.debug_line</name>
         <load_address>0x33a</load_address>
         <run_address>0x33a</run_address>
         <size>0x53</size>
         <input_file_ref idref="fl-2"/>
      </object_component>
      <object_component id="oc-f5">
         <name>.debug_line</name>
         <load_address>0x38d</load_address>
         <run_address>0x38d</run_address>
         <size>0x11f</size>
         <input_file_ref idref="fl-2"/>
      </object_component>
      <object_component id="oc-47">
         <name>.debug_line</name>
         <load_address>0x4ac</load_address>
         <run_address>0x4ac</run_address>
         <size>0x110</size>
         <input_file_ref idref="fl-2"/>
      </object_component>
      <object_component id="oc-4a">
         <name>.debug_line</name>
         <load_address>0x5bc</load_address>
         <run_address>0x5bc</run_address>
         <size>0x57</size>
         <input_file_ref idref="fl-2"/>
      </object_component>
      <object_component id="oc-b9">
         <name>.debug_line</name>
         <load_address>0x613</load_address>
         <run_address>0x613</run_address>
         <size>0x20</size>
         <input_file_ref idref="fl-2"/>
      </object_component>
      <object_component id="oc-be">
         <name>.debug_line</name>
         <load_address>0x633</load_address>
         <run_address>0x633</run_address>
         <size>0x5f</size>
         <input_file_ref idref="fl-2"/>
      </object_component>
      <object_component id="oc-1d0">
         <name>.debug_line</name>
         <load_address>0x692</load_address>
         <run_address>0x692</run_address>
         <size>0x5f</size>
         <input_file_ref idref="fl-2"/>
      </object_component>
      <object_component id="oc-cb">
         <name>.debug_line</name>
         <load_address>0x6f1</load_address>
         <run_address>0x6f1</run_address>
         <size>0x34</size>
         <input_file_ref idref="fl-3"/>
      </object_component>
      <object_component id="oc-50">
         <name>.debug_line</name>
         <load_address>0x725</load_address>
         <run_address>0x725</run_address>
         <size>0x34</size>
         <input_file_ref idref="fl-3"/>
      </object_component>
      <object_component id="oc-2f">
         <name>.debug_line</name>
         <load_address>0x759</load_address>
         <run_address>0x759</run_address>
         <size>0x46</size>
         <input_file_ref idref="fl-3"/>
      </object_component>
      <object_component id="oc-32">
         <name>.debug_line</name>
         <load_address>0x79f</load_address>
         <run_address>0x79f</run_address>
         <size>0x49</size>
         <input_file_ref idref="fl-3"/>
      </object_component>
      <object_component id="oc-41">
         <name>.debug_line</name>
         <load_address>0x7e8</load_address>
         <run_address>0x7e8</run_address>
         <size>0x49</size>
         <input_file_ref idref="fl-3"/>
      </object_component>
      <object_component id="oc-3c">
         <name>.debug_line</name>
         <load_address>0x831</load_address>
         <run_address>0x831</run_address>
         <size>0x49</size>
         <input_file_ref idref="fl-3"/>
      </object_component>
      <object_component id="oc-d7">
         <name>.debug_line</name>
         <load_address>0x87a</load_address>
         <run_address>0x87a</run_address>
         <size>0x20</size>
         <input_file_ref idref="fl-3"/>
      </object_component>
      <object_component id="oc-1b0">
         <name>.debug_line</name>
         <load_address>0x89a</load_address>
         <run_address>0x89a</run_address>
         <size>0x5b</size>
         <input_file_ref idref="fl-4"/>
      </object_component>
      <object_component id="oc-13c">
         <name>.debug_line</name>
         <load_address>0x8f5</load_address>
         <run_address>0x8f5</run_address>
         <size>0x61</size>
         <input_file_ref idref="fl-4"/>
      </object_component>
      <object_component id="oc-142">
         <name>.debug_line</name>
         <load_address>0x956</load_address>
         <run_address>0x956</run_address>
         <size>0x4b</size>
         <input_file_ref idref="fl-4"/>
      </object_component>
      <object_component id="oc-20b">
         <name>.debug_line</name>
         <load_address>0x9a1</load_address>
         <run_address>0x9a1</run_address>
         <size>0x56</size>
         <input_file_ref idref="fl-4"/>
      </object_component>
      <object_component id="oc-136">
         <name>.debug_line</name>
         <load_address>0x9f7</load_address>
         <run_address>0x9f7</run_address>
         <size>0x5e</size>
         <input_file_ref idref="fl-4"/>
      </object_component>
      <object_component id="oc-c4">
         <name>.debug_line</name>
         <load_address>0xa55</load_address>
         <run_address>0xa55</run_address>
         <size>0x4b</size>
         <input_file_ref idref="fl-4"/>
      </object_component>
      <object_component id="oc-1db">
         <name>.debug_line</name>
         <load_address>0xaa0</load_address>
         <run_address>0xaa0</run_address>
         <size>0x5c</size>
         <input_file_ref idref="fl-4"/>
      </object_component>
      <object_component id="oc-148">
         <name>.debug_line</name>
         <load_address>0xafc</load_address>
         <run_address>0xafc</run_address>
         <size>0x52</size>
         <input_file_ref idref="fl-4"/>
      </object_component>
      <object_component id="oc-14e">
         <name>.debug_line</name>
         <load_address>0xb4e</load_address>
         <run_address>0xb4e</run_address>
         <size>0x4c</size>
         <input_file_ref idref="fl-4"/>
      </object_component>
      <object_component id="oc-154">
         <name>.debug_line</name>
         <load_address>0xb9a</load_address>
         <run_address>0xb9a</run_address>
         <size>0x4b</size>
         <input_file_ref idref="fl-4"/>
      </object_component>
      <object_component id="oc-248">
         <name>.debug_line</name>
         <load_address>0xbe5</load_address>
         <run_address>0xbe5</run_address>
         <size>0x5b</size>
         <input_file_ref idref="fl-7"/>
      </object_component>
      <object_component id="oc-1b9">
         <name>.debug_line</name>
         <load_address>0xc40</load_address>
         <run_address>0xc40</run_address>
         <size>0x4c</size>
         <input_file_ref idref="fl-7"/>
      </object_component>
      <object_component id="oc-230">
         <name>.debug_line</name>
         <load_address>0xc8c</load_address>
         <run_address>0xc8c</run_address>
         <size>0x20</size>
         <input_file_ref idref="fl-b"/>
      </object_component>
      <object_component id="oc-24e">
         <name>.debug_line</name>
         <load_address>0xcac</load_address>
         <run_address>0xcac</run_address>
         <size>0x38</size>
         <input_file_ref idref="fl-b"/>
      </object_component>
      <object_component id="oc-24c">
         <name>.debug_line</name>
         <load_address>0xce4</load_address>
         <run_address>0xce4</run_address>
         <size>0x38</size>
         <input_file_ref idref="fl-b"/>
      </object_component>
      <object_component id="oc-24a">
         <name>.debug_line</name>
         <load_address>0xd1c</load_address>
         <run_address>0xd1c</run_address>
         <size>0x38</size>
         <input_file_ref idref="fl-b"/>
      </object_component>
      <object_component id="oc-227">
         <name>.debug_line</name>
         <load_address>0xd54</load_address>
         <run_address>0xd54</run_address>
         <size>0x68</size>
         <input_file_ref idref="fl-b"/>
      </object_component>
      <object_component id="oc-1ca">
         <name>.debug_line</name>
         <load_address>0xdbc</load_address>
         <run_address>0xdbc</run_address>
         <size>0x16d</size>
         <input_file_ref idref="fl-b"/>
      </object_component>
      <object_component id="oc-127">
         <name>.debug_line</name>
         <load_address>0xf29</load_address>
         <run_address>0xf29</run_address>
         <size>0x4f</size>
         <input_file_ref idref="fl-b"/>
      </object_component>
      <object_component id="oc-250">
         <name>.debug_line</name>
         <load_address>0xf78</load_address>
         <run_address>0xf78</run_address>
         <size>0x93</size>
         <input_file_ref idref="fl-b"/>
      </object_component>
      <object_component id="oc-1bf">
         <name>.debug_line</name>
         <load_address>0x100b</load_address>
         <run_address>0x100b</run_address>
         <size>0x59</size>
         <input_file_ref idref="fl-b"/>
      </object_component>
      <object_component id="oc-1ac">
         <name>.debug_line</name>
         <load_address>0x1064</load_address>
         <run_address>0x1064</run_address>
         <size>0x82</size>
         <input_file_ref idref="fl-15"/>
      </object_component>
      <object_component id="oc-243">
         <name>.debug_line</name>
         <load_address>0x10e6</load_address>
         <run_address>0x10e6</run_address>
         <size>0x7d</size>
         <input_file_ref idref="fl-15"/>
      </object_component>
      <object_component id="oc-a1">
         <name>.debug_line</name>
         <load_address>0x1163</load_address>
         <run_address>0x1163</run_address>
         <size>0x92</size>
         <input_file_ref idref="fl-15"/>
      </object_component>
      <object_component id="oc-1f5">
         <name>.debug_line</name>
         <load_address>0x11f5</load_address>
         <run_address>0x11f5</run_address>
         <size>0x95</size>
         <input_file_ref idref="fl-15"/>
      </object_component>
      <object_component id="oc-1fb">
         <name>.debug_line</name>
         <load_address>0x128a</load_address>
         <run_address>0x128a</run_address>
         <size>0xd1</size>
         <input_file_ref idref="fl-15"/>
      </object_component>
      <object_component id="oc-166">
         <name>.debug_line</name>
         <load_address>0x135b</load_address>
         <run_address>0x135b</run_address>
         <size>0x93</size>
         <input_file_ref idref="fl-15"/>
      </object_component>
      <object_component id="oc-b3">
         <name>.debug_line</name>
         <load_address>0x13ee</load_address>
         <run_address>0x13ee</run_address>
         <size>0x92</size>
         <input_file_ref idref="fl-15"/>
      </object_component>
      <object_component id="oc-160">
         <name>.debug_line</name>
         <load_address>0x1480</load_address>
         <run_address>0x1480</run_address>
         <size>0xa7</size>
         <input_file_ref idref="fl-15"/>
      </object_component>
      <object_component id="oc-25c">
         <name>.debug_line</name>
         <load_address>0x1527</load_address>
         <run_address>0x1527</run_address>
         <size>0x7c</size>
         <input_file_ref idref="fl-16"/>
      </object_component>
      <object_component id="oc-25e">
         <name>.debug_line</name>
         <load_address>0x15a3</load_address>
         <run_address>0x15a3</run_address>
         <size>0x82</size>
         <input_file_ref idref="fl-16"/>
      </object_component>
      <object_component id="oc-25a">
         <name>.debug_line</name>
         <load_address>0x1625</load_address>
         <run_address>0x1625</run_address>
         <size>0x82</size>
         <input_file_ref idref="fl-16"/>
      </object_component>
      <object_component id="oc-1df">
         <name>.debug_line</name>
         <load_address>0x16a7</load_address>
         <run_address>0x16a7</run_address>
         <size>0xaf</size>
         <input_file_ref idref="fl-16"/>
      </object_component>
      <object_component id="oc-1e6">
         <name>.debug_line</name>
         <load_address>0x1756</load_address>
         <run_address>0x1756</run_address>
         <size>0xc2</size>
         <input_file_ref idref="fl-16"/>
      </object_component>
      <object_component id="oc-1ae">
         <name>.debug_line</name>
         <load_address>0x1818</load_address>
         <run_address>0x1818</run_address>
         <size>0x82</size>
         <input_file_ref idref="fl-17"/>
      </object_component>
      <object_component id="oc-a7">
         <name>.debug_line</name>
         <load_address>0x189a</load_address>
         <run_address>0x189a</run_address>
         <size>0x9e</size>
         <input_file_ref idref="fl-17"/>
      </object_component>
      <object_component id="oc-178">
         <name>.debug_line</name>
         <load_address>0x1938</load_address>
         <run_address>0x1938</run_address>
         <size>0x95</size>
         <input_file_ref idref="fl-17"/>
      </object_component>
      <object_component id="oc-172">
         <name>.debug_line</name>
         <load_address>0x19cd</load_address>
         <run_address>0x19cd</run_address>
         <size>0x96</size>
         <input_file_ref idref="fl-17"/>
      </object_component>
      <object_component id="oc-ad">
         <name>.debug_line</name>
         <load_address>0x1a63</load_address>
         <run_address>0x1a63</run_address>
         <size>0x94</size>
         <input_file_ref idref="fl-17"/>
      </object_component>
      <object_component id="oc-17e">
         <name>.debug_line</name>
         <load_address>0x1af7</load_address>
         <run_address>0x1af7</run_address>
         <size>0x91</size>
         <input_file_ref idref="fl-17"/>
      </object_component>
      <object_component id="oc-16c">
         <name>.debug_line</name>
         <load_address>0x1b88</load_address>
         <run_address>0x1b88</run_address>
         <size>0x9b</size>
         <input_file_ref idref="fl-17"/>
      </object_component>
      <object_component id="oc-232">
         <name>.debug_line</name>
         <load_address>0x1c23</load_address>
         <run_address>0x1c23</run_address>
         <size>0x13d</size>
         <input_file_ref idref="fl-18"/>
      </object_component>
      <object_component id="oc-12d">
         <name>.debug_line</name>
         <load_address>0x1d60</load_address>
         <run_address>0x1d60</run_address>
         <size>0x94</size>
         <input_file_ref idref="fl-18"/>
      </object_component>
      <object_component id="oc-157">
         <name>.debug_line</name>
         <load_address>0x1df4</load_address>
         <run_address>0x1df4</run_address>
         <size>0x94</size>
         <input_file_ref idref="fl-18"/>
      </object_component>
      <object_component id="oc-236">
         <name>.debug_line</name>
         <load_address>0x1e88</load_address>
         <run_address>0x1e88</run_address>
         <size>0x7f</size>
         <input_file_ref idref="fl-18"/>
      </object_component>
      <object_component id="oc-25">
         <name>.debug_line</name>
         <load_address>0x1f07</load_address>
         <run_address>0x1f07</run_address>
         <size>0x53</size>
         <input_file_ref idref="fl-cf"/>
      </object_component>
      <object_component id="oc-d3">
         <name>.debug_line</name>
         <load_address>0x1f5a</load_address>
         <run_address>0x1f5a</run_address>
         <size>0x8a</size>
         <input_file_ref idref="fl-d0"/>
      </object_component>
      <object_component id="oc-14">
         <name>.debug_line</name>
         <load_address>0x1fe4</load_address>
         <run_address>0x1fe4</run_address>
         <size>0x55</size>
         <input_file_ref idref="fl-d0"/>
      </object_component>
      <object_component id="oc-5b">
         <name>.debug_line</name>
         <load_address>0x2039</load_address>
         <run_address>0x2039</run_address>
         <size>0x3a</size>
         <input_file_ref idref="fl-d0"/>
      </object_component>
      <object_component id="oc-d0">
         <name>.debug_line</name>
         <load_address>0x2073</load_address>
         <run_address>0x2073</run_address>
         <size>0x8a</size>
         <input_file_ref idref="fl-d0"/>
      </object_component>
      <object_component id="oc-db">
         <name>.debug_line</name>
         <load_address>0x20fd</load_address>
         <run_address>0x20fd</run_address>
         <size>0x8a</size>
         <input_file_ref idref="fl-d1"/>
      </object_component>
      <object_component id="oc-62">
         <name>.debug_line</name>
         <load_address>0x2187</load_address>
         <run_address>0x2187</run_address>
         <size>0x98</size>
         <input_file_ref idref="fl-d1"/>
      </object_component>
      <object_component id="oc-1c">
         <name>.debug_line</name>
         <load_address>0x221f</load_address>
         <run_address>0x221f</run_address>
         <size>0x4b</size>
         <input_file_ref idref="fl-d1"/>
      </object_component>
      <object_component id="oc-69">
         <name>.debug_line</name>
         <load_address>0x226a</load_address>
         <run_address>0x226a</run_address>
         <size>0x39</size>
         <input_file_ref idref="fl-d1"/>
      </object_component>
      <object_component id="oc-df">
         <name>.debug_line</name>
         <load_address>0x22a3</load_address>
         <run_address>0x22a3</run_address>
         <size>0x8a</size>
         <input_file_ref idref="fl-d1"/>
      </object_component>
      <object_component id="oc-1aa">
         <name>.debug_line</name>
         <load_address>0x232d</load_address>
         <run_address>0x232d</run_address>
         <size>0xf2</size>
         <input_file_ref idref="fl-d3"/>
      </object_component>
      <object_component id="oc-19e">
         <name>.debug_line</name>
         <load_address>0x241f</load_address>
         <run_address>0x241f</run_address>
         <size>0x2a</size>
         <input_file_ref idref="fl-d3"/>
      </object_component>
      <object_component id="oc-90">
         <name>.debug_line</name>
         <load_address>0x2449</load_address>
         <run_address>0x2449</run_address>
         <size>0x86</size>
         <input_file_ref idref="fl-d3"/>
      </object_component>
      <object_component id="oc-56">
         <name>.debug_line</name>
         <load_address>0x24cf</load_address>
         <run_address>0x24cf</run_address>
         <size>0x88</size>
         <input_file_ref idref="fl-d4"/>
      </object_component>
      <object_component id="oc-6f">
         <name>.debug_line</name>
         <load_address>0x2557</load_address>
         <run_address>0x2557</run_address>
         <size>0x79</size>
         <input_file_ref idref="fl-d5"/>
      </object_component>
      <object_component id="oc-7b">
         <name>.debug_line</name>
         <load_address>0x25d0</load_address>
         <run_address>0x25d0</run_address>
         <size>0x3d</size>
         <input_file_ref idref="fl-d6"/>
      </object_component>
      <object_component id="oc-82">
         <name>.debug_line</name>
         <load_address>0x260d</load_address>
         <run_address>0x260d</run_address>
         <size>0x40</size>
         <input_file_ref idref="fl-d7"/>
      </object_component>
      <object_component id="oc-106">
         <name>.debug_line</name>
         <load_address>0x264d</load_address>
         <run_address>0x264d</run_address>
         <size>0x33</size>
         <input_file_ref idref="fl-d8"/>
      </object_component>
      <object_component id="oc-22a">
         <name>.debug_line</name>
         <load_address>0x2680</load_address>
         <run_address>0x2680</run_address>
         <size>0x5b</size>
         <input_file_ref idref="fl-d9"/>
      </object_component>
      <object_component id="oc-213">
         <name>.debug_line</name>
         <load_address>0x26db</load_address>
         <run_address>0x26db</run_address>
         <size>0x20</size>
         <input_file_ref idref="fl-da"/>
      </object_component>
      <object_component id="oc-1a6">
         <name>.debug_line</name>
         <load_address>0x26fb</load_address>
         <run_address>0x26fb</run_address>
         <size>0x2b</size>
         <input_file_ref idref="fl-da"/>
      </object_component>
      <object_component id="oc-1a1">
         <name>.debug_line</name>
         <load_address>0x2726</load_address>
         <run_address>0x2726</run_address>
         <size>0x68</size>
         <input_file_ref idref="fl-da"/>
      </object_component>
      <object_component id="oc-197">
         <name>.debug_line</name>
         <load_address>0x278e</load_address>
         <run_address>0x278e</run_address>
         <size>0x2b</size>
         <input_file_ref idref="fl-db"/>
      </object_component>
      <object_component id="oc-8e">
         <name>.debug_line</name>
         <load_address>0x27b9</load_address>
         <run_address>0x27b9</run_address>
         <size>0x50</size>
         <input_file_ref idref="fl-db"/>
      </object_component>
      <object_component id="oc-19b">
         <name>.debug_line</name>
         <load_address>0x2809</load_address>
         <run_address>0x2809</run_address>
         <size>0x2b</size>
         <input_file_ref idref="fl-db"/>
      </object_component>
      <object_component id="oc-115">
         <name>.debug_line</name>
         <load_address>0x2834</load_address>
         <run_address>0x2834</run_address>
         <size>0xa9</size>
         <input_file_ref idref="fl-dc"/>
      </object_component>
      <object_component id="oc-84">
         <name>.debug_line</name>
         <load_address>0x28dd</load_address>
         <run_address>0x28dd</run_address>
         <size>0x8b</size>
         <input_file_ref idref="fl-dc"/>
      </object_component>
      <object_component id="oc-119">
         <name>.debug_line</name>
         <load_address>0x2968</load_address>
         <run_address>0x2968</run_address>
         <size>0x2e</size>
         <input_file_ref idref="fl-dc"/>
      </object_component>
      <object_component id="oc-11e">
         <name>.debug_line</name>
         <load_address>0x2996</load_address>
         <run_address>0x2996</run_address>
         <size>0x8b</size>
         <input_file_ref idref="fl-dc"/>
      </object_component>
      <object_component id="oc-1b2">
         <name>.debug_line</name>
         <load_address>0x2a21</load_address>
         <run_address>0x2a21</run_address>
         <size>0x98</size>
         <input_file_ref idref="fl-dd"/>
      </object_component>
      <object_component id="oc-eb">
         <name>.debug_line</name>
         <load_address>0x2ab9</load_address>
         <run_address>0x2ab9</run_address>
         <size>0x68</size>
         <input_file_ref idref="fl-dd"/>
      </object_component>
      <object_component id="oc-1b6">
         <name>.debug_line</name>
         <load_address>0x2b21</load_address>
         <run_address>0x2b21</run_address>
         <size>0x2e</size>
         <input_file_ref idref="fl-dd"/>
      </object_component>
      <object_component id="oc-257">
         <name>.debug_line</name>
         <load_address>0x2b4f</load_address>
         <run_address>0x2b4f</run_address>
         <size>0x3b</size>
         <input_file_ref idref="fl-de"/>
      </object_component>
      <object_component id="oc-ee">
         <name>.debug_line</name>
         <load_address>0x2b8a</load_address>
         <run_address>0x2b8a</run_address>
         <size>0x3c</size>
         <input_file_ref idref="fl-df"/>
      </object_component>
      <object_component id="oc-18b">
         <name>.debug_frame</name>
         <load_address>0x0</load_address>
         <run_address>0x0</run_address>
         <size>0x93</size>
         <input_file_ref idref="fl-2"/>
      </object_component>
      <object_component id="oc-191">
         <name>.debug_frame</name>
         <load_address>0x93</load_address>
         <run_address>0x93</run_address>
         <size>0x8e</size>
         <input_file_ref idref="fl-2"/>
      </object_component>
      <object_component id="oc-125">
         <name>.debug_frame</name>
         <load_address>0x121</load_address>
         <run_address>0x121</run_address>
         <size>0x86</size>
         <input_file_ref idref="fl-2"/>
      </object_component>
      <object_component id="oc-185">
         <name>.debug_frame</name>
         <load_address>0x1a7</load_address>
[...]
               <start_address>0x17bc</start_address>
               <size>0x3e844</size>
            </available_space>
         </usage_details>
      </memory_area>
      <memory_area display="yes" color="green">
         <name>SRAM</name>
         <page_id>0x0</page_id>
         <origin>0x20000000</origin>
         <length>0x8000</length>
         <used_space>0x12dc</used_space>
         <unused_space>0x6d24</unused_space>
         <attributes>RWX</attributes>
         <usage_details>
            <allocated_space>
               <start_address>0x20000000</start_address>
               <size>0x26c</size>
               <logical_group_ref idref="lg-9"/>
            </allocated_space>
            <allocated_space>
               <start_address>0x2000026c</start_address>
               <size>0x814</size>
               <logical_group_ref idref="lg-b"/>
            </allocated_space>
            <allocated_space>
               <start_address>0x20000a80</start_address>
               <size>0x800</size>
               <logical_group_ref idref="lg-d"/>
            </allocated_space>
            <allocated_space>
               <start_address>0x20001280</start_address>
               <size>0x5c</size>
               <logical_group_ref idref="lg-a"/>
            </allocated_space>
            <available_space>
               <start_address>0x200012dc</start_address>
               <size>0x6d24</size>
            </available_space>
         </usage_details>
      </memory_area>
   </placement_map>
   <cptbl_list>
      <cptbl>
         <name>__TI_cinit_table</name>
         <cprec>
            <name>.data</name>
            <load_address>0x1758</load_address>
            <load_size>0x25</load_size>
            <run_address>0x20001280</run_address>
            <run_size>0x5c</run_size>
            <compression>rle</compression>
         </cprec>
         <cprec>
            <name>.bss</name>
            <load_address>0x1780</load_address>
            <load_size>0xb</load_size>
            <run_address>0x2000026c</run_address>
            <run_size>0x814</run_size>
            <compression>rle</compression>
         </cprec>
         <cprec>
            <name>.vtable</name>
            <load_address>0x1790</load_address>
            <load_size>0xb</load_size>
            <run_address>0x20000000</run_address>
            <run_size>0x26c</run_size>
            <compression>rle</compression>
         </cprec>
      </cptbl>
   </cptbl_list>
   <handler_table>
      <handler_table_name>__TI_handler_table</handler_table_name>
      <handler>
         <index>0x0</index>
         <name>__TI_decompress_rle24</name>
      </handler>
      <handler>
         <index>0x1</index>
         <name>__TI_decompress_none</name>
      </handler>
   </handler_table>
   <symbol_table>
      <symbol id="sm-1">
         <name>__STACK_TOP</name>
         <value>0x20000b80</value>
      </symbol>
      <symbol id="sm-2">
         <name>__TI_CINIT_Base</name>
         <value>0x17a4</value>
      </symbol>
      <symbol id="sm-3">
         <name>__TI_CINIT_Limit</name>
         <value>0x17bc</value>
      </symbol>
      <symbol id="sm-4">
         <name>__TI_Handler_Table_Base</name>
         <value>0x179c</value>
      </symbol>
      <symbol id="sm-5">
         <name>__TI_Handler_Table_Limit</name>
         <value>0x17a4</value>
      </symbol>
      <symbol id="sm-6">
         <name>binit</name>
         <value>0xffffffff</value>
      </symbol>
      <symbol id="sm-7">
         <name>__binit__</name>
         <value>0xffffffff</value>
      </symbol>
      <symbol id="sm-8">
         <name>__STACK_SIZE</name>
         <value>0x800</value>
      </symbol>
      <symbol id="sm-9">
         <name>__STACK_END</name>
         <value>0x20001280</value>
      </symbol>
      <symbol id="sm-a">
         <name>__c_args__</name>
         <value>0xffffffff</value>
      </symbol>
      <symbol id="sm-b">
         <name>__TI_pprof_out_hndl</name>
         <value>0xffffffff</value>
      </symbol>
      <symbol id="sm-c">
         <name>__TI_prof_data_start</name>
         <value>0xffffffff</value>
      </symbol>
      <symbol id="sm-d">
         <name>__TI_prof_data_size</name>
         <value>0xffffffff</value>
      </symbol>
      <symbol id="sm-fd">
         <name>pui32ADC0Value</name>
         <value>0x20000674</value>
      </symbol>
      <symbol id="sm-fe">
         <name>pingBuffer</name>
         <value>0x2000026c</value>
      </symbol>
      <symbol id="sm-ff">
         <name>pongBuffer</name>
         <value>0x20000470</value>
      </symbol>
      <symbol id="sm-100">
         <name>slope</name>
         <value>0x20000878</value>
      </symbol>
      <symbol id="sm-101">
         <name>clk_counter</name>
         <value>0x20000a7c</value>
      </symbol>
      <symbol id="sm-102">
         <name>run</name>
         <value>0x200012b4</value>
         <object_component_ref idref="oc-192"/>
      </symbol>
      <symbol id="sm-103">
         <name>timer_rate</name>
         <value>0x200012b8</value>
         <object_component_ref idref="oc-192"/>
      </symbol>
      <symbol id="sm-104">
         <name>maxIndex</name>
         <value>0x2000128c</value>
         <object_component_ref idref="oc-192"/>
      </symbol>
      <symbol id="sm-105">
         <name>pongFull</name>
         <value>0x20001288</value>
         <object_component_ref idref="oc-192"/>
      </symbol>
      <symbol id="sm-106">
         <name>st</name>
         <value>0x9dd</value>
         <object_component_ref idref="oc-186"/>
      </symbol>
      <symbol id="sm-107">
         <name>toggle</name>
         <value>0x200012b0</value>
         <object_component_ref idref="oc-192"/>
      </symbol>
      <symbol id="sm-108">
         <name>UARTIntHandler</name>
         <value>0x5d1</value>
         <object_component_ref idref="oc-43"/>
      </symbol>
      <symbol id="sm-109">
         <name>main</name>
         <value>0x26d</value>
         <object_component_ref idref="oc-f4"/>
      </symbol>
      <symbol id="sm-10a">
         <name>ConfigureUART</name>
         <value>0x10c1</value>
         <object_component_ref idref="oc-120"/>
      </symbol>
      <symbol id="sm-10b">
         <name>mean</name>
         <value>0x2000129c</value>
         <object_component_ref idref="oc-192"/>
      </symbol>
      <symbol id="sm-10c">
         <name>threshold</name>
         <value>0x20001280</value>
         <object_component_ref idref="oc-192"/>
      </symbol>
      <symbol id="sm-10d">
         <name>min</name>
         <value>0x200012a4</value>
         <object_component_ref idref="oc-192"/>
      </symbol>
      <symbol id="sm-10e">
         <name>sum</name>
         <value>0x20001298</value>
         <object_component_ref idref="oc-192"/>
      </symbol>
      <symbol id="sm-10f">
         <name>UARTSend</name>
         <value>0x1485</value>
         <object_component_ref idref="oc-180"/>
      </symbol>
      <symbol id="sm-110">
         <name>meanIndex</name>
         <value>0x20001294</value>
         <object_component_ref idref="oc-192"/>
      </symbol>
      <symbol id="sm-111">
         <name>count</name>
         <value>0x200012ac</value>
         <object_component_ref idref="oc-192"/>
      </symbol>
      <symbol id="sm-112">
         <name>minIndex</name>
         <value>0x20001290</value>
         <object_component_ref idref="oc-192"/>
      </symbol>
      <symbol id="sm-113">
         <name>Vpp</name>
         <value>0x200012a8</value>
         <object_component_ref idref="oc-192"/>
      </symbol>
      <symbol id="sm-114">
         <name>adcHandler</name>
         <value>0xcc1</value>
         <object_component_ref idref="oc-18c"/>
      </symbol>
      <symbol id="sm-115">
         <name>max</name>
         <value>0x200012a0</value>
         <object_component_ref idref="oc-192"/>
      </symbol>
      <symbol id="sm-116">
         <name>Timer0IntHandler</name>
         <value>0x1059</value>
         <object_component_ref idref="oc-49"/>
      </symbol>
      <symbol id="sm-117">
         <name>pingFull</name>
         <value>0x20001284</value>
         <object_component_ref idref="oc-192"/>
      </symbol>
      <symbol id="sm-14d">
         <name>ResetISR</name>
         <value>0x1625</value>
         <object_component_ref idref="oc-2b"/>
      </symbol>
      <symbol id="sm-14e">
         <name>g_pfnVectors</name>
         <value>0x0</value>
         <object_component_ref idref="oc-f"/>
      </symbol>
      <symbol id="sm-1ae">
         <name>ADCProcessorTrigger</name>
         <value>0x1539</value>
         <object_component_ref idref="oc-c0"/>
      </symbol>
      <symbol id="sm-1af">
         <name>ADCSequenceEnable</name>
         <value>0x15e7</value>
         <object_component_ref idref="oc-13e"/>
      </symbol>
      <symbol id="sm-1b0">
         <name>ADCSequenceConfigure</name>
         <value>0x1185</value>
         <object_component_ref idref="oc-132"/>
      </symbol>
      <symbol id="sm-1b1">
         <name>ADCIntEnable</name>
         <value>0x15c7</value>
         <object_component_ref idref="oc-14a"/>
      </symbol>
      <symbol id="sm-1b2">
         <name>ADCSequenceStepConfigure</name>
         <value>0xe21</value>
         <object_component_ref idref="oc-138"/>
      </symbol>
      <symbol id="sm-1b3">
         <name>ADCIntClear</name>
         <value>0x160f</value>
         <object_component_ref idref="oc-150"/>
      </symbol>
      <symbol id="sm-1b4">
         <name>ADCIntRegister</name>
         <value>0x1521</value>
         <object_component_ref idref="oc-144"/>
      </symbol>
      <symbol id="sm-1b5">
         <name>ADCSequenceDataGet</name>
         <value>0x14cb</value>
         <object_component_ref idref="oc-207"/>
      </symbol>
      <symbol id="sm-1c4">
         <name>UARTClockSourceSet</name>
         <value>0x162b</value>
         <object_component_ref idref="oc-1b8"/>
      </symbol>
      <symbol id="sm-235">
         <name>UARTStdioConfig</name>
         <value>0x1125</value>
         <object_component_ref idref="oc-1be"/>
      </symbol>
      <symbol id="sm-236">
         <name>UARTwrite</name>
         <value>0x1369</value>
         <object_component_ref idref="oc-223"/>
      </symbol>
      <symbol id="sm-237">
         <name>UARTprintf</name>
         <value>0x1507</value>
         <object_component_ref idref="oc-126"/>
      </symbol>
      <symbol id="sm-238">
         <name>UARTvprintf</name>
         <value>0x7f1</value>
         <object_component_ref idref="oc-1c5"/>
      </symbol>
      <symbol id="sm-27a">
         <name>GPIOPinTypePWM</name>
         <value>0x1591</value>
         <object_component_ref idref="oc-162"/>
      </symbol>
      <symbol id="sm-27b">
         <name>GPIOPinConfigure</name>
         <value>0x1321</value>
         <object_component_ref idref="oc-15c"/>
      </symbol>
      <symbol id="sm-27c">
         <name>GPIOPinRead</name>
         <value>0x1619</value>
         <object_component_ref idref="oc-af"/>
      </symbol>
      <symbol id="sm-27d">
         <name>GPIODirModeSet</name>
         <value>0x1459</value>
         <object_component_ref idref="oc-1f1"/>
      </symbol>
      <symbol id="sm-27e">
         <name>GPIOPinWrite</name>
         <value>0x161f</value>
         <object_component_ref idref="oc-9d"/>
      </symbol>
      <symbol id="sm-27f">
         <name>GPIOPadConfigSet</name>
         <value>0xb8d</value>
         <object_component_ref idref="oc-1f7"/>
      </symbol>
      <symbol id="sm-2b8">
         <name>IntEnable</name>
         <value>0xff1</value>
         <object_component_ref idref="oc-1e3"/>
      </symbol>
      <symbol id="sm-2b9">
         <name>IntRegister</name>
         <value>0x13f1</value>
         <object_component_ref idref="oc-1dd"/>
      </symbol>
      <symbol id="sm-2ba">
         <name>g_pfnRAMVectors</name>
         <value>0x20000000</value>
         <object_component_ref idref="oc-239"/>
      </symbol>
      <symbol id="sm-2ef">
         <name>PWMGenPeriodSet</name>
         <value>0x15d7</value>
         <object_component_ref idref="oc-16e"/>
      </symbol>
      <symbol id="sm-2f0">
         <name>PWMPulseWidthSet</name>
         <value>0x14e9</value>
         <object_component_ref idref="oc-a3"/>
      </symbol>
      <symbol id="sm-2f1">
         <name>PWMGenPeriodGet</name>
         <value>0x15a3</value>
         <object_component_ref idref="oc-a9"/>
      </symbol>
      <symbol id="sm-2f2">
         <name>PWMOutputState</name>
         <value>0x15b5</value>
         <object_component_ref idref="oc-174"/>
      </symbol>
      <symbol id="sm-2f3">
         <name>PWMGenEnable</name>
         <value>0x1603</value>
         <object_component_ref idref="oc-17a"/>
      </symbol>
      <symbol id="sm-2f4">
         <name>PWMGenConfigure</name>
         <value>0x14a9</value>
         <object_component_ref idref="oc-168"/>
      </symbol>
      <symbol id="sm-312">
         <name>SysCtlPeripheralEnable</name>
         <value>0x1425</value>
         <object_component_ref idref="oc-12c"/>
      </symbol>
      <symbol id="sm-313">
         <name>SysCtlPWMClockSet</name>
         <value>0x1569</value>
         <object_component_ref idref="oc-156"/>
      </symbol>
      <symbol id="sm-325">
         <name>_c_int00</name>
         <value>0x11dd</value>
         <object_component_ref idref="oc-24"/>
      </symbol>
      <symbol id="sm-326">
         <name>__stack</name>
         <value>0x20000a80</value>
         <object_component_ref idref="oc-2a"/>
      </symbol>
      <symbol id="sm-33d">
         <name>__TI_decompress_none</name>
         <value>0x15f5</value>
         <object_component_ref idref="oc-12"/>
      </symbol>
      <symbol id="sm-365">
         <name>__TI_decompress_rle24</name>
         <value>0x1631</value>
         <object_component_ref idref="oc-18"/>
      </symbol>
      <symbol id="sm-387">
         <name>C$$EXIT</name>
         <value>0x1231</value>
         <object_component_ref idref="oc-8f"/>
      </symbol>
      <symbol id="sm-388">
         <name>abort</name>
         <value>0x1235</value>
         <object_component_ref idref="oc-8f"/>
      </symbol>
      <symbol id="sm-389">
         <name>exit</name>
         <value>0x123d</value>
         <object_component_ref idref="oc-8f"/>
      </symbol>
      <symbol id="sm-38a">
         <name>__TI_dtors_ptr</name>
         <value>0x200012c0</value>
         <object_component_ref idref="oc-fc"/>
      </symbol>
      <symbol id="sm-38b">
         <name>__TI_cleanup_ptr</name>
         <value>0x200012bc</value>
         <object_component_ref idref="oc-fc"/>
      </symbol>
      <symbol id="sm-38c">
         <name>__TI_enable_exit_profile_output</name>
         <value>0x200012c4</value>
         <object_component_ref idref="oc-fc"/>
      </symbol>
      <symbol id="sm-3a7">
         <name>memcpy</name>
         <value>0xd85</value>
         <object_component_ref idref="oc-52"/>
      </symbol>
      <symbol id="sm-3a8">
         <name>__aeabi_memcpy</name>
         <value>0xd85</value>
         <object_component_ref idref="oc-52"/>
      </symbol>
      <symbol id="sm-3a9">
         <name>__aeabi_memcpy8</name>
         <value>0xd85</value>
         <object_component_ref idref="oc-52"/>
      </symbol>
      <symbol id="sm-3aa">
         <name>__aeabi_memcpy4</name>
         <value>0xd85</value>
         <object_component_ref idref="oc-52"/>
      </symbol>
      <symbol id="sm-3b9">
         <name>__aeabi_memset</name>
         <value>0xe9d</value>
         <object_component_ref idref="oc-6b"/>
      </symbol>
      <symbol id="sm-3ba">
         <name>memset</name>
         <value>0xea3</value>
         <object_component_ref idref="oc-6b"/>
      </symbol>
      <symbol id="sm-3bb">
         <name>__aeabi_memset8</name>
         <value>0xe9d</value>
         <object_component_ref idref="oc-6b"/>
      </symbol>
      <symbol id="sm-3bc">
         <name>__aeabi_memset4</name>
         <value>0xe9d</value>
         <object_component_ref idref="oc-6b"/>
      </symbol>
      <symbol id="sm-3bd">
         <name>__aeabi_memclr8</name>
         <value>0xe9b</value>
         <object_component_ref idref="oc-6b"/>
      </symbol>
      <symbol id="sm-3be">
         <name>__aeabi_memclr4</name>
         <value>0xe9b</value>
         <object_component_ref idref="oc-6b"/>
      </symbol>
      <symbol id="sm-3bf">
         <name>__aeabi_memclr</name>
         <value>0xe9b</value>
         <object_component_ref idref="oc-6b"/>
      </symbol>
      <symbol id="sm-3c9">
         <name>__mpu_init</name>
         <value>0x163b</value>
         <object_component_ref idref="oc-77"/>
      </symbol>
      <symbol id="sm-3d3">
         <name>_system_pre_init</name>
         <value>0x1637</value>
         <object_component_ref idref="oc-7d"/>
      </symbol>
      <symbol id="sm-3db">
         <name>main_func_sp</name>
         <value>0x200012d8</value>
         <object_component_ref idref="oc-95"/>
      </symbol>
      <symbol id="sm-3ea">
         <name>__aeabi_uidivmod</name>
         <value>0x13b1</value>
         <object_component_ref idref="oc-229"/>
      </symbol>
      <symbol id="sm-3eb">
         <name>__aeabi_uidiv</name>
         <value>0x13b1</value>
         <object_component_ref idref="oc-229"/>
      </symbol>
      <symbol id="sm-404">
         <name>_nop</name>
         <value>0x158b</value>
         <object_component_ref idref="oc-19f"/>
      </symbol>
      <symbol id="sm-405">
         <name>_lock</name>
         <value>0x200012c8</value>
         <object_component_ref idref="oc-ff"/>
      </symbol>
      <symbol id="sm-406">
         <name>_unlock</name>
         <value>0x200012cc</value>
         <object_component_ref idref="oc-ff"/>
      </symbol>
      <symbol id="sm-407">
         <name>_register_lock</name>
         <value>0x1583</value>
         <object_component_ref idref="oc-19f"/>
      </symbol>
      <symbol id="sm-408">
         <name>_register_unlock</name>
         <value>0x157d</value>
         <object_component_ref idref="oc-19f"/>
      </symbol>
      <symbol id="sm-41c">
         <name>_args_main</name>
         <value>0x1551</value>
         <object_component_ref idref="oc-89"/>
      </symbol>
      <symbol id="sm-441">
         <name>__TI_auto_init</name>
         <value>0xf15</value>
         <object_component_ref idref="oc-83"/>
      </symbol>
      <symbol id="sm-45b">
         <name>copy_in</name>
         <value>0x12d5</value>
         <object_component_ref idref="oc-e6"/>
      </symbol>
      <symbol id="sm-465">
         <name>__aeabi_idiv0</name>
         <value>0x1483</value>
         <object_component_ref idref="oc-252"/>
      </symbol>
      <symbol id="sm-46f">
         <name>_system_post_cinit</name>
         <value>0x163d</value>
         <object_component_ref idref="oc-ec"/>
      </symbol>
      <symbol id="sm-470">
         <name>__TI_static_base__</name>
         <value>0x0</value>
      </symbol>
      <symbol id="sm-473">
         <name>SHT$$INIT_ARRAY$$Limit</name>
         <value>0x0</value>
      </symbol>
      <symbol id="sm-474">
         <name>SHT$$INIT_ARRAY$$Base</name>
         <value>0x0</value>
      </symbol>
   </symbol_table>
   <title>Link successful</title>
</link_info>
