******************************************************************************
                  TI ARM Linker PC v15.12.3                    
******************************************************************************
>> Linked Sat Mar 18 17:56:24 2017

OUTPUT FILE NAME:   <FINAL_CODE_TimeTrial_1_EEC195B_9.7ftpersec.out>
ENTRY POINT SYMBOL: "_c_int00"  address: 000012a9


MEMORY CONFIGURATION

         name            origin    length      used     unused   attr    fill
----------------------  --------  ---------  --------  --------  ----  --------
  FLASH                 00000000   00040000  00001822  0003e7de  R  X
  SRAM                  20000000   00008000  00001755  000068ab  RW X


SEGMENT ALLOCATION MAP

run origin  load origin   length   init length attrs members
----------  ----------- ---------- ----------- ----- -------
00000000    00000000    00001824   00001824    r-x
  00000000    00000000    0000026c   0000026c    r-- .intvecs
  0000026c    0000026c    00001422   00001422    r-x .text
  00001690    00001690    00000118   00000118    r-- .const
  000017a8    000017a8    0000007c   0000007c    r-- .cinit
20000000    20000000    00001758   00000000    rw-
  20000000    20000000    0000026c   00000000    rw- .vtable
  2000026c    2000026c    00000c31   00000000    rw- .bss
  20000ea0    20000ea0    00000800   00000000    rw- .stack
  200016a0    200016a0    000000b8   00000000    rw- .data


SECTION ALLOCATION MAP

 output                                  attributes/
section   page    origin      length       input sections
--------  ----  ----------  ----------   ----------------
.intvecs   0    00000000    0000026c     
                  00000000    0000026c     startup_ccs.obj (.intvecs)

.text      0    0000026c    00001422     
                  0000026c    000001cc     EEC195Bmain.obj (.text:st)
                  00000438    000001c8     EEC195Bmain.obj (.text:UARTIntHandler)
                  00000600    00000170     EEC195Bmain.obj (.text:configPWM)
                  00000770    00000132     driverlib.lib : gpio.obj (.text:GPIOPadConfigSet)
                  000008a2    00000002     startup_ccs.obj (.text:FaultISR)
                  000008a4    00000104     EEC195Bmain.obj (.text:DifferentialControl)
                  000009a8    000000bc     EEC195Bmain.obj (.text:adcHandler)
                  00000a64    000000b8     EEC195Bmain.obj (.text:FinalControl)
                  00000b1c    000000a4     EEC195Bmain.obj (.text:SpeedControl)
                  00000bc0    0000009c     EEC195Bmain.obj (.text:configTimer)
                  00000c5c    0000009c     rtsv7M4_T_le_v4SPD16_eabi.lib : memcpy_t2.obj (.text)
                  00000cf8    0000008c     EEC195Bmain.obj (.text:configBluetooth)
                  00000d84    00000088     EEC195Bmain.obj (.text:main)
                  00000e0c    0000007a     adc.obj (.text:ADCSequenceStepConfigure)
                  00000e86    0000007a     rtsv7M4_T_le_v4SPD16_eabi.lib : memset_t2.obj (.text)
                  00000f00    00000078     EEC195Bmain.obj (.text:configADC)
                  00000f78    00000070     EEC195Bmain.obj (.text:adjustments)
                  00000fe8    00000070     rtsv7M4_T_le_v4SPD16_eabi.lib : autoinit.obj (.text)
                  00001058    0000006a                                   : copy_decompress_rle.obj (.text)
                  000010c2    00000002     startup_ccs.obj (.text:IntDefaultHandler)
                  000010c4    00000068     driverlib.lib : interrupt.obj (.text:IntEnable)
                  0000112c    00000064     EEC195Bmain.obj (.text:ConfigureUART)
                  00001190    00000060     EEC195Bmain.obj (.text:Timer0IntHandler)
                  000011f0    00000060     uartstdio.obj (.text:UARTStdioConfig)
                  00001250    00000058     adc.obj (.text:ADCSequenceConfigure)
                  000012a8    00000054     rtsv7M4_T_le_v4SPD16_eabi.lib : boot.obj (.text)
                  000012fc    00000054                                   : exit.obj (.text)
                  00001350    00000050     adc.obj (.text:_ADCIntNumberGet)
                  000013a0    0000004c     rtsv7M4_T_le_v4SPD16_eabi.lib : cpy_tbl.obj (.text)
                  000013ec    00000048     driverlib.lib : gpio.obj (.text:GPIOPinConfigure)
                  00001434    00000034                   : interrupt.obj (.text:IntRegister)
                  00001468    00000034                   : sysctl.obj (.text:SysCtlPeripheralEnable)
                  0000149c    0000002c     EEC195Bmain.obj (.text:ProportionalControl)
                  000014c8    0000002a     driverlib.lib : gpio.obj (.text:GPIODirModeSet)
                  000014f2    00000022                   : pwm.obj (.text:PWMGenConfigure)
                  00001514    0000001e     adc.obj (.text:ADCSequenceDataGet)
                  00001532    0000001e     driverlib.lib : pwm.obj (.text:PWMPulseWidthGet)
                  00001550    0000001e                   : pwm.obj (.text:PWMPulseWidthSet)
                  0000156e    00000018     adc.obj (.text:ADCIntRegister)
                  00001586    00000018     adc.obj (.text:ADCProcessorTrigger)
                  0000159e    00000002     startup_ccs.obj (.text:NmiSR)
                  000015a0    00000018     rtsv7M4_T_le_v4SPD16_eabi.lib : args_main.obj (.text)
                  000015b8    00000014     driverlib.lib : sysctl.obj (.text:SysCtlPWMClockSet)
                  000015cc    00000014     rtsv7M4_T_le_v4SPD16_eabi.lib : _lock.obj (.text)
                  000015e0    00000012     driverlib.lib : gpio.obj (.text:GPIOPinTypePWM)
                  000015f2    00000012                   : pwm.obj (.text:PWMGenPeriodGet)
                  00001604    00000012                   : pwm.obj (.text:PWMOutputState)
                  00001616    00000010     adc.obj (.text:ADCIntEnable)
                  00001626    00000010     driverlib.lib : pwm.obj (.text:PWMGenPeriodSet)
                  00001636    0000000e     adc.obj (.text:ADCSequenceEnable)
                  00001644    0000000e     rtsv7M4_T_le_v4SPD16_eabi.lib : copy_decompress_none.obj (.text:decompress:none)
                  00001652    0000000c     driverlib.lib : pwm.obj (.text:PWMGenEnable)
                  0000165e    0000000a     adc.obj (.text:ADCIntClear)
                  00001668    00000006     driverlib.lib : gpio.obj (.text:GPIOPinRead)
                  0000166e    00000006                   : gpio.obj (.text:GPIOPinWrite)
                  00001674    00000006     startup_ccs.obj (.text:ResetISR)
                  0000167a    00000006     uart.obj (.text:UARTClockSourceSet)
                  00001680    00000006     rtsv7M4_T_le_v4SPD16_eabi.lib : copy_decompress_rle.obj (.text:decompress:rle24)
                  00001686    00000004                                   : pre_init.obj (.text)
                  0000168a    00000002                                   : mpu_init.obj (.text)
                  0000168c    00000002                                   : startup.obj (.text)

.const     0    00001690    00000118     
                  00001690    00000090     driverlib.lib : gpio.obj (.const:g_pui32GPIOBaseAddrs)
                  00001720    00000070                   : interrupt.obj (.const)
                  00001790    0000000c     uartstdio.obj (.const:g_ui32UARTBase)
                  0000179c    0000000c     uartstdio.obj (.const:g_ui32UARTPeriph)

.cinit     0    000017a8    0000007c     
                  000017a8    00000039     (.cinit..data.load) [load image, compression = rle]
                  000017e1    00000007     --HOLE-- [fill = 0]
                  000017e8    0000000b     (.cinit..bss.load) [load image, compression = rle]
                  000017f3    00000005     --HOLE-- [fill = 0]
                  000017f8    0000000b     (.cinit..vtable.load) [load image, compression = rle]
                  00001803    00000001     --HOLE-- [fill = 0]
                  00001804    00000008     (__TI_handler_table)
                  0000180c    00000018     (__TI_cinit_table)

.init_array 
*          0    00000000    00000000     UNINITIALIZED

.vtable    0    20000000    0000026c     UNINITIALIZED
                  20000000    0000026c     driverlib.lib : interrupt.obj (.vtable)

.bss       0    2000026c    00000c31     UNINITIALIZED
                  2000026c    00000400     (.common:errorBuffer)
                  2000066c    00000204     (.common:pingBuffer)
                  20000870    00000204     (.common:pongBuffer)
                  20000a74    00000204     (.common:pui32ADC0Value)
                  20000c78    00000204     (.common:slope)
                  20000e7c    00000004     (.common:CValue)
                  20000e80    00000004     (.common:Cdiff)
                  20000e84    00000004     (.common:DValue)
                  20000e88    00000004     (.common:PValue)
                  20000e8c    00000004     (.common:clk_counter)
                  20000e90    00000004     (.common:kd)
                  20000e94    00000004     (.common:kp)
                  20000e98    00000004     (.common:servoPos)
                  20000e9c    00000001     (.common:input)

.stack     0    20000ea0    00000800     UNINITIALIZED
                  20000ea0    00000800     --HOLE--

.data      0    200016a0    000000b8     UNINITIALIZED
                  200016a0    00000098     EEC195Bmain.obj (.data)
                  20001738    0000000c     rtsv7M4_T_le_v4SPD16_eabi.lib : exit.obj (.data:$O1$$)
                  20001744    00000008                                   : _lock.obj (.data:$O1$$)
                  2000174c    00000005     uartstdio.obj (.data)
                  20001751    00000003     --HOLE--
                  20001754    00000004     rtsv7M4_T_le_v4SPD16_eabi.lib : stkdepth_vars.obj (.data)

MODULE SUMMARY

       Module                     code   ro data   rw data
       ------                     ----   -------   -------
    .\
       EEC195Bmain.obj            2984   0         3273   
       startup_ccs.obj            12     620       0      
    +--+--------------------------+------+---------+---------+
       Total:                     2996   620       3273   
                                                          
    .\driverlib\
       adc.obj                    408    0         0      
       uart.obj                   6      0         0      
    +--+--------------------------+------+---------+---------+
       Total:                     414    0         0      
                                                          
    .\utils\
       uartstdio.obj              96     24        5      
    +--+--------------------------+------+---------+---------+
       Total:                     96     24        5      
                                                          
    ../driverlib/ccs/Debug/driverlib.lib
       interrupt.obj              156    112       620    
       gpio.obj                   450    144       0      
       pwm.obj                    158    0         0      
       sysctl.obj                 72     0         0      
    +--+--------------------------+------+---------+---------+
       Total:                     836    256       620    
                                                          
    C:\ti\ccsv6\tools\compiler\arm_15.12.3.LTS\lib\rtsv7M4_T_le_v4SPD16_eabi.lib
       memcpy_t2.obj              156    0         0      
       memset_t2.obj              122    0         0      
       autoinit.obj               112    0         0      
       copy_decompress_rle.obj    112    0         0      
       exit.obj                   84     0         12     
       boot.obj                   84     0         0      
       cpy_tbl.obj                76     0         0      
       _lock.obj                  20     0         8      
       args_main.obj              24     0         0      
       copy_decompress_none.obj   14     0         0      
       pre_init.obj               4      0         0      
       stkdepth_vars.obj          0      0         4      
       mpu_init.obj               2      0         0      
       startup.obj                2      0         0      
    +--+--------------------------+------+---------+---------+
       Total:                     812    0         24     
                                                          
       Stack:                     0      0         2048   
       Linker Generated:          0      111       0      
    +--+--------------------------+------+---------+---------+
       Grand Total:               5154   1011      5970   


LINKER GENERATED COPY TABLES

__TI_cinit_table @ 0000180c records: 3, size/record: 8, table size: 24
	.data: load addr=000017a8, load size=00000039 bytes, run addr=200016a0, run size=000000b8 bytes, compression=rle
	.bss: load addr=000017e8, load size=0000000b bytes, run addr=2000026c, run size=00000c31 bytes, compression=rle
	.vtable: load addr=000017f8, load size=0000000b bytes, run addr=20000000, run size=0000026c bytes, compression=rle


LINKER GENERATED HANDLER TABLE

__TI_handler_table @ 00001804 records: 2, size/record: 4, table size: 8
	index: 0, handler: __TI_decompress_rle24
	index: 1, handler: __TI_decompress_none


GLOBAL SYMBOLS: SORTED ALPHABETICALLY BY Name 

address   name                           
-------   ----                           
0000165f  ADCIntClear                    
00001617  ADCIntEnable                   
0000156f  ADCIntRegister                 
00001587  ADCProcessorTrigger            
00001251  ADCSequenceConfigure           
00001515  ADCSequenceDataGet             
00001637  ADCSequenceEnable              
00000e0d  ADCSequenceStepConfigure       
000012fd  C$$EXIT                        
20000e7c  CValue                         
20000e80  Cdiff                          
0000112d  ConfigureUART                  
20000e84  DValue                         
000008a5  DifferentialControl            
00000a65  FinalControl                   
000014c9  GPIODirModeSet                 
00000771  GPIOPadConfigSet               
000013ed  GPIOPinConfigure               
00001669  GPIOPinRead                    
000015e1  GPIOPinTypePWM                 
0000166f  GPIOPinWrite                   
000010c5  IntEnable                      
00001435  IntRegister                    
20001714  N                              
20000e88  PValue                         
000014f3  PWMGenConfigure                
00001653  PWMGenEnable                   
000015f3  PWMGenPeriodGet                
00001627  PWMGenPeriodSet                
00001605  PWMOutputState                 
00001533  PWMPulseWidthGet               
00001551  PWMPulseWidthSet               
0000149d  ProportionalControl            
00001675  ResetISR                       
UNDEFED   SHT$$INIT_ARRAY$$Base          
UNDEFED   SHT$$INIT_ARRAY$$Limit         
200016fc  ServoStall                     
00000b1d  SpeedControl                   
000015b9  SysCtlPWMClockSet              
00001469  SysCtlPeripheralEnable         
00001191  Timer0IntHandler               
0000167b  UARTClockSourceSet             
00000439  UARTIntHandler                 
000011f1  UARTStdioConfig                
200016a0  __STACK_END                    
00000800  __STACK_SIZE                   
20000fa0  __STACK_TOP                    
0000180c  __TI_CINIT_Base                
00001824  __TI_CINIT_Limit               
00001804  __TI_Handler_Table_Base        
0000180c  __TI_Handler_Table_Limit       
00000fe9  __TI_auto_init                 
20001738  __TI_cleanup_ptr               
00001645  __TI_decompress_none           
00001681  __TI_decompress_rle24          
2000173c  __TI_dtors_ptr                 
20001740  __TI_enable_exit_profile_output
ffffffff  __TI_pprof_out_hndl            
ffffffff  __TI_prof_data_size            
ffffffff  __TI_prof_data_start           
00000000  __TI_static_base__             
00000e87  __aeabi_memclr                 
00000e87  __aeabi_memclr4                
00000e87  __aeabi_memclr8                
00000c5d  __aeabi_memcpy                 
00000c5d  __aeabi_memcpy4                
00000c5d  __aeabi_memcpy8                
00000e89  __aeabi_memset                 
00000e89  __aeabi_memset4                
00000e89  __aeabi_memset8                
ffffffff  __binit__                      
ffffffff  __c_args__                     
0000168b  __mpu_init                     
20000ea0  __stack                        
000015a1  _args_main                     
000012a9  _c_int00                       
20001744  _lock                          
000015db  _nop                           
000015d3  _register_lock                 
000015cd  _register_unlock               
0000168d  _system_post_cinit             
00001687  _system_pre_init               
20001748  _unlock                        
00001301  abort                          
000009a9  adcHandler                     
00000f79  adjustments                    
ffffffff  binit                          
20001734  center                         
20000e8c  clk_counter                    
200016f8  confidence                     
00000f01  configADC                      
00000cf9  configBluetooth                
00000601  configPWM                      
00000bc1  configTimer                    
000013a1  copy_in                        
2000170c  eIndex                         
20001710  eIndex2                        
20001700  error                          
20001704  error2                         
2000026c  errorBuffer                    
00001309  exit                           
20000000  g_pfnRAMVectors                
00000000  g_pfnVectors                   
20000e9c  input                          
20000e90  kd                             
20000e94  kp                             
20001708  lastError                      
200016ec  lastmeanIndex                  
200016f4  lineLost                       
2000171c  lockLeft                       
20001720  lockRight                      
00000d85  main                           
20001754  main_func_sp                   
200016d4  max                            
200016dc  max2                           
200016b4  maxIndex                       
200016c0  maxIndex2                      
20001730  maxSpeed                       
200016d0  mean                           
200016f0  meanDiff                       
200016bc  meanIndex                      
200016c8  meanIndex2                     
00000c5d  memcpy                         
00000e8f  memset                         
200016d8  min                            
200016e0  min2                           
200016b8  minIndex                       
200016c4  minIndex2                      
2000172c  minSpeed                       
20001718  numD                           
2000066c  pingBuffer                     
200016a4  pingFull                       
200016ac  pingFull2                      
20000870  pongBuffer                     
200016a8  pongFull                       
200016b0  pongFull2                      
20000a74  pui32ADC0Value                 
20000e98  servoPos                       
20001724  setSpeed                       
20000c78  slope                          
0000026d  st                             
200016cc  sum                            
200016a0  threshold                      
20001728  timer_rate                     
200016e4  toggle                         
200016e8  toggle2                        


GLOBAL SYMBOLS: SORTED BY Symbol Address 

address   name                           
-------   ----                           
00000000  __TI_static_base__             
00000000  g_pfnVectors                   
0000026d  st                             
00000439  UARTIntHandler                 
00000601  configPWM                      
00000771  GPIOPadConfigSet               
00000800  __STACK_SIZE                   
000008a5  DifferentialControl            
000009a9  adcHandler                     
00000a65  FinalControl                   
00000b1d  SpeedControl                   
00000bc1  configTimer                    
00000c5d  __aeabi_memcpy                 
00000c5d  __aeabi_memcpy4                
00000c5d  __aeabi_memcpy8                
00000c5d  memcpy                         
00000cf9  configBluetooth                
00000d85  main                           
00000e0d  ADCSequenceStepConfigure       
00000e87  __aeabi_memclr                 
00000e87  __aeabi_memclr4                
00000e87  __aeabi_memclr8                
00000e89  __aeabi_memset                 
00000e89  __aeabi_memset4                
00000e89  __aeabi_memset8                
00000e8f  memset                         
00000f01  configADC                      
00000f79  adjustments                    
00000fe9  __TI_auto_init                 
000010c5  IntEnable                      
0000112d  ConfigureUART                  
00001191  Timer0IntHandler               
000011f1  UARTStdioConfig                
00001251  ADCSequenceConfigure           
000012a9  _c_int00                       
000012fd  C$$EXIT                        
00001301  abort                          
00001309  exit                           
000013a1  copy_in                        
000013ed  GPIOPinConfigure               
00001435  IntRegister                    
00001469  SysCtlPeripheralEnable         
0000149d  ProportionalControl            
000014c9  GPIODirModeSet                 
000014f3  PWMGenConfigure                
00001515  ADCSequenceDataGet             
00001533  PWMPulseWidthGet               
00001551  PWMPulseWidthSet               
0000156f  ADCIntRegister                 
00001587  ADCProcessorTrigger            
000015a1  _args_main                     
000015b9  SysCtlPWMClockSet              
000015cd  _register_unlock               
000015d3  _register_lock                 
000015db  _nop                           
000015e1  GPIOPinTypePWM                 
000015f3  PWMGenPeriodGet                
00001605  PWMOutputState                 
00001617  ADCIntEnable                   
00001627  PWMGenPeriodSet                
00001637  ADCSequenceEnable              
00001645  __TI_decompress_none           
00001653  PWMGenEnable                   
0000165f  ADCIntClear                    
00001669  GPIOPinRead                    
0000166f  GPIOPinWrite                   
00001675  ResetISR                       
0000167b  UARTClockSourceSet             
00001681  __TI_decompress_rle24          
00001687  _system_pre_init               
0000168b  __mpu_init                     
0000168d  _system_post_cinit             
00001804  __TI_Handler_Table_Base        
0000180c  __TI_CINIT_Base                
0000180c  __TI_Handler_Table_Limit       
00001824  __TI_CINIT_Limit               
20000000  g_pfnRAMVectors                
2000026c  errorBuffer                    
2000066c  pingBuffer                     
20000870  pongBuffer                     
20000a74  pui32ADC0Value                 
20000c78  slope                          
20000e7c  CValue                         
20000e80  Cdiff                          
20000e84  DValue                         
20000e88  PValue                         
20000e8c  clk_counter                    
20000e90  kd                             
20000e94  kp                             
20000e98  servoPos                       
20000e9c  input                          
20000ea0  __stack                        
20000fa0  __STACK_TOP                    
200016a0  __STACK_END                    
200016a0  threshold                      
200016a4  pingFull                       
200016a8  pongFull                       
200016ac  pingFull2                      
200016b0  pongFull2                      
200016b4  maxIndex                       
200016b8  minIndex                       
200016bc  meanIndex                      
200016c0  maxIndex2                      
200016c4  minIndex2                      
200016c8  meanIndex2                     
200016cc  sum                            
200016d0  mean                           
200016d4  max                            
200016d8  min                            
200016dc  max2                           
200016e0  min2                           
200016e4  toggle                         
200016e8  toggle2                        
200016ec  lastmeanIndex                  
200016f0  meanDiff                       
200016f4  lineLost                       
200016f8  confidence                     
200016fc  ServoStall                     
20001700  error                          
20001704  error2                         
20001708  lastError                      
2000170c  eIndex                         
20001710  eIndex2                        
20001714  N                              
20001718  numD                           
2000171c  lockLeft                       
20001720  lockRight                      
20001724  setSpeed                       
20001728  timer_rate                     
2000172c  minSpeed                       
20001730  maxSpeed                       
20001734  center                         
20001738  __TI_cleanup_ptr               
2000173c  __TI_dtors_ptr                 
20001740  __TI_enable_exit_profile_output
20001744  _lock                          
20001748  _unlock                        
20001754  main_func_sp                   
ffffffff  __TI_pprof_out_hndl            
ffffffff  __TI_prof_data_size            
ffffffff  __TI_prof_data_start           
ffffffff  __binit__                      
ffffffff  __c_args__                     
ffffffff  binit                          
UNDEFED   SHT$$INIT_ARRAY$$Base          
UNDEFED   SHT$$INIT_ARRAY$$Limit         

[146 symbols]
