<?xml version="1.0"?>
<link_info>
   <banner>TI ARM Linker PC v15.12.3.LTS</banner>
   <copyright>Copyright (c) 1996-2015 Texas Instruments Incorporated</copyright>
   <link_time>0x58c8841e</link_time>
   <link_errors>0x0</link_errors>
   <output_file>TimeTrial_1_EEC195B_9.7ftpersec.out</output_file>
   <entry_point>
      <name>_c_int00</name>
      <address>0x132d</address>
   </entry_point>
   <input_file_list>
      <input_file id="fl-2">
         <path>.\</path>
         <kind>object</kind>
         <file>main.0.obj</file>
         <name>main.0.obj</name>
      </input_file>
      <input_file id="fl-3">
         <path>.\</path>
         <kind>object</kind>
         <file>startup_ccs.obj</file>
         <name>startup_ccs.obj</name>
      </input_file>
      <input_file id="fl-4">
         <path>.\driverlib\</path>
         <kind>object</kind>
         <file>adc.obj</file>
         <name>adc.obj</name>
      </input_file>
      <input_file id="fl-5">
         <path>.\driverlib\</path>
         <kind>object</kind>
         <file>epi_workaround_ccs.obj</file>
         <name>epi_workaround_ccs.obj</name>
      </input_file>
      <input_file id="fl-6">
         <path>.\driverlib\</path>
         <kind>object</kind>
         <file>timer.obj</file>
         <name>timer.obj</name>
      </input_file>
      <input_file id="fl-7">
         <path>.\driverlib\</path>
         <kind>object</kind>
         <file>uart.obj</file>
         <name>uart.obj</name>
      </input_file>
      <input_file id="fl-8">
         <path>.\driverlib\</path>
         <kind>object</kind>
         <file>udma.obj</file>
         <name>udma.obj</name>
      </input_file>
      <input_file id="fl-9">
         <path>.\driverlib\</path>
         <kind>object</kind>
         <file>usb.obj</file>
         <name>usb.obj</name>
      </input_file>
      <input_file id="fl-a">
         <path>.\driverlib\</path>
         <kind>object</kind>
         <file>watchdog.obj</file>
         <name>watchdog.obj</name>
      </input_file>
      <input_file id="fl-b">
         <path>.\utils\</path>
         <kind>object</kind>
         <file>uartstdio.obj</file>
         <name>uartstdio.obj</name>
      </input_file>
      <input_file id="fl-15">
         <path>..\driverlib\ccs\Debug\</path>
         <kind>archive</kind>
         <file>driverlib.lib</file>
         <name>gpio.obj</name>
      </input_file>
      <input_file id="fl-16">
         <path>..\driverlib\ccs\Debug\</path>
         <kind>archive</kind>
         <file>driverlib.lib</file>
         <name>interrupt.obj</name>
      </input_file>
      <input_file id="fl-17">
         <path>..\driverlib\ccs\Debug\</path>
         <kind>archive</kind>
         <file>driverlib.lib</file>
         <name>pwm.obj</name>
      </input_file>
      <input_file id="fl-18">
         <path>..\driverlib\ccs\Debug\</path>
         <kind>archive</kind>
         <file>driverlib.lib</file>
         <name>sysctl.obj</name>
      </input_file>
      <input_file id="fl-19">
         <path>..\driverlib\ccs\Debug\</path>
         <kind>archive</kind>
         <file>driverlib.lib</file>
         <name>cpu.obj</name>
      </input_file>
      <input_file id="fl-cf">
         <path>C:\ti\ccsv6\tools\compiler\arm_15.12.3.LTS\lib\</path>
         <kind>archive</kind>
         <file>rtsv7M4_T_le_v4SPD16_eabi.lib</file>
         <name>boot.obj</name>
      </input_file>
      <input_file id="fl-d0">
         <path>C:\ti\ccsv6\tools\compiler\arm_15.12.3.LTS\lib\</path>
         <kind>archive</kind>
         <file>rtsv7M4_T_le_v4SPD16_eabi.lib</file>
         <name>copy_decompress_none.obj</name>
      </input_file>
      <input_file id="fl-d1">
         <path>C:\ti\ccsv6\tools\compiler\arm_15.12.3.LTS\lib\</path>
         <kind>archive</kind>
         <file>rtsv7M4_T_le_v4SPD16_eabi.lib</file>
         <name>copy_decompress_rle.obj</name>
      </input_file>
      <input_file id="fl-d2">
         <path>C:\ti\ccsv6\tools\compiler\arm_15.12.3.LTS\lib\</path>
         <kind>archive</kind>
         <file>rtsv7M4_T_le_v4SPD16_eabi.lib</file>
         <name>copy_zero_init.obj</name>
      </input_file>
      <input_file id="fl-d3">
         <path>C:\ti\ccsv6\tools\compiler\arm_15.12.3.LTS\lib\</path>
         <kind>archive</kind>
         <file>rtsv7M4_T_le_v4SPD16_eabi.lib</file>
         <name>exit.obj</name>
      </input_file>
      <input_file id="fl-d4">
         <path>C:\ti\ccsv6\tools\compiler\arm_15.12.3.LTS\lib\</path>
         <kind>archive</kind>
         <file>rtsv7M4_T_le_v4SPD16_eabi.lib</file>
         <name>memcpy_t2.obj</name>
      </input_file>
      <input_file id="fl-d5">
         <path>C:\ti\ccsv6\tools\compiler\arm_15.12.3.LTS\lib\</path>
         <kind>archive</kind>
         <file>rtsv7M4_T_le_v4SPD16_eabi.lib</file>
         <name>memset_t2.obj</name>
      </input_file>
      <input_file id="fl-d6">
         <path>C:\ti\ccsv6\tools\compiler\arm_15.12.3.LTS\lib\</path>
         <kind>archive</kind>
         <file>rtsv7M4_T_le_v4SPD16_eabi.lib</file>
         <name>mpu_init.obj</name>
      </input_file>
      <input_file id="fl-d7">
         <path>C:\ti\ccsv6\tools\compiler\arm_15.12.3.LTS\lib\</path>
         <kind>archive</kind>
         <file>rtsv7M4_T_le_v4SPD16_eabi.lib</file>
         <name>pre_init.obj</name>
      </input_file>
      <input_file id="fl-d8">
         <path>C:\ti\ccsv6\tools\compiler\arm_15.12.3.LTS\lib\</path>
         <kind>archive</kind>
         <file>rtsv7M4_T_le_v4SPD16_eabi.lib</file>
         <name>stkdepth_vars.obj</name>
      </input_file>
      <input_file id="fl-d9">
         <path>C:\ti\ccsv6\tools\compiler\arm_15.12.3.LTS\lib\</path>
         <kind>archive</kind>
         <file>rtsv7M4_T_le_v4SPD16_eabi.lib</file>
         <name>u_divt2.obj</name>
      </input_file>
      <input_file id="fl-da">
         <path>C:\ti\ccsv6\tools\compiler\arm_15.12.3.LTS\lib\</path>
         <kind>archive</kind>
         <file>rtsv7M4_T_le_v4SPD16_eabi.lib</file>
         <name>_lock.obj</name>
      </input_file>
      <input_file id="fl-db">
         <path>C:\ti\ccsv6\tools\compiler\arm_15.12.3.LTS\lib\</path>
         <kind>archive</kind>
         <file>rtsv7M4_T_le_v4SPD16_eabi.lib</file>
         <name>args_main.obj</name>
      </input_file>
      <input_file id="fl-dc">
         <path>C:\ti\ccsv6\tools\compiler\arm_15.12.3.LTS\lib\</path>
         <kind>archive</kind>
         <file>rtsv7M4_T_le_v4SPD16_eabi.lib</file>
         <name>autoinit.obj</name>
      </input_file>
      <input_file id="fl-dd">
         <path>C:\ti\ccsv6\tools\compiler\arm_15.12.3.LTS\lib\</path>
         <kind>archive</kind>
         <file>rtsv7M4_T_le_v4SPD16_eabi.lib</file>
         <name>cpy_tbl.obj</name>
      </input_file>
      <input_file id="fl-de">
         <path>C:\ti\ccsv6\tools\compiler\arm_15.12.3.LTS\lib\</path>
         <kind>archive</kind>
         <file>rtsv7M4_T_le_v4SPD16_eabi.lib</file>
         <name>i_div0.obj</name>
      </input_file>
      <input_file id="fl-df">
         <path>C:\ti\ccsv6\tools\compiler\arm_15.12.3.LTS\lib\</path>
         <kind>archive</kind>
         <file>rtsv7M4_T_le_v4SPD16_eabi.lib</file>
         <name>startup.obj</name>
      </input_file>
   </input_file_list>
   <object_component_list>
      <object_component id="oc-f">
         <name>.intvecs</name>
         <load_address>0x0</load_address>
         <run_address>0x0</run_address>
         <size>0x26c</size>
         <input_file_ref idref="fl-3"/>
      </object_component>
      <object_component id="oc-145">
         <name>.text:st</name>
         <load_address>0x26c</load_address>
         <run_address>0x26c</run_address>
         <size>0x1cc</size>
         <input_file_ref idref="fl-2"/>
      </object_component>
      <object_component id="oc-43">
         <name>.text:UARTIntHandler</name>
         <load_address>0x438</load_address>
         <run_address>0x438</run_address>
         <size>0x1c4</size>
         <input_file_ref idref="fl-2"/>
      </object_component>
      <object_component id="oc-14b">
         <name>.text:FinalControl</name>
         <load_address>0x5fc</load_address>
         <run_address>0x5fc</run_address>
         <size>0x1ac</size>
         <input_file_ref idref="fl-2"/>
      </object_component>
      <object_component id="oc-139">
         <name>.text:configPWM</name>
         <load_address>0x7a8</load_address>
         <run_address>0x7a8</run_address>
         <size>0x170</size>
         <input_file_ref idref="fl-2"/>
      </object_component>
      <object_component id="oc-242">
         <name>.text:GPIOPadConfigSet</name>
         <load_address>0x918</load_address>
         <run_address>0x918</run_address>
         <size>0x132</size>
         <input_file_ref idref="fl-15"/>
      </object_component>
      <object_component id="oc-37">
         <name>.text:FaultISR</name>
         <load_address>0xa4a</load_address>
         <run_address>0xa4a</run_address>
         <size>0x2</size>
         <input_file_ref idref="fl-3"/>
      </object_component>
      <object_component id="oc-1ef">
         <name>.text:DifferentialControl</name>
         <load_address>0xa4c</load_address>
         <run_address>0xa4c</run_address>
         <size>0x118</size>
         <input_file_ref idref="fl-2"/>
      </object_component>
      <object_component id="oc-1ab">
         <name>.text:adcHandler</name>
         <load_address>0xb64</load_address>
         <run_address>0xb64</run_address>
         <size>0xbc</size>
         <input_file_ref idref="fl-2"/>
      </object_component>
      <object_component id="oc-f5">
         <name>.text:main</name>
         <load_address>0xc20</load_address>
         <run_address>0xc20</run_address>
         <size>0xa0</size>
         <input_file_ref idref="fl-2"/>
      </object_component>
      <object_component id="oc-133">
         <name>.text:configTimer</name>
         <load_address>0xcc0</load_address>
         <run_address>0xcc0</run_address>
         <size>0x9c</size>
         <input_file_ref idref="fl-2"/>
      </object_component>
      <object_component id="oc-58">
         <name>.text</name>
         <load_address>0xd5c</load_address>
         <run_address>0xd5c</run_address>
         <size>0x9c</size>
         <input_file_ref idref="fl-d4"/>
      </object_component>
      <object_component id="oc-12d">
         <name>.text:configADC</name>
         <load_address>0xdf8</load_address>
         <run_address>0xdf8</run_address>
         <size>0x94</size>
         <input_file_ref idref="fl-2"/>
      </object_component>
      <object_component id="oc-13f">
         <name>.text:configBluetooth</name>
         <load_address>0xe8c</load_address>
         <run_address>0xe8c</run_address>
         <size>0x8c</size>
         <input_file_ref idref="fl-2"/>
      </object_component>
      <object_component id="oc-18d">
         <name>.text:ADCSequenceStepConfigure</name>
         <load_address>0xf18</load_address>
         <run_address>0xf18</run_address>
         <size>0x7a</size>
         <input_file_ref idref="fl-4"/>
      </object_component>
      <object_component id="oc-71">
         <name>.text</name>
         <load_address>0xf92</load_address>
         <run_address>0xf92</run_address>
         <size>0x7a</size>
         <input_file_ref idref="fl-d5"/>
      </object_component>
      <object_component id="oc-89">
         <name>.text</name>
         <load_address>0x100c</load_address>
         <run_address>0x100c</run_address>
         <size>0x70</size>
         <input_file_ref idref="fl-dc"/>
      </object_component>
      <object_component id="oc-64">
         <name>.text</name>
         <load_address>0x107c</load_address>
         <run_address>0x107c</run_address>
         <size>0x6a</size>
         <input_file_ref idref="fl-d1"/>
      </object_component>
      <object_component id="oc-3d">
         <name>.text:IntDefaultHandler</name>
         <load_address>0x10e6</load_address>
         <run_address>0x10e6</run_address>
         <size>0x2</size>
         <input_file_ref idref="fl-3"/>
      </object_component>
      <object_component id="oc-226">
         <name>.text:IntEnable</name>
         <load_address>0x10e8</load_address>
         <run_address>0x10e8</run_address>
         <size>0x68</size>
         <input_file_ref idref="fl-16"/>
      </object_component>
      <object_component id="oc-127">
         <name>.text:ConfigureUART</name>
         <load_address>0x1150</load_address>
         <run_address>0x1150</run_address>
         <size>0x64</size>
         <input_file_ref idref="fl-2"/>
      </object_component>
      <object_component id="oc-49">
         <name>.text:Timer0IntHandler</name>
         <load_address>0x11b4</load_address>
         <run_address>0x11b4</run_address>
         <size>0x60</size>
         <input_file_ref idref="fl-2"/>
      </object_component>
      <object_component id="oc-4f">
         <name>.text:Timer1IntHandler</name>
         <load_address>0x1214</load_address>
         <run_address>0x1214</run_address>
         <size>0x60</size>
         <input_file_ref idref="fl-2"/>
      </object_component>
      <object_component id="oc-17a">
         <name>.text:UARTStdioConfig</name>
         <load_address>0x1274</load_address>
         <run_address>0x1274</run_address>
         <size>0x60</size>
         <input_file_ref idref="fl-b"/>
      </object_component>
      <object_component id="oc-187">
         <name>.text:ADCSequenceConfigure</name>
         <load_address>0x12d4</load_address>
         <run_address>0x12d4</run_address>
         <size>0x58</size>
         <input_file_ref idref="fl-4"/>
      </object_component>
      <object_component id="oc-24">
         <name>.text</name>
         <load_address>0x132c</load_address>
         <run_address>0x132c</run_address>
         <size>0x54</size>
         <input_file_ref idref="fl-cf"/>
      </object_component>
      <object_component id="oc-95">
         <name>.text</name>
         <load_address>0x1380</load_address>
         <run_address>0x1380</run_address>
         <size>0x54</size>
         <input_file_ref idref="fl-d3"/>
      </object_component>
      <object_component id="oc-21a">
         <name>.text:_ADCIntNumberGet</name>
         <load_address>0x13d4</load_address>
         <run_address>0x13d4</run_address>
         <size>0x50</size>
         <input_file_ref idref="fl-4"/>
      </object_component>
      <object_component id="oc-e7">
         <name>.text</name>
         <load_address>0x1424</load_address>
         <run_address>0x1424</run_address>
         <size>0x4c</size>
         <input_file_ref idref="fl-dd"/>
      </object_component>
      <object_component id="oc-1b9">
         <name>.text:GPIOPinConfigure</name>
         <load_address>0x1470</load_address>
         <run_address>0x1470</run_address>
         <size>0x48</size>
         <input_file_ref idref="fl-15"/>
      </object_component>
      <object_component id="oc-220">
         <name>.text:IntRegister</name>
         <load_address>0x14b8</load_address>
         <run_address>0x14b8</run_address>
         <size>0x34</size>
         <input_file_ref idref="fl-16"/>
      </object_component>
      <object_component id="oc-181">
         <name>.text:SysCtlPeripheralEnable</name>
         <load_address>0x14ec</load_address>
         <run_address>0x14ec</run_address>
         <size>0x34</size>
         <input_file_ref idref="fl-18"/>
      </object_component>
      <object_component id="oc-1e9">
         <name>.text:ProportionalControl</name>
         <load_address>0x1520</load_address>
         <run_address>0x1520</run_address>
         <size>0x2c</size>
         <input_file_ref idref="fl-2"/>
      </object_component>
      <object_component id="oc-23c">
         <name>.text:GPIODirModeSet</name>
         <load_address>0x154c</load_address>
         <run_address>0x154c</run_address>
         <size>0x2a</size>
         <input_file_ref idref="fl-15"/>
      </object_component>
      <object_component id="oc-1c5">
         <name>.text:PWMGenConfigure</name>
         <load_address>0x1576</load_address>
         <run_address>0x1576</run_address>
         <size>0x22</size>
         <input_file_ref idref="fl-17"/>
      </object_component>
      <object_component id="oc-22f">
         <name>.text:ADCSequenceDataGet</name>
         <load_address>0x1598</load_address>
         <run_address>0x1598</run_address>
         <size>0x1e</size>
         <input_file_ref idref="fl-4"/>
      </object_component>
      <object_component id="oc-1f5">
         <name>.text:PWMPulseWidthGet</name>
         <load_address>0x15b6</load_address>
         <run_address>0x15b6</run_address>
         <size>0x1e</size>
         <input_file_ref idref="fl-17"/>
      </object_component>
      <object_component id="oc-a9">
         <name>.text:PWMPulseWidthSet</name>
         <load_address>0x15d4</load_address>
         <run_address>0x15d4</run_address>
         <size>0x1e</size>
         <input_file_ref idref="fl-17"/>
      </object_component>
      <object_component id="oc-199">
         <name>.text:ADCIntRegister</name>
         <load_address>0x15f2</load_address>
         <run_address>0x15f2</run_address>
         <size>0x18</size>
         <input_file_ref idref="fl-4"/>
      </object_component>
      <object_component id="oc-c1">
         <name>.text:ADCProcessorTrigger</name>
         <load_address>0x160a</load_address>
         <run_address>0x160a</run_address>
         <size>0x18</size>
         <input_file_ref idref="fl-4"/>
      </object_component>
      <object_component id="oc-31">
         <name>.text:NmiSR</name>
         <load_address>0x1622</load_address>
         <run_address>0x1622</run_address>
         <size>0x2</size>
         <input_file_ref idref="fl-3"/>
      </object_component>
      <object_component id="oc-8f">
         <name>.text</name>
         <load_address>0x1624</load_address>
         <run_address>0x1624</run_address>
         <size>0x18</size>
         <input_file_ref idref="fl-db"/>
      </object_component>
      <object_component id="oc-1b3">
         <name>.text:SysCtlPWMClockSet</name>
         <load_address>0x163c</load_address>
         <run_address>0x163c</run_address>
         <size>0x14</size>
         <input_file_ref idref="fl-18"/>
      </object_component>
      <object_component id="oc-15b">
         <name>.text</name>
         <load_address>0x1650</load_address>
         <run_address>0x1650</run_address>
         <size>0x14</size>
         <input_file_ref idref="fl-da"/>
      </object_component>
      <object_component id="oc-1bf">
         <name>.text:GPIOPinTypePWM</name>
         <load_address>0x1664</load_address>
         <run_address>0x1664</run_address>
         <size>0x12</size>
         <input_file_ref idref="fl-15"/>
      </object_component>
      <object_component id="oc-1d1">
         <name>.text:PWMGenPeriodGet</name>
         <load_address>0x1676</load_address>
         <run_address>0x1676</run_address>
         <size>0x12</size>
         <input_file_ref idref="fl-17"/>
      </object_component>
      <object_component id="oc-1d7">
         <name>.text:PWMOutputState</name>
         <load_address>0x1688</load_address>
         <run_address>0x1688</run_address>
         <size>0x12</size>
         <input_file_ref idref="fl-17"/>
      </object_component>
      <object_component id="oc-19f">
         <name>.text:ADCIntEnable</name>
         <load_address>0x169a</load_address>
         <run_address>0x169a</run_address>
         <size>0x10</size>
         <input_file_ref idref="fl-4"/>
      </object_component>
      <object_component id="oc-1cb">
         <name>.text:PWMGenPeriodSet</name>
         <load_address>0x16aa</load_address>
         <run_address>0x16aa</run_address>
         <size>0x10</size>
         <input_file_ref idref="fl-17"/>
      </object_component>
      <object_component id="oc-193">
         <name>.text:ADCSequenceEnable</name>
         <load_address>0x16ba</load_address>
         <run_address>0x16ba</run_address>
         <size>0xe</size>
         <input_file_ref idref="fl-4"/>
      </object_component>
      <object_component id="oc-12">
         <name>.text:decompress:none</name>
         <load_address>0x16c8</load_address>
         <run_address>0x16c8</run_address>
         <size>0xe</size>
         <input_file_ref idref="fl-d0"/>
      </object_component>
      <object_component id="oc-1dd">
         <name>.text:PWMGenEnable</name>
         <load_address>0x16d6</load_address>
         <run_address>0x16d6</run_address>
         <size>0xc</size>
         <input_file_ref idref="fl-17"/>
      </object_component>
      <object_component id="oc-1a5">
         <name>.text:ADCIntClear</name>
         <load_address>0x16e2</load_address>
         <run_address>0x16e2</run_address>
         <size>0xa</size>
         <input_file_ref idref="fl-4"/>
      </object_component>
      <object_component id="oc-af">
         <name>.text:GPIOPinRead</name>
         <load_address>0x16ec</load_address>
         <run_address>0x16ec</run_address>
         <size>0x6</size>
         <input_file_ref idref="fl-15"/>
      </object_component>
      <object_component id="oc-a3">
         <name>.text:GPIOPinWrite</name>
         <load_address>0x16f2</load_address>
         <run_address>0x16f2</run_address>
         <size>0x6</size>
         <input_file_ref idref="fl-15"/>
      </object_component>
      <object_component id="oc-2b">
         <name>.text:ResetISR</name>
         <load_address>0x16f8</load_address>
         <run_address>0x16f8</run_address>
         <size>0x6</size>
         <input_file_ref idref="fl-3"/>
      </object_component>
      <object_component id="oc-174">
         <name>.text:UARTClockSourceSet</name>
         <load_address>0x16fe</load_address>
         <run_address>0x16fe</run_address>
         <size>0x6</size>
         <input_file_ref idref="fl-7"/>
      </object_component>
      <object_component id="oc-18">
         <name>.text:decompress:rle24</name>
         <load_address>0x1704</load_address>
         <run_address>0x1704</run_address>
         <size>0x6</size>
         <input_file_ref idref="fl-d1"/>
      </object_component>
      <object_component id="oc-83">
         <name>.text</name>
         <load_address>0x170a</load_address>
         <run_address>0x170a</run_address>
         <size>0x4</size>
         <input_file_ref idref="fl-d7"/>
      </object_component>
      <object_component id="oc-7d">
         <name>.text</name>
         <load_address>0x170e</load_address>
         <run_address>0x170e</run_address>
         <size>0x2</size>
         <input_file_ref idref="fl-d6"/>
      </object_component>
      <object_component id="oc-ed">
         <name>.text</name>
         <load_address>0x1710</load_address>
         <run_address>0x1710</run_address>
         <size>0x2</size>
         <input_file_ref idref="fl-df"/>
      </object_component>
      <object_component id="oc-238">
         <name>.const:g_pui32GPIOBaseAddrs</name>
         <load_address>0x1714</load_address>
         <run_address>0x1714</run_address>
         <size>0x90</size>
         <input_file_ref idref="fl-15"/>
      </object_component>
      <object_component id="oc-26d">
         <name>.const</name>
         <load_address>0x17a4</load_address>
         <run_address>0x17a4</run_address>
         <size>0x70</size>
         <input_file_ref idref="fl-16"/>
      </object_component>
      <object_component id="oc-20a">
         <name>.const:g_ui32UARTBase</name>
         <load_address>0x1814</load_address>
         <run_address>0x1814</run_address>
         <size>0xc</size>
         <input_file_ref idref="fl-b"/>
      </object_component>
      <object_component id="oc-207">
         <name>.const:g_ui32UARTPeriph</name>
         <load_address>0x1820</load_address>
         <run_address>0x1820</run_address>
         <size>0xc</size>
         <input_file_ref idref="fl-b"/>
      </object_component>
      <object_component id="oc-29e">
         <name>.cinit..data.load</name>
         <load_address>0x1830</load_address>
         <run_address>0x1830</run_address>
         <size>0x3e</size>
      </object_component>
      <object_component id="oc-29f">
         <name>.cinit..bss.load</name>
         <load_address>0x1870</load_address>
         <run_address>0x1870</run_address>
         <size>0xb</size>
      </object_component>
      <object_component id="oc-29d">
         <name>.cinit..vtable.load</name>
         <load_address>0x1880</load_address>
         <run_address>0x1880</run_address>
         <size>0xb</size>
      </object_component>
      <object_component id="oc-29b">
         <name>__TI_handler_table</name>
         <load_address>0x188c</load_address>
         <run_address>0x188c</run_address>
         <size>0x8</size>
      </object_component>
      <object_component id="oc-29c">
         <name>__TI_cinit_table</name>
         <load_address>0x1894</load_address>
         <run_address>0x1894</run_address>
         <size>0x18</size>
      </object_component>
      <object_component id="oc-268">
         <name>.vtable</name>
         <uninitialized>true</uninitialized>
         <run_address>0x20000000</run_address>
         <size>0x26c</size>
         <input_file_ref idref="fl-16"/>
      </object_component>
      <object_component id="oc-b8">
         <name>.data</name>
         <load_address>0x200016a8</load_address>
         <run_address>0x200016a8</run_address>
         <size>0xb8</size>
         <input_file_ref idref="fl-2"/>
      </object_component>
      <object_component id="oc-20d">
         <name>.data</name>
         <load_address>0x20001774</load_address>
         <run_address>0x20001774</run_address>
         <size>0x5</size>
         <input_file_ref idref="fl-b"/>
      </object_component>
      <object_component id="oc-fd">
         <name>.data:$O1$$</name>
         <load_address>0x20001760</load_address>
         <run_address>0x20001760</run_address>
         <size>0xc</size>
         <input_file_ref idref="fl-d3"/>
      </object_component>
      <object_component id="oc-9b">
         <name>.data</name>
         <load_address>0x2000177c</load_address>
         <run_address>0x2000177c</run_address>
         <size>0x4</size>
         <input_file_ref idref="fl-d8"/>
      </object_component>
      <object_component id="oc-100">
         <name>.data:$O1$$</name>
         <load_address>0x2000176c</load_address>
         <run_address>0x2000176c</run_address>
         <size>0x8</size>
         <input_file_ref idref="fl-da"/>
      </object_component>
      <object_component id="oc-235">
         <name>.common:pui32ADC0Value</name>
         <uninitialized>true</uninitialized>
         <run_address>0x20000a74</run_address>
         <size>0x204</size>
      </object_component>
      <object_component id="oc-1e7">
         <name>.common:pingBuffer</name>
         <uninitialized>true</uninitialized>
         <run_address>0x2000066c</run_address>
         <size>0x204</size>
      </object_component>
      <object_component id="oc-1e6">
         <name>.common:pongBuffer</name>
         <uninitialized>true</uninitialized>
         <run_address>0x20000870</run_address>
         <size>0x204</size>
      </object_component>
      <object_component id="oc-1e5">
         <name>.common:slope</name>
         <uninitialized>true</uninitialized>
         <run_address>0x20000c78</run_address>
         <size>0x204</size>
      </object_component>
      <object_component id="oc-c7">
         <name>.common:clk_counter</name>
         <uninitialized>true</uninitialized>
         <run_address>0x20000e90</run_address>
         <size>0x4</size>
      </object_component>
      <object_component id="oc-c9">
         <name>.common:clk_counter2</name>
         <uninitialized>true</uninitialized>
         <run_address>0x20000e94</run_address>
         <size>0x4</size>
      </object_component>
      <object_component id="oc-b5">
         <name>.common:input</name>
         <uninitialized>true</uninitialized>
         <run_address>0x20000ea4</run_address>
         <size>0x1</size>
      </object_component>
      <object_component id="oc-24e">
         <name>.common:kp</name>
         <uninitialized>true</uninitialized>
         <run_address>0x20000e9c</run_address>
         <size>0x4</size>
      </object_component>
      <object_component id="oc-250">
         <name>.common:kd</name>
         <uninitialized>true</uninitialized>
         <run_address>0x20000e98</run_address>
         <size>0x4</size>
      </object_component>
      <object_component id="oc-1fe">
         <name>.common:PValue</name>
         <uninitialized>true</uninitialized>
         <run_address>0x20000e8c</run_address>
         <size>0x4</size>
      </object_component>
      <object_component id="oc-200">
         <name>.common:DValue</name>
         <uninitialized>true</uninitialized>
         <run_address>0x20000e88</run_address>
         <size>0x4</size>
      </object_component>
      <object_component id="oc-1fd">
         <name>.common:CValue</name>
         <uninitialized>true</uninitialized>
         <run_address>0x20000e7c</run_address>
         <size>0x4</size>
      </object_component>
      <object_component id="oc-1ff">
         <name>.common:Cdiff</name>
         <uninitialized>true</uninitialized>
         <run_address>0x20000e84</run_address>
         <size>0x4</size>
      </object_component>
      <object_component id="oc-1fc">
         <name>.common:CValueLast</name>
         <uninitialized>true</uninitialized>
         <run_address>0x20000e80</run_address>
         <size>0x4</size>
      </object_component>
      <object_component id="oc-1fb">
         <name>.common:servoPos</name>
         <uninitialized>true</uninitialized>
         <run_address>0x20000ea0</run_address>
         <size>0x4</size>
      </object_component>
      <object_component id="oc-251">
         <name>.common:errorBuffer</name>
         <uninitialized>true</uninitialized>
         <run_address>0x2000026c</run_address>
         <size>0x400</size>
      </object_component>
      <object_component id="oc-2a">
         <name>.stack</name>
         <uninitialized>true</uninitialized>
         <run_address>0x20000ea8</run_address>
         <size>0x0</size>
         <input_file_ref idref="fl-cf"/>
      </object_component>
      <object_component id="oc-2a0">
         <name>.stack</name>
         <uninitialized>true</uninitialized>
         <run_address>0x20000ea8</run_address>
         <size>0x0</size>
      </object_component>
      <object_component id="oc-b6">
         <name>.debug_info</name>
         <load_address>0x0</load_address>
         <run_address>0x0</run_address>
         <size>0x9f0</size>
         <input_file_ref idref="fl-2"/>
      </object_component>
      <object_component id="oc-b9">
         <name>.debug_info</name>
         <load_address>0x9f0</load_address>
         <run_address>0x9f0</run_address>
         <size>0x679</size>
         <input_file_ref idref="fl-2"/>
      </object_component>
      <object_component id="oc-146">
         <name>.debug_info</name>
         <load_address>0x1069</load_address>
         <run_address>0x1069</run_address>
         <size>0x132</size>
         <input_file_ref idref="fl-2"/>
      </object_component>
      <object_component id="oc-1ac">
         <name>.debug_info</name>
         <load_address>0x119b</load_address>
         <run_address>0x119b</run_address>
         <size>0x189</size>
         <input_file_ref idref="fl-2"/>
      </object_component>
      <object_component id="oc-128">
         <name>.debug_info</name>
         <load_address>0x1324</load_address>
         <run_address>0x1324</run_address>
         <size>0x179</size>
         <input_file_ref idref="fl-2"/>
      </object_component>
      <object_component id="oc-12e">
         <name>.debug_info</name>
         <load_address>0x149d</load_address>
         <run_address>0x149d</run_address>
         <size>0x1e4</size>
         <input_file_ref idref="fl-2"/>
      </object_component>
      <object_component id="oc-134">
         <name>.debug_info</name>
         <load_address>0x1681</load_address>
         <run_address>0x1681</run_address>
         <size>0x170</size>
         <input_file_ref idref="fl-2"/>
      </object_component>
      <object_component id="oc-13a">
         <name>.debug_info</name>
         <load_address>0x17f1</load_address>
         <run_address>0x17f1</run_address>
         <size>0x30c</size>
         <input_file_ref idref="fl-2"/>
      </object_component>
      <object_component id="oc-140">
         <name>.debug_info</name>
         <load_address>0x1afd</load_address>
         <run_address>0x1afd</run_address>
         <size>0x191</size>
         <input_file_ref idref="fl-2"/>
      </object_component>
      <object_component id="oc-1ea">
         <name>.debug_info</name>
         <load_address>0x1c8e</load_address>
         <run_address>0x1c8e</run_address>
         <size>0x133</size>
         <input_file_ref idref="fl-2"/>
      </object_component>
      <object_component id="oc-1f0">
         <name>.debug_info</name>
         <load_address>0x1dc1</load_address>
         <run_address>0x1dc1</run_address>
         <size>0x133</size>
         <input_file_ref idref="fl-2"/>
      </object_component>
      <object_component id="oc-14c">
         <name>.debug_info</name>
         <load_address>0x1ef4</load_address>
         <run_address>0x1ef4</run_address>
         <size>0x1e1</size>
         <input_file_ref idref="fl-2"/>
      </object_component>
      <object_component id="oc-f6">
         <name>.debug_info</name>
         <load_address>0x20d5</load_address>
         <run_address>0x20d5</run_address>
         <size>0x1c2</size>
         <input_file_ref idref="fl-2"/>
      </object_component>
      <object_component id="oc-46">
         <name>.debug_info</name>
         <load_address>0x2297</load_address>
         <run_address>0x2297</run_address>
         <size>0x236</size>
         <input_file_ref idref="fl-2"/>
      </object_component>
      <object_component id="oc-51">
         <name>.debug_info</name>
         <load_address>0x24cd</load_address>
         <run_address>0x24cd</run_address>
         <size>0x197</size>
         <input_file_ref idref="fl-2"/>
      </object_component>
      <object_component id="oc-4b">
         <name>.debug_info</name>
         <load_address>0x2664</load_address>
         <run_address>0x2664</run_address>
         <size>0x197</size>
         <input_file_ref idref="fl-2"/>
      </object_component>
      <object_component id="oc-10f">
         <name>.debug_info</name>
         <load_address>0x27fb</load_address>
         <run_address>0x27fb</run_address>
         <size>0x8b</size>
         <input_file_ref idref="fl-2"/>
      </object_component>
      <object_component id="oc-bc">
         <name>.debug_info</name>
         <load_address>0x2886</load_address>
         <run_address>0x2886</run_address>
         <size>0x18b</size>
         <input_file_ref idref="fl-2"/>
      </object_component>
      <object_component id="oc-57">
         <name>.debug_info</name>
         <load_address>0x2a11</load_address>
         <run_address>0x2a11</run_address>
         <size>0x182</size>
         <input_file_ref idref="fl-3"/>
      </object_component>
      <object_component id="oc-10">
         <name>.debug_info</name>
         <load_address>0x2b93</load_address>
         <run_address>0x2b93</run_address>
         <size>0xf9</size>
         <input_file_ref idref="fl-3"/>
      </object_component>
      <object_component id="oc-2c">
         <name>.debug_info</name>
         <load_address>0x2c8c</load_address>
         <run_address>0x2c8c</run_address>
         <size>0x129</size>
         <input_file_ref idref="fl-3"/>
      </object_component>
      <object_component id="oc-32">
         <name>.debug_info</name>
         <load_address>0x2db5</load_address>
         <run_address>0x2db5</run_address>
         <size>0x11a</size>
         <input_file_ref idref="fl-3"/>
      </object_component>
      <object_component id="oc-3f">
         <name>.debug_info</name>
         <load_address>0x2ecf</load_address>
         <run_address>0x2ecf</run_address>
         <size>0x132</size>
         <input_file_ref idref="fl-3"/>
      </object_component>
      <object_component id="oc-39">
         <name>.debug_info</name>
         <load_address>0x3001</load_address>
         <run_address>0x3001</run_address>
         <size>0x120</size>
         <input_file_ref idref="fl-3"/>
      </object_component>
      <object_component id="oc-d5">
         <name>.debug_info</name>
         <load_address>0x3121</load_address>
         <run_address>0x3121</run_address>
         <size>0x84</size>
         <input_file_ref idref="fl-3"/>
      </object_component>
      <object_component id="oc-117">
         <name>.debug_info</name>
         <load_address>0x31a5</load_address>
         <run_address>0x31a5</run_address>
         <size>0x1a5</size>
         <input_file_ref idref="fl-4"/>
      </object_component>
      <object_component id="oc-18e">
         <name>.debug_info</name>
         <load_address>0x334a</load_address>
         <run_address>0x334a</run_address>
         <size>0x257</size>
         <input_file_ref idref="fl-4"/>
      </object_component>
      <object_component id="oc-195">
         <name>.debug_info</name>
         <load_address>0x35a1</load_address>
         <run_address>0x35a1</run_address>
         <size>0x1c4</size>
         <input_file_ref idref="fl-4"/>
      </object_component>
      <object_component id="oc-231">
         <name>.debug_info</name>
         <load_address>0x3765</load_address>
         <run_address>0x3765</run_address>
         <size>0x223</size>
         <input_file_ref idref="fl-4"/>
      </object_component>
      <object_component id="oc-189">
         <name>.debug_info</name>
         <load_address>0x3988</load_address>
         <run_address>0x3988</run_address>
         <size>0x24a</size>
         <input_file_ref idref="fl-4"/>
      </object_component>
      <object_component id="oc-c2">
         <name>.debug_info</name>
         <load_address>0x3bd2</load_address>
         <run_address>0x3bd2</run_address>
         <size>0x1c8</size>
         <input_file_ref idref="fl-4"/>
      </object_component>
      <object_component id="oc-21b">
         <name>.debug_info</name>
         <load_address>0x3d9a</load_address>
         <run_address>0x3d9a</run_address>
         <size>0x1e3</size>
         <input_file_ref idref="fl-4"/>
      </object_component>
      <object_component id="oc-19a">
         <name>.debug_info</name>
         <load_address>0x3f7d</load_address>
         <run_address>0x3f7d</run_address>
         <size>0x203</size>
         <input_file_ref idref="fl-4"/>
      </object_component>
      <object_component id="oc-1a0">
         <name>.debug_info</name>
         <load_address>0x4180</load_address>
         <run_address>0x4180</run_address>
         <size>0x1ba</size>
         <input_file_ref idref="fl-4"/>
      </object_component>
      <object_component id="oc-1a7">
         <name>.debug_info</name>
         <load_address>0x433a</load_address>
         <run_address>0x433a</run_address>
         <size>0x1b8</size>
         <input_file_ref idref="fl-4"/>
      </object_component>
      <object_component id="oc-206">
         <name>.debug_info</name>
         <load_address>0x44f2</load_address>
         <run_address>0x44f2</run_address>
         <size>0x1cb</size>
         <input_file_ref idref="fl-7"/>
      </object_component>
      <object_component id="oc-175">
         <name>.debug_info</name>
         <load_address>0x46bd</load_address>
         <run_address>0x46bd</run_address>
         <size>0x1b5</size>
         <input_file_ref idref="fl-7"/>
      </object_component>
      <object_component id="oc-214">
         <name>.debug_info</name>
         <load_address>0x4872</load_address>
         <run_address>0x4872</run_address>
         <size>0x111</size>
         <input_file_ref idref="fl-b"/>
      </object_component>
      <object_component id="oc-20e">
         <name>.debug_info</name>
         <load_address>0x4983</load_address>
         <run_address>0x4983</run_address>
         <size>0xf8</size>
         <input_file_ref idref="fl-b"/>
      </object_component>
      <object_component id="oc-20b">
         <name>.debug_info</name>
         <load_address>0x4a7b</load_address>
         <run_address>0x4a7b</run_address>
         <size>0x100</size>
         <input_file_ref idref="fl-b"/>
      </object_component>
      <object_component id="oc-208">
         <name>.debug_info</name>
         <load_address>0x4b7b</load_address>
         <run_address>0x4b7b</run_address>
         <size>0x104</size>
         <input_file_ref idref="fl-b"/>
      </object_component>
      <object_component id="oc-210">
         <name>.debug_info</name>
         <load_address>0x4c7f</load_address>
         <run_address>0x4c7f</run_address>
         <size>0x1fc</size>
         <input_file_ref idref="fl-b"/>
      </object_component>
      <object_component id="oc-17c">
         <name>.debug_info</name>
         <load_address>0x4e7b</load_address>
         <run_address>0x4e7b</run_address>
         <size>0x214</size>
         <input_file_ref idref="fl-b"/>
      </object_component>
      <object_component id="oc-109">
         <name>.debug_info</name>
         <load_address>0x508f</load_address>
         <run_address>0x508f</run_address>
         <size>0x230</size>
         <input_file_ref idref="fl-15"/>
      </object_component>
      <object_component id="oc-239">
         <name>.debug_info</name>
         <load_address>0x52bf</load_address>
         <run_address>0x52bf</run_address>
         <size>0x15b</size>
         <input_file_ref idref="fl-15"/>
      </object_component>
      <object_component id="oc-a4">
         <name>.debug_info</name>
         <load_address>0x541a</load_address>
         <run_address>0x541a</run_address>
         <size>0x2a3</size>
         <input_file_ref idref="fl-15"/>
      </object_component>
      <object_component id="oc-23d">
         <name>.debug_info</name>
         <load_address>0x56bd</load_address>
         <run_address>0x56bd</run_address>
         <size>0x2b3</size>
         <input_file_ref idref="fl-15"/>
      </object_component>
      <object_component id="oc-243">
         <name>.debug_info</name>
         <load_address>0x5970</load_address>
         <run_address>0x5970</run_address>
         <size>0x316</size>
         <input_file_ref idref="fl-15"/>
      </object_component>
      <object_component id="oc-1c0">
         <name>.debug_info</name>
         <load_address>0x5c86</load_address>
         <run_address>0x5c86</run_address>
         <size>0x279</size>
         <input_file_ref idref="fl-15"/>
      </object_component>
      <object_component id="oc-b0">
         <name>.debug_info</name>
         <load_address>0x5eff</load_address>
         <run_address>0x5eff</run_address>
         <size>0x27b</size>
         <input_file_ref idref="fl-15"/>
      </object_component>
      <object_component id="oc-1ba">
         <name>.debug_info</name>
         <load_address>0x617a</load_address>
         <run_address>0x617a</run_address>
         <size>0x280</size>
         <input_file_ref idref="fl-15"/>
      </object_component>
      <object_component id="oc-26c">
         <name>.debug_info</name>
         <load_address>0x63fa</load_address>
         <run_address>0x63fa</run_address>
         <size>0x20e</size>
         <input_file_ref idref="fl-16"/>
      </object_component>
      <object_component id="oc-26e">
         <name>.debug_info</name>
         <load_address>0x6608</load_address>
         <run_address>0x6608</run_address>
         <size>0x210</size>
         <input_file_ref idref="fl-16"/>
      </object_component>
      <object_component id="oc-269">
         <name>.debug_info</name>
         <load_address>0x6818</load_address>
         <run_address>0x6818</run_address>
         <size>0x157</size>
         <input_file_ref idref="fl-16"/>
      </object_component>
      <object_component id="oc-223">
         <name>.debug_info</name>
         <load_address>0x696f</load_address>
         <run_address>0x696f</run_address>
         <size>0x2c1</size>
         <input_file_ref idref="fl-16"/>
      </object_component>
      <object_component id="oc-229">
         <name>.debug_info</name>
         <load_address>0x6c30</load_address>
         <run_address>0x6c30</run_address>
         <size>0x268</size>
         <input_file_ref idref="fl-16"/>
      </object_component>
      <object_component id="oc-10b">
         <name>.debug_info</name>
         <load_address>0x6e98</load_address>
         <run_address>0x6e98</run_address>
         <size>0x1ed</size>
         <input_file_ref idref="fl-17"/>
      </object_component>
      <object_component id="oc-aa">
         <name>.debug_info</name>
         <load_address>0x7085</load_address>
         <run_address>0x7085</run_address>
         <size>0x2f6</size>
         <input_file_ref idref="fl-17"/>
      </object_component>
      <object_component id="oc-1f6">
         <name>.debug_info</name>
         <load_address>0x737b</load_address>
         <run_address>0x737b</run_address>
         <size>0x2dd</size>
         <input_file_ref idref="fl-17"/>
      </object_component>
      <object_component id="oc-1d8">
         <name>.debug_info</name>
         <load_address>0x7658</load_address>
         <run_address>0x7658</run_address>
         <size>0x2c4</size>
         <input_file_ref idref="fl-17"/>
      </object_component>
      <object_component id="oc-1cc">
         <name>.debug_info</name>
         <load_address>0x791c</load_address>
         <run_address>0x791c</run_address>
         <size>0x2b6</size>
         <input_file_ref idref="fl-17"/>
      </object_component>
      <object_component id="oc-1d2">
         <name>.debug_info</name>
         <load_address>0x7bd2</load_address>
         <run_address>0x7bd2</run_address>
         <size>0x280</size>
         <input_file_ref idref="fl-17"/>
      </object_component>
      <object_component id="oc-1de">
         <name>.debug_info</name>
         <load_address>0x7e52</load_address>
         <run_address>0x7e52</run_address>
         <size>0x276</size>
         <input_file_ref idref="fl-17"/>
      </object_component>
      <object_component id="oc-1c6">
         <name>.debug_info</name>
         <load_address>0x80c8</load_address>
         <run_address>0x80c8</run_address>
         <size>0x2b3</size>
         <input_file_ref idref="fl-17"/>
      </object_component>
      <object_component id="oc-216">
         <name>.debug_info</name>
         <load_address>0x837b</load_address>
         <run_address>0x837b</run_address>
         <size>0x298</size>
         <input_file_ref idref="fl-18"/>
      </object_component>
      <object_component id="oc-185">
         <name>.debug_info</name>
         <load_address>0x8613</load_address>
         <run_address>0x8613</run_address>
         <size>0x27d</size>
         <input_file_ref idref="fl-18"/>
      </object_component>
      <object_component id="oc-1b7">
         <name>.debug_info</name>
         <load_address>0x8890</load_address>
         <run_address>0x8890</run_address>
         <size>0x263</size>
         <input_file_ref idref="fl-18"/>
      </object_component>
      <object_component id="oc-262">
         <name>.debug_info</name>
         <load_address>0x8af3</load_address>
         <run_address>0x8af3</run_address>
         <size>0x5f</size>
         <input_file_ref idref="fl-18"/>
      </object_component>
      <object_component id="oc-26">
         <name>.debug_info</name>
         <load_address>0x8b52</load_address>
         <run_address>0x8b52</run_address>
         <size>0x161</size>
         <input_file_ref idref="fl-cf"/>
      </object_component>
      <object_component id="oc-63">
         <name>.debug_info</name>
         <load_address>0x8cb3</load_address>
         <run_address>0x8cb3</run_address>
         <size>0x141</size>
         <input_file_ref idref="fl-d0"/>
      </object_component>
      <object_component id="oc-14">
         <name>.debug_info</name>
         <load_address>0x8df4</load_address>
         <run_address>0x8df4</run_address>
         <size>0x1e0</size>
         <input_file_ref idref="fl-d0"/>
      </object_component>
      <object_component id="oc-5e">
         <name>.debug_info</name>
         <load_address>0x8fd4</load_address>
         <run_address>0x8fd4</run_address>
         <size>0x46</size>
         <input_file_ref idref="fl-d0"/>
      </object_component>
      <object_component id="oc-ce">
         <name>.debug_info</name>
         <load_address>0x901a</load_address>
         <run_address>0x901a</run_address>
         <size>0x2c</size>
         <input_file_ref idref="fl-d0"/>
      </object_component>
      <object_component id="oc-6b">
         <name>.debug_info</name>
         <load_address>0x9046</load_address>
         <run_address>0x9046</run_address>
         <size>0x135</size>
         <input_file_ref idref="fl-d1"/>
      </object_component>
      <object_component id="oc-67">
         <name>.debug_info</name>
         <load_address>0x917b</load_address>
         <run_address>0x917b</run_address>
         <size>0x248</size>
         <input_file_ref idref="fl-d1"/>
      </object_component>
      <object_component id="oc-1b">
         <name>.debug_info</name>
         <load_address>0x93c3</load_address>
         <run_address>0x93c3</run_address>
         <size>0x1b2</size>
         <input_file_ref idref="fl-d1"/>
      </object_component>
      <object_component id="oc-6c">
         <name>.debug_info</name>
         <load_address>0x9575</load_address>
         <run_address>0x9575</run_address>
         <size>0x39</size>
         <input_file_ref idref="fl-d1"/>
      </object_component>
      <object_component id="oc-dd">
         <name>.debug_info</name>
         <load_address>0x95ae</load_address>
         <run_address>0x95ae</run_address>
         <size>0x2c</size>
         <input_file_ref idref="fl-d1"/>
      </object_component>
      <object_component id="oc-104">
         <name>.debug_info</name>
         <load_address>0x95da</load_address>
         <run_address>0x95da</run_address>
         <size>0x235</size>
         <input_file_ref idref="fl-d3"/>
      </object_component>
      <object_component id="oc-fe">
         <name>.debug_info</name>
         <load_address>0x980f</load_address>
         <run_address>0x980f</run_address>
         <size>0x186</size>
         <input_file_ref idref="fl-d3"/>
      </object_component>
      <object_component id="oc-98">
         <name>.debug_info</name>
         <load_address>0x9995</load_address>
         <run_address>0x9995</run_address>
         <size>0x215</size>
         <input_file_ref idref="fl-d3"/>
      </object_component>
      <object_component id="oc-59">
         <name>.debug_info</name>
         <load_address>0x9baa</load_address>
         <run_address>0x9baa</run_address>
         <size>0x112</size>
         <input_file_ref idref="fl-d4"/>
      </object_component>
      <object_component id="oc-74">
         <name>.debug_info</name>
         <load_address>0x9cbc</load_address>
         <run_address>0x9cbc</run_address>
         <size>0x140</size>
         <input_file_ref idref="fl-d5"/>
      </object_component>
      <object_component id="oc-80">
         <name>.debug_info</name>
         <load_address>0x9dfc</load_address>
         <run_address>0x9dfc</run_address>
         <size>0x139</size>
         <input_file_ref idref="fl-d6"/>
      </object_component>
      <object_component id="oc-84">
         <name>.debug_info</name>
         <load_address>0x9f35</load_address>
         <run_address>0x9f35</run_address>
         <size>0x149</size>
         <input_file_ref idref="fl-d7"/>
      </object_component>
      <object_component id="oc-9c">
         <name>.debug_info</name>
         <load_address>0xa07e</load_address>
         <run_address>0xa07e</run_address>
         <size>0x10a</size>
         <input_file_ref idref="fl-d8"/>
      </object_component>
      <object_component id="oc-163">
         <name>.debug_info</name>
         <load_address>0xa188</load_address>
         <run_address>0xa188</run_address>
         <size>0x125</size>
         <input_file_ref idref="fl-da"/>
      </object_component>
      <object_component id="oc-101">
         <name>.debug_info</name>
         <load_address>0xa2ad</load_address>
         <run_address>0xa2ad</run_address>
         <size>0x114</size>
         <input_file_ref idref="fl-da"/>
      </object_component>
      <object_component id="oc-15d">
         <name>.debug_info</name>
         <load_address>0xa3c1</load_address>
         <run_address>0xa3c1</run_address>
         <size>0x220</size>
         <input_file_ref idref="fl-da"/>
      </object_component>
      <object_component id="oc-fc">
         <name>.debug_info</name>
         <load_address>0xa5e1</load_address>
         <run_address>0xa5e1</run_address>
         <size>0x167</size>
         <input_file_ref idref="fl-db"/>
      </object_component>
      <object_component id="oc-93">
         <name>.debug_info</name>
         <load_address>0xa748</load_address>
         <run_address>0xa748</run_address>
         <size>0x168</size>
         <input_file_ref idref="fl-db"/>
      </object_component>
      <object_component id="oc-154">
         <name>.debug_info</name>
         <load_address>0xa8b0</load_address>
         <run_address>0xa8b0</run_address>
         <size>0x5e</size>
         <input_file_ref idref="fl-db"/>
      </object_component>
      <object_component id="oc-f4">
         <name>.debug_info</name>
         <load_address>0xa90e</load_address>
         <run_address>0xa90e</run_address>
         <size>0x2ea</size>
         <input_file_ref idref="fl-dc"/>
      </object_component>
      <object_component id="oc-8c">
         <name>.debug_info</name>
         <load_address>0xabf8</load_address>
         <run_address>0xabf8</run_address>
         <size>0x191</size>
         <input_file_ref idref="fl-dc"/>
      </object_component>
      <object_component id="oc-11d">
         <name>.debug_info</name>
         <load_address>0xad89</load_address>
         <run_address>0xad89</run_address>
         <size>0x39</size>
         <input_file_ref idref="fl-dc"/>
      </object_component>
      <object_component id="oc-122">
         <name>.debug_info</name>
         <load_address>0xadc2</load_address>
         <run_address>0xadc2</run_address>
         <size>0xcd</size>
         <input_file_ref idref="fl-dc"/>
      </object_component>
      <object_component id="oc-119">
         <name>.debug_info</name>
         <load_address>0xae8f</load_address>
         <run_address>0xae8f</run_address>
         <size>0x1e1</size>
         <input_file_ref idref="fl-dd"/>
      </object_component>
      <object_component id="oc-e8">
         <name>.debug_info</name>
         <load_address>0xb070</load_address>
         <run_address>0xb070</run_address>
         <size>0x184</size>
         <input_file_ref idref="fl-dd"/>
      </object_component>
      <object_component id="oc-16f">
         <name>.debug_info</name>
         <load_address>0xb1f4</load_address>
         <run_address>0xb1f4</run_address>
         <size>0x2c</size>
         <input_file_ref idref="fl-dd"/>
      </object_component>
      <object_component id="oc-ee">
         <name>.debug_info</name>
         <load_address>0xb220</load_address>
         <run_address>0xb220</run_address>
         <size>0x146</size>
         <input_file_ref idref="fl-df"/>
      </object_component>
      <object_component id="oc-2a1">
         <name>.debug_info</name>
         <load_address>0xb366</load_address>
         <run_address>0xb366</run_address>
         <size>0xbc</size>
      </object_component>
      <object_component id="oc-10e">
         <name>.debug_line</name>
         <load_address>0x0</load_address>
         <run_address>0x0</run_address>
         <size>0x117</size>
         <input_file_ref idref="fl-2"/>
      </object_component>
      <object_component id="oc-115">
         <name>.debug_line</name>
         <load_address>0x117</load_address>
         <run_address>0x117</run_address>
         <size>0x2f</size>
         <input_file_ref idref="fl-2"/>
      </object_component>
      <object_component id="oc-14a">
         <name>.debug_line</name>
         <load_address>0x146</load_address>
         <run_address>0x146</run_address>
         <size>0x14a</size>
         <input_file_ref idref="fl-2"/>
      </object_component>
      <object_component id="oc-1b0">
         <name>.debug_line</name>
         <load_address>0x290</load_address>
         <run_address>0x290</run_address>
         <size>0x8c</size>
         <input_file_ref idref="fl-2"/>
      </object_component>
      <object_component id="oc-12c">
         <name>.debug_line</name>
         <load_address>0x31c</load_address>
         <run_address>0x31c</run_address>
         <size>0x4a</size>
         <input_file_ref idref="fl-2"/>
      </object_component>
      <object_component id="oc-132">
         <name>.debug_line</name>
         <load_address>0x366</load_address>
         <run_address>0x366</run_address>
         <size>0x51</size>
         <input_file_ref idref="fl-2"/>
      </object_component>
      <object_component id="oc-138">
         <name>.debug_line</name>
         <load_address>0x3b7</load_address>
         <run_address>0x3b7</run_address>
         <size>0x55</size>
         <input_file_ref idref="fl-2"/>
      </object_component>
      <object_component id="oc-13d">
         <name>.debug_line</name>
         <load_address>0x40c</load_address>
         <run_address>0x40c</run_address>
         <size>0x7d</size>
         <input_file_ref idref="fl-2"/>
      </object_component>
      <object_component id="oc-143">
         <name>.debug_line</name>
         <load_address>0x489</load_address>
         <run_address>0x489</run_address>
         <size>0x4e</size>
         <input_file_ref idref="fl-2"/>
      </object_component>
      <object_component id="oc-1ee">
         <name>.debug_line</name>
         <load_address>0x4d7</load_address>
         <run_address>0x4d7</run_address>
         <size>0x47</size>
         <input_file_ref idref="fl-2"/>
      </object_component>
      <object_component id="oc-1f3">
         <name>.debug_line</name>
         <load_address>0x51e</load_address>
         <run_address>0x51e</run_address>
         <size>0x84</size>
         <input_file_ref idref="fl-2"/>
      </object_component>
      <object_component id="oc-14f">
         <name>.debug_line</name>
         <load_address>0x5a2</load_address>
         <run_address>0x5a2</run_address>
         <size>0x124</size>
         <input_file_ref idref="fl-2"/>
      </object_component>
      <object_component id="oc-f9">
         <name>.debug_line</name>
         <load_address>0x6c6</load_address>
         <run_address>0x6c6</run_address>
         <size>0x65</size>
         <input_file_ref idref="fl-2"/>
      </object_component>
      <object_component id="oc-44">
         <name>.debug_line</name>
         <load_address>0x72b</load_address>
         <run_address>0x72b</run_address>
         <size>0x130</size>
         <input_file_ref idref="fl-2"/>
      </object_component>
      <object_component id="oc-50">
         <name>.debug_line</name>
         <load_address>0x85b</load_address>
         <run_address>0x85b</run_address>
         <size>0x50</size>
         <input_file_ref idref="fl-2"/>
      </object_component>
      <object_component id="oc-4a">
         <name>.debug_line</name>
         <load_address>0x8ab</load_address>
         <run_address>0x8ab</run_address>
         <size>0x53</size>
         <input_file_ref idref="fl-2"/>
      </object_component>
      <object_component id="oc-112">
         <name>.debug_line</name>
         <load_address>0x8fe</load_address>
         <run_address>0x8fe</run_address>
         <size>0x20</size>
         <input_file_ref idref="fl-2"/>
      </object_component>
      <object_component id="oc-bf">
         <name>.debug_line</name>
         <load_address>0x91e</load_address>
         <run_address>0x91e</run_address>
         <size>0x5f</size>
         <input_file_ref idref="fl-2"/>
      </object_component>
      <object_component id="oc-cc">
         <name>.debug_line</name>
         <load_address>0x97d</load_address>
         <run_address>0x97d</run_address>
         <size>0x34</size>
         <input_file_ref idref="fl-3"/>
      </object_component>
      <object_component id="oc-56">
         <name>.debug_line</name>
         <load_address>0x9b1</load_address>
         <run_address>0x9b1</run_address>
         <size>0x34</size>
         <input_file_ref idref="fl-3"/>
      </object_component>
      <object_component id="oc-2f">
         <name>.debug_line</name>
         <load_address>0x9e5</load_address>
         <run_address>0x9e5</run_address>
         <size>0x46</size>
         <input_file_ref idref="fl-3"/>
      </object_component>
      <object_component id="oc-35">
         <name>.debug_line</name>
         <load_address>0xa2b</load_address>
         <run_address>0xa2b</run_address>
         <size>0x49</size>
         <input_file_ref idref="fl-3"/>
      </object_component>
      <object_component id="oc-3e">
         <name>.debug_line</name>
         <load_address>0xa74</load_address>
         <run_address>0xa74</run_address>
         <size>0x49</size>
         <input_file_ref idref="fl-3"/>
      </object_component>
      <object_component id="oc-38">
         <name>.debug_line</name>
         <load_address>0xabd</load_address>
         <run_address>0xabd</run_address>
         <size>0x49</size>
         <input_file_ref idref="fl-3"/>
      </object_component>
      <object_component id="oc-d8">
         <name>.debug_line</name>
         <load_address>0xb06</load_address>
         <run_address>0xb06</run_address>
         <size>0x20</size>
         <input_file_ref idref="fl-3"/>
      </object_component>
      <object_component id="oc-16c">
         <name>.debug_line</name>
         <load_address>0xb26</load_address>
         <run_address>0xb26</run_address>
         <size>0x5b</size>
         <input_file_ref idref="fl-4"/>
      </object_component>
      <object_component id="oc-192">
         <name>.debug_line</name>
         <load_address>0xb81</load_address>
         <run_address>0xb81</run_address>
         <size>0x61</size>
         <input_file_ref idref="fl-4"/>
      </object_component>
      <object_component id="oc-198">
         <name>.debug_line</name>
         <load_address>0xbe2</load_address>
         <run_address>0xbe2</run_address>
         <size>0x4b</size>
         <input_file_ref idref="fl-4"/>
      </object_component>
      <object_component id="oc-234">
         <name>.debug_line</name>
         <load_address>0xc2d</load_address>
         <run_address>0xc2d</run_address>
         <size>0x56</size>
         <input_file_ref idref="fl-4"/>
      </object_component>
      <object_component id="oc-18c">
         <name>.debug_line</name>
         <load_address>0xc83</load_address>
         <run_address>0xc83</run_address>
         <size>0x5e</size>
         <input_file_ref idref="fl-4"/>
      </object_component>
      <object_component id="oc-c5">
         <name>.debug_line</name>
         <load_address>0xce1</load_address>
         <run_address>0xce1</run_address>
         <size>0x4b</size>
         <input_file_ref idref="fl-4"/>
      </object_component>
      <object_component id="oc-21e">
         <name>.debug_line</name>
         <load_address>0xd2c</load_address>
         <run_address>0xd2c</run_address>
         <size>0x5c</size>
         <input_file_ref idref="fl-4"/>
      </object_component>
      <object_component id="oc-19d">
         <name>.debug_line</name>
         <load_address>0xd88</load_address>
         <run_address>0xd88</run_address>
         <size>0x52</size>
         <input_file_ref idref="fl-4"/>
      </object_component>
      <object_component id="oc-1a3">
         <name>.debug_line</name>
         <load_address>0xdda</load_address>
         <run_address>0xdda</run_address>
         <size>0x4c</size>
         <input_file_ref idref="fl-4"/>
      </object_component>
      <object_component id="oc-1a6">
         <name>.debug_line</name>
         <load_address>0xe26</load_address>
         <run_address>0xe26</run_address>
         <size>0x4b</size>
         <input_file_ref idref="fl-4"/>
      </object_component>
      <object_component id="oc-255">
         <name>.debug_line</name>
         <load_address>0xe71</load_address>
         <run_address>0xe71</run_address>
         <size>0x5b</size>
         <input_file_ref idref="fl-7"/>
      </object_component>
      <object_component id="oc-178">
         <name>.debug_line</name>
         <load_address>0xecc</load_address>
         <run_address>0xecc</run_address>
         <size>0x4c</size>
         <input_file_ref idref="fl-7"/>
      </object_component>
      <object_component id="oc-25f">
         <name>.debug_line</name>
         <load_address>0xf18</load_address>
         <run_address>0xf18</run_address>
         <size>0x20</size>
         <input_file_ref idref="fl-b"/>
      </object_component>
      <object_component id="oc-25b">
         <name>.debug_line</name>
         <load_address>0xf38</load_address>
         <run_address>0xf38</run_address>
         <size>0x38</size>
         <input_file_ref idref="fl-b"/>
      </object_component>
      <object_component id="oc-259">
         <name>.debug_line</name>
         <load_address>0xf70</load_address>
         <run_address>0xf70</run_address>
         <size>0x38</size>
         <input_file_ref idref="fl-b"/>
      </object_component>
      <object_component id="oc-257">
         <name>.debug_line</name>
         <load_address>0xfa8</load_address>
         <run_address>0xfa8</run_address>
         <size>0x38</size>
         <input_file_ref idref="fl-b"/>
      </object_component>
      <object_component id="oc-25d">
         <name>.debug_line</name>
         <load_address>0xfe0</load_address>
         <run_address>0xfe0</run_address>
         <size>0x93</size>
         <input_file_ref idref="fl-b"/>
      </object_component>
      <object_component id="oc-17e">
         <name>.debug_line</name>
         <load_address>0x1073</load_address>
         <run_address>0x1073</run_address>
         <size>0x59</size>
         <input_file_ref idref="fl-b"/>
      </object_component>
      <object_component id="oc-168">
         <name>.debug_line</name>
         <load_address>0x10cc</load_address>
         <run_address>0x10cc</run_address>
         <size>0x82</size>
         <input_file_ref idref="fl-15"/>
      </object_component>
      <object_component id="oc-273">
         <name>.debug_line</name>
         <load_address>0x114e</load_address>
         <run_address>0x114e</run_address>
         <size>0x7d</size>
         <input_file_ref idref="fl-15"/>
      </object_component>
      <object_component id="oc-a7">
         <name>.debug_line</name>
         <load_address>0x11cb</load_address>
         <run_address>0x11cb</run_address>
         <size>0x92</size>
         <input_file_ref idref="fl-15"/>
      </object_component>
      <object_component id="oc-240">
         <name>.debug_line</name>
         <load_address>0x125d</load_address>
         <run_address>0x125d</run_address>
         <size>0x95</size>
         <input_file_ref idref="fl-15"/>
      </object_component>
      <object_component id="oc-246">
         <name>.debug_line</name>
         <load_address>0x12f2</load_address>
         <run_address>0x12f2</run_address>
         <size>0xd1</size>
         <input_file_ref idref="fl-15"/>
      </object_component>
      <object_component id="oc-1c3">
         <name>.debug_line</name>
         <load_address>0x13c3</load_address>
         <run_address>0x13c3</run_address>
         <size>0x93</size>
         <input_file_ref idref="fl-15"/>
      </object_component>
      <object_component id="oc-b3">
         <name>.debug_line</name>
         <load_address>0x1456</load_address>
         <run_address>0x1456</run_address>
         <size>0x92</size>
         <input_file_ref idref="fl-15"/>
      </object_component>
      <object_component id="oc-1bd">
         <name>.debug_line</name>
         <load_address>0x14e8</load_address>
         <run_address>0x14e8</run_address>
         <size>0xa7</size>
         <input_file_ref idref="fl-15"/>
      </object_component>
      <object_component id="oc-279">
         <name>.debug_line</name>
         <load_address>0x158f</load_address>
         <run_address>0x158f</run_address>
         <size>0x7c</size>
         <input_file_ref idref="fl-16"/>
      </object_component>
      <object_component id="oc-27b">
         <name>.debug_line</name>
         <load_address>0x160b</load_address>
         <run_address>0x160b</run_address>
         <size>0x82</size>
         <input_file_ref idref="fl-16"/>
      </object_component>
      <object_component id="oc-277">
         <name>.debug_line</name>
         <load_address>0x168d</load_address>
         <run_address>0x168d</run_address>
         <size>0x82</size>
         <input_file_ref idref="fl-16"/>
      </object_component>
      <object_component id="oc-225">
         <name>.debug_line</name>
         <load_address>0x170f</load_address>
         <run_address>0x170f</run_address>
         <size>0xaf</size>
         <input_file_ref idref="fl-16"/>
      </object_component>
      <object_component id="oc-22b">
         <name>.debug_line</name>
         <load_address>0x17be</load_address>
         <run_address>0x17be</run_address>
         <size>0xc2</size>
         <input_file_ref idref="fl-16"/>
      </object_component>
      <object_component id="oc-16a">
         <name>.debug_line</name>
         <load_address>0x1880</load_address>
         <run_address>0x1880</run_address>
         <size>0x82</size>
         <input_file_ref idref="fl-17"/>
      </object_component>
      <object_component id="oc-ad">
         <name>.debug_line</name>
         <load_address>0x1902</load_address>
         <run_address>0x1902</run_address>
         <size>0x9e</size>
         <input_file_ref idref="fl-17"/>
      </object_component>
      <object_component id="oc-1f9">
         <name>.debug_line</name>
         <load_address>0x19a0</load_address>
         <run_address>0x19a0</run_address>
         <size>0xa0</size>
         <input_file_ref idref="fl-17"/>
      </object_component>
      <object_component id="oc-1db">
         <name>.debug_line</name>
         <load_address>0x1a40</load_address>
         <run_address>0x1a40</run_address>
         <size>0x95</size>
         <input_file_ref idref="fl-17"/>
      </object_component>
      <object_component id="oc-1cf">
         <name>.debug_line</name>
         <load_address>0x1ad5</load_address>
         <run_address>0x1ad5</run_address>
         <size>0x96</size>
         <input_file_ref idref="fl-17"/>
      </object_component>
      <object_component id="oc-1d5">
         <name>.debug_line</name>
         <load_address>0x1b6b</load_address>
         <run_address>0x1b6b</run_address>
         <size>0x94</size>
         <input_file_ref idref="fl-17"/>
      </object_component>
      <object_component id="oc-1e1">
         <name>.debug_line</name>
         <load_address>0x1bff</load_address>
         <run_address>0x1bff</run_address>
         <size>0x91</size>
         <input_file_ref idref="fl-17"/>
      </object_component>
      <object_component id="oc-1c9">
         <name>.debug_line</name>
         <load_address>0x1c90</load_address>
         <run_address>0x1c90</run_address>
         <size>0x9b</size>
         <input_file_ref idref="fl-17"/>
      </object_component>
      <object_component id="oc-261">
         <name>.debug_line</name>
         <load_address>0x1d2b</load_address>
         <run_address>0x1d2b</run_address>
         <size>0x13d</size>
         <input_file_ref idref="fl-18"/>
      </object_component>
      <object_component id="oc-182">
         <name>.debug_line</name>
         <load_address>0x1e68</load_address>
         <run_address>0x1e68</run_address>
         <size>0x94</size>
         <input_file_ref idref="fl-18"/>
      </object_component>
      <object_component id="oc-1b4">
         <name>.debug_line</name>
         <load_address>0x1efc</load_address>
         <run_address>0x1efc</run_address>
         <size>0x94</size>
         <input_file_ref idref="fl-18"/>
      </object_component>
      <object_component id="oc-265">
         <name>.debug_line</name>
         <load_address>0x1f90</load_address>
         <run_address>0x1f90</run_address>
         <size>0x7f</size>
         <input_file_ref idref="fl-18"/>
      </object_component>
      <object_component id="oc-28">
         <name>.debug_line</name>
         <load_address>0x200f</load_address>
         <run_address>0x200f</run_address>
         <size>0x53</size>
         <input_file_ref idref="fl-cf"/>
      </object_component>
      <object_component id="oc-d4">
         <name>.debug_line</name>
         <load_address>0x2062</load_address>
         <run_address>0x2062</run_address>
         <size>0x8a</size>
         <input_file_ref idref="fl-d0"/>
      </object_component>
      <object_component id="oc-13">
         <name>.debug_line</name>
         <load_address>0x20ec</load_address>
         <run_address>0x20ec</run_address>
         <size>0x55</size>
         <input_file_ref idref="fl-d0"/>
      </object_component>
      <object_component id="oc-61">
         <name>.debug_line</name>
         <load_address>0x2141</load_address>
         <run_address>0x2141</run_address>
         <size>0x3a</size>
         <input_file_ref idref="fl-d0"/>
      </object_component>
      <object_component id="oc-d1">
         <name>.debug_line</name>
         <load_address>0x217b</load_address>
         <run_address>0x217b</run_address>
         <size>0x8a</size>
         <input_file_ref idref="fl-d0"/>
      </object_component>
      <object_component id="oc-dc">
         <name>.debug_line</name>
         <load_address>0x2205</load_address>
         <run_address>0x2205</run_address>
         <size>0x8a</size>
         <input_file_ref idref="fl-d1"/>
      </object_component>
      <object_component id="oc-66">
         <name>.debug_line</name>
         <load_address>0x228f</load_address>
         <run_address>0x228f</run_address>
         <size>0x98</size>
         <input_file_ref idref="fl-d1"/>
      </object_component>
      <object_component id="oc-1a">
         <name>.debug_line</name>
         <load_address>0x2327</load_address>
         <run_address>0x2327</run_address>
         <size>0x4b</size>
         <input_file_ref idref="fl-d1"/>
      </object_component>
      <object_component id="oc-6f">
         <name>.debug_line</name>
         <load_address>0x2372</load_address>
         <run_address>0x2372</run_address>
         <size>0x39</size>
         <input_file_ref idref="fl-d1"/>
      </object_component>
      <object_component id="oc-e0">
         <name>.debug_line</name>
         <load_address>0x23ab</load_address>
         <run_address>0x23ab</run_address>
         <size>0x8a</size>
         <input_file_ref idref="fl-d1"/>
      </object_component>
      <object_component id="oc-166">
         <name>.debug_line</name>
         <load_address>0x2435</load_address>
         <run_address>0x2435</run_address>
         <size>0xf2</size>
         <input_file_ref idref="fl-d3"/>
      </object_component>
      <object_component id="oc-15a">
         <name>.debug_line</name>
         <load_address>0x2527</load_address>
         <run_address>0x2527</run_address>
         <size>0x2a</size>
         <input_file_ref idref="fl-d3"/>
      </object_component>
      <object_component id="oc-96">
         <name>.debug_line</name>
         <load_address>0x2551</load_address>
         <run_address>0x2551</run_address>
         <size>0x86</size>
         <input_file_ref idref="fl-d3"/>
      </object_component>
      <object_component id="oc-5c">
         <name>.debug_line</name>
         <load_address>0x25d7</load_address>
         <run_address>0x25d7</run_address>
         <size>0x88</size>
         <input_file_ref idref="fl-d4"/>
      </object_component>
      <object_component id="oc-73">
         <name>.debug_line</name>
         <load_address>0x265f</load_address>
         <run_address>0x265f</run_address>
         <size>0x79</size>
         <input_file_ref idref="fl-d5"/>
      </object_component>
      <object_component id="oc-82">
         <name>.debug_line</name>
         <load_address>0x26d8</load_address>
         <run_address>0x26d8</run_address>
         <size>0x3d</size>
         <input_file_ref idref="fl-d6"/>
      </object_component>
      <object_component id="oc-88">
         <name>.debug_line</name>
         <load_address>0x2715</load_address>
         <run_address>0x2715</run_address>
         <size>0x40</size>
         <input_file_ref idref="fl-d7"/>
      </object_component>
      <object_component id="oc-107">
         <name>.debug_line</name>
         <load_address>0x2755</load_address>
         <run_address>0x2755</run_address>
         <size>0x33</size>
         <input_file_ref idref="fl-d8"/>
      </object_component>
      <object_component id="oc-204">
         <name>.debug_line</name>
         <load_address>0x2788</load_address>
[...]
         <name>timer_rate</name>
         <value>0x20001710</value>
         <object_component_ref idref="oc-b8"/>
      </symbol>
      <symbol id="sm-1a0">
         <name>max2</name>
         <value>0x200016f4</value>
         <object_component_ref idref="oc-b8"/>
      </symbol>
      <symbol id="sm-1a1">
         <name>configTimer</name>
         <value>0xcc1</value>
         <object_component_ref idref="oc-133"/>
      </symbol>
      <symbol id="sm-1a2">
         <name>movingAverage2</name>
         <value>0x20001748</value>
         <object_component_ref idref="oc-b8"/>
      </symbol>
      <symbol id="sm-1a3">
         <name>min2</name>
         <value>0x200016f8</value>
         <object_component_ref idref="oc-b8"/>
      </symbol>
      <symbol id="sm-1a4">
         <name>lockRight</name>
         <value>0x20001738</value>
         <object_component_ref idref="oc-b8"/>
      </symbol>
      <symbol id="sm-1a5">
         <name>meanDiff</name>
         <value>0x200016cc</value>
         <object_component_ref idref="oc-b8"/>
      </symbol>
      <symbol id="sm-1a6">
         <name>maxIndex</name>
         <value>0x200016bc</value>
         <object_component_ref idref="oc-b8"/>
      </symbol>
      <symbol id="sm-1a7">
         <name>lastmeanIndex</name>
         <value>0x200016c8</value>
         <object_component_ref idref="oc-b8"/>
      </symbol>
      <symbol id="sm-1a8">
         <name>minIndex2</name>
         <value>0x200016d4</value>
         <object_component_ref idref="oc-b8"/>
      </symbol>
      <symbol id="sm-1a9">
         <name>pongFull2</name>
         <value>0x200016b8</value>
         <object_component_ref idref="oc-b8"/>
      </symbol>
      <symbol id="sm-1aa">
         <name>error</name>
         <value>0x20001718</value>
         <object_component_ref idref="oc-b8"/>
      </symbol>
      <symbol id="sm-1ab">
         <name>N</name>
         <value>0x2000173c</value>
         <object_component_ref idref="oc-b8"/>
      </symbol>
      <symbol id="sm-1ac">
         <name>configBluetooth</name>
         <value>0xe8d</value>
         <object_component_ref idref="oc-13f"/>
      </symbol>
      <symbol id="sm-1ad">
         <name>pongFull</name>
         <value>0x200016b0</value>
         <object_component_ref idref="oc-b8"/>
      </symbol>
      <symbol id="sm-1ae">
         <name>meanIndex2</name>
         <value>0x200016d8</value>
         <object_component_ref idref="oc-b8"/>
      </symbol>
      <symbol id="sm-1af">
         <name>st</name>
         <value>0x26d</value>
         <object_component_ref idref="oc-145"/>
      </symbol>
      <symbol id="sm-1b0">
         <name>toggle</name>
         <value>0x20001704</value>
         <object_component_ref idref="oc-b8"/>
      </symbol>
      <symbol id="sm-1b1">
         <name>minSpeed</name>
         <value>0x20001754</value>
         <object_component_ref idref="oc-b8"/>
      </symbol>
      <symbol id="sm-1b2">
         <name>movingAverage</name>
         <value>0x20001744</value>
         <object_component_ref idref="oc-b8"/>
      </symbol>
      <symbol id="sm-1b3">
         <name>UARTIntHandler</name>
         <value>0x439</value>
         <object_component_ref idref="oc-43"/>
      </symbol>
      <symbol id="sm-1b4">
         <name>main</name>
         <value>0xc21</value>
         <object_component_ref idref="oc-f5"/>
      </symbol>
      <symbol id="sm-1b5">
         <name>toggle2</name>
         <value>0x20001708</value>
         <object_component_ref idref="oc-b8"/>
      </symbol>
      <symbol id="sm-1b6">
         <name>eIndex2</name>
         <value>0x2000172c</value>
         <object_component_ref idref="oc-b8"/>
      </symbol>
      <symbol id="sm-1b7">
         <name>ConfigureUART</name>
         <value>0x1151</value>
         <object_component_ref idref="oc-127"/>
      </symbol>
      <symbol id="sm-1b8">
         <name>eIndex</name>
         <value>0x20001728</value>
         <object_component_ref idref="oc-b8"/>
      </symbol>
      <symbol id="sm-1b9">
         <name>lineLost</name>
         <value>0x200016e0</value>
         <object_component_ref idref="oc-b8"/>
      </symbol>
      <symbol id="sm-1ba">
         <name>mean</name>
         <value>0x200016e8</value>
         <object_component_ref idref="oc-b8"/>
      </symbol>
      <symbol id="sm-1bb">
         <name>configADC</name>
         <value>0xdf9</value>
         <object_component_ref idref="oc-12d"/>
      </symbol>
      <symbol id="sm-1bc">
         <name>ServoStall</name>
         <value>0x20001714</value>
         <object_component_ref idref="oc-b8"/>
      </symbol>
      <symbol id="sm-1bd">
         <name>setSpeed</name>
         <value>0x20001730</value>
         <object_component_ref idref="oc-b8"/>
      </symbol>
      <symbol id="sm-1be">
         <name>inc</name>
         <value>0x20001724</value>
         <object_component_ref idref="oc-b8"/>
      </symbol>
      <symbol id="sm-1bf">
         <name>threshold</name>
         <value>0x200016a8</value>
         <object_component_ref idref="oc-b8"/>
      </symbol>
      <symbol id="sm-1c0">
         <name>error2</name>
         <value>0x2000171c</value>
         <object_component_ref idref="oc-b8"/>
      </symbol>
      <symbol id="sm-1c1">
         <name>maxIndex2</name>
         <value>0x200016d0</value>
         <object_component_ref idref="oc-b8"/>
      </symbol>
      <symbol id="sm-1c2">
         <name>min</name>
         <value>0x200016f0</value>
         <object_component_ref idref="oc-b8"/>
      </symbol>
      <symbol id="sm-1c3">
         <name>numD</name>
         <value>0x20001740</value>
         <object_component_ref idref="oc-b8"/>
      </symbol>
      <symbol id="sm-1c4">
         <name>configPWM</name>
         <value>0x7a9</value>
         <object_component_ref idref="oc-139"/>
      </symbol>
      <symbol id="sm-1c5">
         <name>sum</name>
         <value>0x200016e4</value>
         <object_component_ref idref="oc-b8"/>
      </symbol>
      <symbol id="sm-1c6">
         <name>center</name>
         <value>0x2000175c</value>
         <object_component_ref idref="oc-b8"/>
      </symbol>
      <symbol id="sm-1c7">
         <name>cameraIndex</name>
         <value>0x200016dc</value>
         <object_component_ref idref="oc-b8"/>
      </symbol>
      <symbol id="sm-1c8">
         <name>confidence</name>
         <value>0x20001750</value>
         <object_component_ref idref="oc-b8"/>
      </symbol>
      <symbol id="sm-1c9">
         <name>lockLeft</name>
         <value>0x20001734</value>
         <object_component_ref idref="oc-b8"/>
      </symbol>
      <symbol id="sm-1ca">
         <name>meanIndex</name>
         <value>0x200016c4</value>
         <object_component_ref idref="oc-b8"/>
      </symbol>
      <symbol id="sm-1cb">
         <name>maxSpeed</name>
         <value>0x20001758</value>
         <object_component_ref idref="oc-b8"/>
      </symbol>
      <symbol id="sm-1cc">
         <name>count</name>
         <value>0x20001700</value>
         <object_component_ref idref="oc-b8"/>
      </symbol>
      <symbol id="sm-1cd">
         <name>minIndex</name>
         <value>0x200016c0</value>
         <object_component_ref idref="oc-b8"/>
      </symbol>
      <symbol id="sm-1ce">
         <name>Vpp</name>
         <value>0x200016fc</value>
         <object_component_ref idref="oc-b8"/>
      </symbol>
      <symbol id="sm-1cf">
         <name>cameraDiff</name>
         <value>0x2000174c</value>
         <object_component_ref idref="oc-b8"/>
      </symbol>
      <symbol id="sm-1d0">
         <name>ProportionalControl</name>
         <value>0x1521</value>
         <object_component_ref idref="oc-1e9"/>
      </symbol>
      <symbol id="sm-1d1">
         <name>lastError</name>
         <value>0x20001720</value>
         <object_component_ref idref="oc-b8"/>
      </symbol>
      <symbol id="sm-1d2">
         <name>adcHandler</name>
         <value>0xb65</value>
         <object_component_ref idref="oc-1ab"/>
      </symbol>
      <symbol id="sm-1d3">
         <name>pingFull2</name>
         <value>0x200016b4</value>
         <object_component_ref idref="oc-b8"/>
      </symbol>
      <symbol id="sm-1d4">
         <name>max</name>
         <value>0x200016ec</value>
         <object_component_ref idref="oc-b8"/>
      </symbol>
      <symbol id="sm-1d5">
         <name>Timer0IntHandler</name>
         <value>0x11b5</value>
         <object_component_ref idref="oc-49"/>
      </symbol>
      <symbol id="sm-1d6">
         <name>Timer1IntHandler</name>
         <value>0x1215</value>
         <object_component_ref idref="oc-4f"/>
      </symbol>
      <symbol id="sm-1d7">
         <name>DifferentialControl</name>
         <value>0xa4d</value>
         <object_component_ref idref="oc-1ef"/>
      </symbol>
      <symbol id="sm-1d8">
         <name>pingFull</name>
         <value>0x200016ac</value>
         <object_component_ref idref="oc-b8"/>
      </symbol>
      <symbol id="sm-20e">
         <name>ResetISR</name>
         <value>0x16f9</value>
         <object_component_ref idref="oc-2b"/>
      </symbol>
      <symbol id="sm-20f">
         <name>g_pfnVectors</name>
         <value>0x0</value>
         <object_component_ref idref="oc-f"/>
      </symbol>
      <symbol id="sm-26f">
         <name>ADCProcessorTrigger</name>
         <value>0x160b</value>
         <object_component_ref idref="oc-c1"/>
      </symbol>
      <symbol id="sm-270">
         <name>ADCSequenceEnable</name>
         <value>0x16bb</value>
         <object_component_ref idref="oc-193"/>
      </symbol>
      <symbol id="sm-271">
         <name>ADCSequenceConfigure</name>
         <value>0x12d5</value>
         <object_component_ref idref="oc-187"/>
      </symbol>
      <symbol id="sm-272">
         <name>ADCIntEnable</name>
         <value>0x169b</value>
         <object_component_ref idref="oc-19f"/>
      </symbol>
      <symbol id="sm-273">
         <name>ADCSequenceStepConfigure</name>
         <value>0xf19</value>
         <object_component_ref idref="oc-18d"/>
      </symbol>
      <symbol id="sm-274">
         <name>ADCIntClear</name>
         <value>0x16e3</value>
         <object_component_ref idref="oc-1a5"/>
      </symbol>
      <symbol id="sm-275">
         <name>ADCIntRegister</name>
         <value>0x15f3</value>
         <object_component_ref idref="oc-199"/>
      </symbol>
      <symbol id="sm-276">
         <name>ADCSequenceDataGet</name>
         <value>0x1599</value>
         <object_component_ref idref="oc-22f"/>
      </symbol>
      <symbol id="sm-285">
         <name>UARTClockSourceSet</name>
         <value>0x16ff</value>
         <object_component_ref idref="oc-174"/>
      </symbol>
      <symbol id="sm-2b6">
         <name>UARTStdioConfig</name>
         <value>0x1275</value>
         <object_component_ref idref="oc-17a"/>
      </symbol>
      <symbol id="sm-2f8">
         <name>GPIOPinTypePWM</name>
         <value>0x1665</value>
         <object_component_ref idref="oc-1bf"/>
      </symbol>
      <symbol id="sm-2f9">
         <name>GPIOPinConfigure</name>
         <value>0x1471</value>
         <object_component_ref idref="oc-1b9"/>
      </symbol>
      <symbol id="sm-2fa">
         <name>GPIOPinRead</name>
         <value>0x16ed</value>
         <object_component_ref idref="oc-af"/>
      </symbol>
      <symbol id="sm-2fb">
         <name>GPIODirModeSet</name>
         <value>0x154d</value>
         <object_component_ref idref="oc-23c"/>
      </symbol>
      <symbol id="sm-2fc">
         <name>GPIOPinWrite</name>
         <value>0x16f3</value>
         <object_component_ref idref="oc-a3"/>
      </symbol>
      <symbol id="sm-2fd">
         <name>GPIOPadConfigSet</name>
         <value>0x919</value>
         <object_component_ref idref="oc-242"/>
      </symbol>
      <symbol id="sm-336">
         <name>IntEnable</name>
         <value>0x10e9</value>
         <object_component_ref idref="oc-226"/>
      </symbol>
      <symbol id="sm-337">
         <name>IntRegister</name>
         <value>0x14b9</value>
         <object_component_ref idref="oc-220"/>
      </symbol>
      <symbol id="sm-338">
         <name>g_pfnRAMVectors</name>
         <value>0x20000000</value>
         <object_component_ref idref="oc-268"/>
      </symbol>
      <symbol id="sm-375">
         <name>PWMGenPeriodSet</name>
         <value>0x16ab</value>
         <object_component_ref idref="oc-1cb"/>
      </symbol>
      <symbol id="sm-376">
         <name>PWMPulseWidthSet</name>
         <value>0x15d5</value>
         <object_component_ref idref="oc-a9"/>
      </symbol>
      <symbol id="sm-377">
         <name>PWMGenPeriodGet</name>
         <value>0x1677</value>
         <object_component_ref idref="oc-1d1"/>
      </symbol>
      <symbol id="sm-378">
         <name>PWMOutputState</name>
         <value>0x1689</value>
         <object_component_ref idref="oc-1d7"/>
      </symbol>
      <symbol id="sm-379">
         <name>PWMGenEnable</name>
         <value>0x16d7</value>
         <object_component_ref idref="oc-1dd"/>
      </symbol>
      <symbol id="sm-37a">
         <name>PWMGenConfigure</name>
         <value>0x1577</value>
         <object_component_ref idref="oc-1c5"/>
      </symbol>
      <symbol id="sm-37b">
         <name>PWMPulseWidthGet</name>
         <value>0x15b7</value>
         <object_component_ref idref="oc-1f5"/>
      </symbol>
      <symbol id="sm-399">
         <name>SysCtlPeripheralEnable</name>
         <value>0x14ed</value>
         <object_component_ref idref="oc-181"/>
      </symbol>
      <symbol id="sm-39a">
         <name>SysCtlPWMClockSet</name>
         <value>0x163d</value>
         <object_component_ref idref="oc-1b3"/>
      </symbol>
      <symbol id="sm-3ac">
         <name>_c_int00</name>
         <value>0x132d</value>
         <object_component_ref idref="oc-24"/>
      </symbol>
      <symbol id="sm-3ad">
         <name>__stack</name>
         <value>0x20000ea8</value>
         <object_component_ref idref="oc-2a"/>
      </symbol>
      <symbol id="sm-3c4">
         <name>__TI_decompress_none</name>
         <value>0x16c9</value>
         <object_component_ref idref="oc-12"/>
      </symbol>
      <symbol id="sm-3ec">
         <name>__TI_decompress_rle24</name>
         <value>0x1705</value>
         <object_component_ref idref="oc-18"/>
      </symbol>
      <symbol id="sm-40e">
         <name>C$$EXIT</name>
         <value>0x1381</value>
         <object_component_ref idref="oc-95"/>
      </symbol>
      <symbol id="sm-40f">
         <name>abort</name>
         <value>0x1385</value>
         <object_component_ref idref="oc-95"/>
      </symbol>
      <symbol id="sm-410">
         <name>exit</name>
         <value>0x138d</value>
         <object_component_ref idref="oc-95"/>
      </symbol>
      <symbol id="sm-411">
         <name>__TI_dtors_ptr</name>
         <value>0x20001764</value>
         <object_component_ref idref="oc-fd"/>
      </symbol>
      <symbol id="sm-412">
         <name>__TI_cleanup_ptr</name>
         <value>0x20001760</value>
         <object_component_ref idref="oc-fd"/>
      </symbol>
      <symbol id="sm-413">
         <name>__TI_enable_exit_profile_output</name>
         <value>0x20001768</value>
         <object_component_ref idref="oc-fd"/>
      </symbol>
      <symbol id="sm-42e">
         <name>memcpy</name>
         <value>0xd5d</value>
         <object_component_ref idref="oc-58"/>
      </symbol>
      <symbol id="sm-42f">
         <name>__aeabi_memcpy</name>
         <value>0xd5d</value>
         <object_component_ref idref="oc-58"/>
      </symbol>
      <symbol id="sm-430">
         <name>__aeabi_memcpy8</name>
         <value>0xd5d</value>
         <object_component_ref idref="oc-58"/>
      </symbol>
      <symbol id="sm-431">
         <name>__aeabi_memcpy4</name>
         <value>0xd5d</value>
         <object_component_ref idref="oc-58"/>
      </symbol>
      <symbol id="sm-440">
         <name>__aeabi_memset</name>
         <value>0xf95</value>
         <object_component_ref idref="oc-71"/>
      </symbol>
      <symbol id="sm-441">
         <name>memset</name>
         <value>0xf9b</value>
         <object_component_ref idref="oc-71"/>
      </symbol>
      <symbol id="sm-442">
         <name>__aeabi_memset8</name>
         <value>0xf95</value>
         <object_component_ref idref="oc-71"/>
      </symbol>
      <symbol id="sm-443">
         <name>__aeabi_memset4</name>
         <value>0xf95</value>
         <object_component_ref idref="oc-71"/>
      </symbol>
      <symbol id="sm-444">
         <name>__aeabi_memclr8</name>
         <value>0xf93</value>
         <object_component_ref idref="oc-71"/>
      </symbol>
      <symbol id="sm-445">
         <name>__aeabi_memclr4</name>
         <value>0xf93</value>
         <object_component_ref idref="oc-71"/>
      </symbol>
      <symbol id="sm-446">
         <name>__aeabi_memclr</name>
         <value>0xf93</value>
         <object_component_ref idref="oc-71"/>
      </symbol>
      <symbol id="sm-450">
         <name>__mpu_init</name>
         <value>0x170f</value>
         <object_component_ref idref="oc-7d"/>
      </symbol>
      <symbol id="sm-45a">
         <name>_system_pre_init</name>
         <value>0x170b</value>
         <object_component_ref idref="oc-83"/>
      </symbol>
      <symbol id="sm-462">
         <name>main_func_sp</name>
         <value>0x2000177c</value>
         <object_component_ref idref="oc-9b"/>
      </symbol>
      <symbol id="sm-47c">
         <name>_nop</name>
         <value>0x165f</value>
         <object_component_ref idref="oc-15b"/>
      </symbol>
      <symbol id="sm-47d">
         <name>_lock</name>
         <value>0x2000176c</value>
         <object_component_ref idref="oc-100"/>
      </symbol>
      <symbol id="sm-47e">
         <name>_unlock</name>
         <value>0x20001770</value>
         <object_component_ref idref="oc-100"/>
      </symbol>
      <symbol id="sm-47f">
         <name>_register_lock</name>
         <value>0x1657</value>
         <object_component_ref idref="oc-15b"/>
      </symbol>
      <symbol id="sm-480">
         <name>_register_unlock</name>
         <value>0x1651</value>
         <object_component_ref idref="oc-15b"/>
      </symbol>
      <symbol id="sm-494">
         <name>_args_main</name>
         <value>0x1625</value>
         <object_component_ref idref="oc-8f"/>
      </symbol>
      <symbol id="sm-4b9">
         <name>__TI_auto_init</name>
         <value>0x100d</value>
         <object_component_ref idref="oc-89"/>
      </symbol>
      <symbol id="sm-4d3">
         <name>copy_in</name>
         <value>0x1425</value>
         <object_component_ref idref="oc-e7"/>
      </symbol>
      <symbol id="sm-4de">
         <name>_system_post_cinit</name>
         <value>0x1711</value>
         <object_component_ref idref="oc-ed"/>
      </symbol>
      <symbol id="sm-4df">
         <name>__TI_static_base__</name>
         <value>0x0</value>
      </symbol>
      <symbol id="sm-4e2">
         <name>SHT$$INIT_ARRAY$$Limit</name>
         <value>0x0</value>
      </symbol>
      <symbol id="sm-4e3">
         <name>SHT$$INIT_ARRAY$$Base</name>
         <value>0x0</value>
      </symbol>
   </symbol_table>
   <title>Link successful</title>
</link_info>
